
Discarded input sections

 .group         0x0000000000000000        0x8 string/lib_strncmp.c.o
 .group         0x0000000000000000        0x8 string/lib_strncmp.c.o
 .group         0x0000000000000000        0x8 string/lib_strncmp.c.o
 .group         0x0000000000000000        0x8 string/lib_strncmp.c.o
 .group         0x0000000000000000        0x8 string/lib_strncmp.c.o
 .group         0x0000000000000000        0x8 string/lib_strncmp.c.o
 .group         0x0000000000000000        0x8 string/lib_strncmp.c.o
 .group         0x0000000000000000        0x8 string/lib_strncmp.c.o
 .group         0x0000000000000000        0x8 string/lib_strncmp.c.o
 .group         0x0000000000000000        0x8 string/lib_strncmp.c.o
 .group         0x0000000000000000        0x8 string/lib_strncmp.c.o
 .group         0x0000000000000000        0x8 string/lib_strncmp.c.o
 .group         0x0000000000000000        0x8 string/lib_strncmp.c.o
 .group         0x0000000000000000        0x8 string/lib_strncmp.c.o
 .group         0x0000000000000000        0x8 string/lib_strncmp.c.o
 .group         0x0000000000000000        0x8 string/lib_strncmp.c.o
 .group         0x0000000000000000        0x8 string/lib_strncmp.c.o
 .group         0x0000000000000000        0x8 string/lib_strncmp.c.o
 .group         0x0000000000000000        0x8 string/lib_strncmp.c.o
 .group         0x0000000000000000        0x8 string/lib_strncmp.c.o
 .group         0x0000000000000000        0x8 string/lib_strncmp.c.o
 .group         0x0000000000000000        0x8 string/lib_strncmp.c.o
 .debug_macro   0x0000000000000000      0x8a4 string/lib_strncmp.c.o
 .debug_macro   0x0000000000000000       0x22 string/lib_strncmp.c.o
 .debug_macro   0x0000000000000000       0x22 string/lib_strncmp.c.o
 .debug_macro   0x0000000000000000       0x4c string/lib_strncmp.c.o
 .debug_macro   0x0000000000000000       0x8d string/lib_strncmp.c.o
 .debug_macro   0x0000000000000000       0x2e string/lib_strncmp.c.o
 .debug_macro   0x0000000000000000       0x9c string/lib_strncmp.c.o
 .debug_macro   0x0000000000000000       0x4a string/lib_strncmp.c.o
 .debug_macro   0x0000000000000000      0x16d string/lib_strncmp.c.o
 .debug_macro   0x0000000000000000      0x330 string/lib_strncmp.c.o
 .debug_macro   0x0000000000000000       0x10 string/lib_strncmp.c.o
 .debug_macro   0x0000000000000000       0x52 string/lib_strncmp.c.o
 .debug_macro   0x0000000000000000       0x1f string/lib_strncmp.c.o
 .debug_macro   0x0000000000000000       0x43 string/lib_strncmp.c.o
 .debug_macro   0x0000000000000000       0x20 string/lib_strncmp.c.o
 .debug_macro   0x0000000000000000       0x5e string/lib_strncmp.c.o
 .debug_macro   0x0000000000000000       0x1c string/lib_strncmp.c.o
 .debug_macro   0x0000000000000000       0x52 string/lib_strncmp.c.o
 .debug_macro   0x0000000000000000       0x40 string/lib_strncmp.c.o
 .debug_macro   0x0000000000000000       0x10 string/lib_strncmp.c.o
 .debug_macro   0x0000000000000000       0x40 string/lib_strncmp.c.o
 .debug_macro   0x0000000000000000       0xd7 string/lib_strncmp.c.o
 .group         0x0000000000000000        0x8 string/lib_strcmp.c.o
 .group         0x0000000000000000        0x8 string/lib_strcmp.c.o
 .group         0x0000000000000000        0x8 string/lib_strcmp.c.o
 .group         0x0000000000000000        0x8 string/lib_strcmp.c.o
 .group         0x0000000000000000        0x8 string/lib_strcmp.c.o
 .group         0x0000000000000000        0x8 string/lib_strcmp.c.o
 .group         0x0000000000000000        0x8 string/lib_strcmp.c.o
 .group         0x0000000000000000        0x8 string/lib_strcmp.c.o
 .group         0x0000000000000000        0x8 string/lib_strcmp.c.o
 .group         0x0000000000000000        0x8 string/lib_strcmp.c.o
 .group         0x0000000000000000        0x8 string/lib_strcmp.c.o
 .group         0x0000000000000000        0x8 string/lib_strcmp.c.o
 .group         0x0000000000000000        0x8 string/lib_strcmp.c.o
 .group         0x0000000000000000        0x8 string/lib_strcmp.c.o
 .group         0x0000000000000000        0x8 string/lib_strcmp.c.o
 .group         0x0000000000000000        0x8 string/lib_strcmp.c.o
 .group         0x0000000000000000        0x8 string/lib_strcmp.c.o
 .group         0x0000000000000000        0x8 string/lib_strcmp.c.o
 .debug_macro   0x0000000000000000      0x8a4 string/lib_strcmp.c.o
 .debug_macro   0x0000000000000000       0x22 string/lib_strcmp.c.o
 .debug_macro   0x0000000000000000       0x1c string/lib_strcmp.c.o
 .debug_macro   0x0000000000000000       0x22 string/lib_strcmp.c.o
 .debug_macro   0x0000000000000000       0x4c string/lib_strcmp.c.o
 .debug_macro   0x0000000000000000       0x8d string/lib_strcmp.c.o
 .debug_macro   0x0000000000000000       0x2e string/lib_strcmp.c.o
 .debug_macro   0x0000000000000000       0x9c string/lib_strcmp.c.o
 .debug_macro   0x0000000000000000      0x16d string/lib_strcmp.c.o
 .debug_macro   0x0000000000000000       0x4a string/lib_strcmp.c.o
 .debug_macro   0x0000000000000000       0x52 string/lib_strcmp.c.o
 .debug_macro   0x0000000000000000       0x1f string/lib_strcmp.c.o
 .debug_macro   0x0000000000000000       0x43 string/lib_strcmp.c.o
 .debug_macro   0x0000000000000000       0x20 string/lib_strcmp.c.o
 .debug_macro   0x0000000000000000      0x187 string/lib_strcmp.c.o
 .debug_macro   0x0000000000000000      0x330 string/lib_strcmp.c.o
 .debug_macro   0x0000000000000000       0x10 string/lib_strcmp.c.o
 .debug_macro   0x0000000000000000       0x35 string/lib_strcmp.c.o
 .group         0x0000000000000000        0x8 string/lib_memcpy.c.o
 .group         0x0000000000000000        0x8 string/lib_memcpy.c.o
 .group         0x0000000000000000        0x8 string/lib_memcpy.c.o
 .group         0x0000000000000000        0x8 string/lib_memcpy.c.o
 .group         0x0000000000000000        0x8 string/lib_memcpy.c.o
 .group         0x0000000000000000        0x8 string/lib_memcpy.c.o
 .group         0x0000000000000000        0x8 string/lib_memcpy.c.o
 .group         0x0000000000000000        0x8 string/lib_memcpy.c.o
 .group         0x0000000000000000        0x8 string/lib_memcpy.c.o
 .group         0x0000000000000000        0x8 string/lib_memcpy.c.o
 .group         0x0000000000000000        0x8 string/lib_memcpy.c.o
 .group         0x0000000000000000        0x8 string/lib_memcpy.c.o
 .group         0x0000000000000000        0x8 string/lib_memcpy.c.o
 .group         0x0000000000000000        0x8 string/lib_memcpy.c.o
 .group         0x0000000000000000        0x8 string/lib_memcpy.c.o
 .group         0x0000000000000000        0x8 string/lib_memcpy.c.o
 .group         0x0000000000000000        0x8 string/lib_memcpy.c.o
 .group         0x0000000000000000        0x8 string/lib_memcpy.c.o
 .group         0x0000000000000000        0x8 string/lib_memcpy.c.o
 .group         0x0000000000000000        0x8 string/lib_memcpy.c.o
 .group         0x0000000000000000        0x8 string/lib_memcpy.c.o
 .group         0x0000000000000000        0x8 string/lib_memcpy.c.o
 .group         0x0000000000000000        0x8 string/lib_memcpy.c.o
 .group         0x0000000000000000        0x8 string/lib_memcpy.c.o
 .group         0x0000000000000000        0x8 string/lib_memcpy.c.o
 .group         0x0000000000000000        0x8 string/lib_memcpy.c.o
 .debug_macro   0x0000000000000000      0x8a4 string/lib_memcpy.c.o
 .debug_macro   0x0000000000000000       0x22 string/lib_memcpy.c.o
 .debug_macro   0x0000000000000000       0x1c string/lib_memcpy.c.o
 .debug_macro   0x0000000000000000       0x22 string/lib_memcpy.c.o
 .debug_macro   0x0000000000000000       0x4c string/lib_memcpy.c.o
 .debug_macro   0x0000000000000000       0x8d string/lib_memcpy.c.o
 .debug_macro   0x0000000000000000       0x2e string/lib_memcpy.c.o
 .debug_macro   0x0000000000000000       0x9c string/lib_memcpy.c.o
 .debug_macro   0x0000000000000000       0x4a string/lib_memcpy.c.o
 .debug_macro   0x0000000000000000      0x16d string/lib_memcpy.c.o
 .debug_macro   0x0000000000000000      0x330 string/lib_memcpy.c.o
 .debug_macro   0x0000000000000000       0x10 string/lib_memcpy.c.o
 .debug_macro   0x0000000000000000       0x52 string/lib_memcpy.c.o
 .debug_macro   0x0000000000000000       0x1f string/lib_memcpy.c.o
 .debug_macro   0x0000000000000000       0x43 string/lib_memcpy.c.o
 .debug_macro   0x0000000000000000       0x20 string/lib_memcpy.c.o
 .debug_macro   0x0000000000000000       0x5e string/lib_memcpy.c.o
 .debug_macro   0x0000000000000000       0x1c string/lib_memcpy.c.o
 .debug_macro   0x0000000000000000       0x52 string/lib_memcpy.c.o
 .debug_macro   0x0000000000000000       0x40 string/lib_memcpy.c.o
 .debug_macro   0x0000000000000000       0x10 string/lib_memcpy.c.o
 .debug_macro   0x0000000000000000       0x40 string/lib_memcpy.c.o
 .debug_macro   0x0000000000000000       0xd7 string/lib_memcpy.c.o
 .debug_macro   0x0000000000000000      0x187 string/lib_memcpy.c.o
 .debug_macro   0x0000000000000000       0x10 string/lib_memcpy.c.o
 .debug_macro   0x0000000000000000       0x35 string/lib_memcpy.c.o
 .group         0x0000000000000000        0x8 string/lib_memset.c.o
 .group         0x0000000000000000        0x8 string/lib_memset.c.o
 .group         0x0000000000000000        0x8 string/lib_memset.c.o
 .group         0x0000000000000000        0x8 string/lib_memset.c.o
 .group         0x0000000000000000        0x8 string/lib_memset.c.o
 .group         0x0000000000000000        0x8 string/lib_memset.c.o
 .group         0x0000000000000000        0x8 string/lib_memset.c.o
 .group         0x0000000000000000        0x8 string/lib_memset.c.o
 .group         0x0000000000000000        0x8 string/lib_memset.c.o
 .group         0x0000000000000000        0x8 string/lib_memset.c.o
 .group         0x0000000000000000        0x8 string/lib_memset.c.o
 .group         0x0000000000000000        0x8 string/lib_memset.c.o
 .group         0x0000000000000000        0x8 string/lib_memset.c.o
 .group         0x0000000000000000        0x8 string/lib_memset.c.o
 .group         0x0000000000000000        0x8 string/lib_memset.c.o
 .group         0x0000000000000000        0x8 string/lib_memset.c.o
 .group         0x0000000000000000        0x8 string/lib_memset.c.o
 .group         0x0000000000000000        0x8 string/lib_memset.c.o
 .group         0x0000000000000000        0x8 string/lib_memset.c.o
 .group         0x0000000000000000        0x8 string/lib_memset.c.o
 .group         0x0000000000000000        0x8 string/lib_memset.c.o
 .group         0x0000000000000000        0x8 string/lib_memset.c.o
 .group         0x0000000000000000        0x8 string/lib_memset.c.o
 .group         0x0000000000000000        0x8 string/lib_memset.c.o
 .group         0x0000000000000000        0x8 string/lib_memset.c.o
 .group         0x0000000000000000        0x8 string/lib_memset.c.o
 .debug_macro   0x0000000000000000      0x8a4 string/lib_memset.c.o
 .debug_macro   0x0000000000000000       0x22 string/lib_memset.c.o
 .debug_macro   0x0000000000000000       0x1c string/lib_memset.c.o
 .debug_macro   0x0000000000000000       0x22 string/lib_memset.c.o
 .debug_macro   0x0000000000000000       0x4c string/lib_memset.c.o
 .debug_macro   0x0000000000000000       0x8d string/lib_memset.c.o
 .debug_macro   0x0000000000000000       0x2e string/lib_memset.c.o
 .debug_macro   0x0000000000000000       0x9c string/lib_memset.c.o
 .debug_macro   0x0000000000000000       0x4a string/lib_memset.c.o
 .debug_macro   0x0000000000000000      0x16d string/lib_memset.c.o
 .debug_macro   0x0000000000000000      0x330 string/lib_memset.c.o
 .debug_macro   0x0000000000000000       0x10 string/lib_memset.c.o
 .debug_macro   0x0000000000000000       0x52 string/lib_memset.c.o
 .debug_macro   0x0000000000000000       0x1f string/lib_memset.c.o
 .debug_macro   0x0000000000000000       0x43 string/lib_memset.c.o
 .debug_macro   0x0000000000000000       0x20 string/lib_memset.c.o
 .debug_macro   0x0000000000000000       0x5e string/lib_memset.c.o
 .debug_macro   0x0000000000000000       0x1c string/lib_memset.c.o
 .debug_macro   0x0000000000000000       0x52 string/lib_memset.c.o
 .debug_macro   0x0000000000000000       0x40 string/lib_memset.c.o
 .debug_macro   0x0000000000000000       0x10 string/lib_memset.c.o
 .debug_macro   0x0000000000000000       0x40 string/lib_memset.c.o
 .debug_macro   0x0000000000000000       0xd7 string/lib_memset.c.o
 .debug_macro   0x0000000000000000      0x187 string/lib_memset.c.o
 .debug_macro   0x0000000000000000       0x10 string/lib_memset.c.o
 .debug_macro   0x0000000000000000       0x35 string/lib_memset.c.o
 .group         0x0000000000000000        0x8 string/lib_strcpy.c.o
 .group         0x0000000000000000        0x8 string/lib_strcpy.c.o
 .group         0x0000000000000000        0x8 string/lib_strcpy.c.o
 .group         0x0000000000000000        0x8 string/lib_strcpy.c.o
 .group         0x0000000000000000        0x8 string/lib_strcpy.c.o
 .group         0x0000000000000000        0x8 string/lib_strcpy.c.o
 .group         0x0000000000000000        0x8 string/lib_strcpy.c.o
 .group         0x0000000000000000        0x8 string/lib_strcpy.c.o
 .group         0x0000000000000000        0x8 string/lib_strcpy.c.o
 .group         0x0000000000000000        0x8 string/lib_strcpy.c.o
 .group         0x0000000000000000        0x8 string/lib_strcpy.c.o
 .group         0x0000000000000000        0x8 string/lib_strcpy.c.o
 .group         0x0000000000000000        0x8 string/lib_strcpy.c.o
 .group         0x0000000000000000        0x8 string/lib_strcpy.c.o
 .group         0x0000000000000000        0x8 string/lib_strcpy.c.o
 .group         0x0000000000000000        0x8 string/lib_strcpy.c.o
 .group         0x0000000000000000        0x8 string/lib_strcpy.c.o
 .group         0x0000000000000000        0x8 string/lib_strcpy.c.o
 .debug_macro   0x0000000000000000      0x8a4 string/lib_strcpy.c.o
 .debug_macro   0x0000000000000000       0x22 string/lib_strcpy.c.o
 .debug_macro   0x0000000000000000       0x1c string/lib_strcpy.c.o
 .debug_macro   0x0000000000000000       0x22 string/lib_strcpy.c.o
 .debug_macro   0x0000000000000000       0x4c string/lib_strcpy.c.o
 .debug_macro   0x0000000000000000       0x8d string/lib_strcpy.c.o
 .debug_macro   0x0000000000000000       0x2e string/lib_strcpy.c.o
 .debug_macro   0x0000000000000000       0x9c string/lib_strcpy.c.o
 .debug_macro   0x0000000000000000      0x16d string/lib_strcpy.c.o
 .debug_macro   0x0000000000000000       0x4a string/lib_strcpy.c.o
 .debug_macro   0x0000000000000000       0x52 string/lib_strcpy.c.o
 .debug_macro   0x0000000000000000       0x1f string/lib_strcpy.c.o
 .debug_macro   0x0000000000000000       0x43 string/lib_strcpy.c.o
 .debug_macro   0x0000000000000000       0x20 string/lib_strcpy.c.o
 .debug_macro   0x0000000000000000      0x187 string/lib_strcpy.c.o
 .debug_macro   0x0000000000000000      0x330 string/lib_strcpy.c.o
 .debug_macro   0x0000000000000000       0x10 string/lib_strcpy.c.o
 .debug_macro   0x0000000000000000       0x35 string/lib_strcpy.c.o
 .group         0x0000000000000000        0x8 string/lib_strncpy.c.o
 .group         0x0000000000000000        0x8 string/lib_strncpy.c.o
 .group         0x0000000000000000        0x8 string/lib_strncpy.c.o
 .group         0x0000000000000000        0x8 string/lib_strncpy.c.o
 .group         0x0000000000000000        0x8 string/lib_strncpy.c.o
 .group         0x0000000000000000        0x8 string/lib_strncpy.c.o
 .group         0x0000000000000000        0x8 string/lib_strncpy.c.o
 .group         0x0000000000000000        0x8 string/lib_strncpy.c.o
 .group         0x0000000000000000        0x8 string/lib_strncpy.c.o
 .group         0x0000000000000000        0x8 string/lib_strncpy.c.o
 .group         0x0000000000000000        0x8 string/lib_strncpy.c.o
 .group         0x0000000000000000        0x8 string/lib_strncpy.c.o
 .group         0x0000000000000000        0x8 string/lib_strncpy.c.o
 .group         0x0000000000000000        0x8 string/lib_strncpy.c.o
 .group         0x0000000000000000        0x8 string/lib_strncpy.c.o
 .group         0x0000000000000000        0x8 string/lib_strncpy.c.o
 .group         0x0000000000000000        0x8 string/lib_strncpy.c.o
 .group         0x0000000000000000        0x8 string/lib_strncpy.c.o
 .group         0x0000000000000000        0x8 string/lib_strncpy.c.o
 .group         0x0000000000000000        0x8 string/lib_strncpy.c.o
 .group         0x0000000000000000        0x8 string/lib_strncpy.c.o
 .group         0x0000000000000000        0x8 string/lib_strncpy.c.o
 .group         0x0000000000000000        0x8 string/lib_strncpy.c.o
 .group         0x0000000000000000        0x8 string/lib_strncpy.c.o
 .group         0x0000000000000000        0x8 string/lib_strncpy.c.o
 .group         0x0000000000000000        0x8 string/lib_strncpy.c.o
 .debug_macro   0x0000000000000000      0x8a4 string/lib_strncpy.c.o
 .debug_macro   0x0000000000000000       0x22 string/lib_strncpy.c.o
 .debug_macro   0x0000000000000000       0x1c string/lib_strncpy.c.o
 .debug_macro   0x0000000000000000       0x22 string/lib_strncpy.c.o
 .debug_macro   0x0000000000000000       0x4c string/lib_strncpy.c.o
 .debug_macro   0x0000000000000000       0x8d string/lib_strncpy.c.o
 .debug_macro   0x0000000000000000       0x2e string/lib_strncpy.c.o
 .debug_macro   0x0000000000000000       0x9c string/lib_strncpy.c.o
 .debug_macro   0x0000000000000000       0x4a string/lib_strncpy.c.o
 .debug_macro   0x0000000000000000      0x16d string/lib_strncpy.c.o
 .debug_macro   0x0000000000000000      0x330 string/lib_strncpy.c.o
 .debug_macro   0x0000000000000000       0x10 string/lib_strncpy.c.o
 .debug_macro   0x0000000000000000       0x52 string/lib_strncpy.c.o
 .debug_macro   0x0000000000000000       0x1f string/lib_strncpy.c.o
 .debug_macro   0x0000000000000000       0x43 string/lib_strncpy.c.o
 .debug_macro   0x0000000000000000       0x20 string/lib_strncpy.c.o
 .debug_macro   0x0000000000000000       0x5e string/lib_strncpy.c.o
 .debug_macro   0x0000000000000000       0x1c string/lib_strncpy.c.o
 .debug_macro   0x0000000000000000       0x52 string/lib_strncpy.c.o
 .debug_macro   0x0000000000000000       0x40 string/lib_strncpy.c.o
 .debug_macro   0x0000000000000000       0x10 string/lib_strncpy.c.o
 .debug_macro   0x0000000000000000       0x40 string/lib_strncpy.c.o
 .debug_macro   0x0000000000000000       0xd7 string/lib_strncpy.c.o
 .debug_macro   0x0000000000000000      0x187 string/lib_strncpy.c.o
 .debug_macro   0x0000000000000000       0x10 string/lib_strncpy.c.o
 .debug_macro   0x0000000000000000       0x35 string/lib_strncpy.c.o
 .group         0x0000000000000000        0x8 string/lib_strlen.c.o
 .group         0x0000000000000000        0x8 string/lib_strlen.c.o
 .group         0x0000000000000000        0x8 string/lib_strlen.c.o
 .group         0x0000000000000000        0x8 string/lib_strlen.c.o
 .group         0x0000000000000000        0x8 string/lib_strlen.c.o
 .group         0x0000000000000000        0x8 string/lib_strlen.c.o
 .group         0x0000000000000000        0x8 string/lib_strlen.c.o
 .group         0x0000000000000000        0x8 string/lib_strlen.c.o
 .group         0x0000000000000000        0x8 string/lib_strlen.c.o
 .group         0x0000000000000000        0x8 string/lib_strlen.c.o
 .group         0x0000000000000000        0x8 string/lib_strlen.c.o
 .group         0x0000000000000000        0x8 string/lib_strlen.c.o
 .group         0x0000000000000000        0x8 string/lib_strlen.c.o
 .group         0x0000000000000000        0x8 string/lib_strlen.c.o
 .group         0x0000000000000000        0x8 string/lib_strlen.c.o
 .group         0x0000000000000000        0x8 string/lib_strlen.c.o
 .group         0x0000000000000000        0x8 string/lib_strlen.c.o
 .group         0x0000000000000000        0x8 string/lib_strlen.c.o
 .group         0x0000000000000000        0x8 string/lib_strlen.c.o
 .group         0x0000000000000000        0x8 string/lib_strlen.c.o
 .group         0x0000000000000000        0x8 string/lib_strlen.c.o
 .group         0x0000000000000000        0x8 string/lib_strlen.c.o
 .group         0x0000000000000000        0x8 string/lib_strlen.c.o
 .group         0x0000000000000000        0x8 string/lib_strlen.c.o
 .group         0x0000000000000000        0x8 string/lib_strlen.c.o
 .group         0x0000000000000000        0x8 string/lib_strlen.c.o
 .debug_macro   0x0000000000000000      0x8a4 string/lib_strlen.c.o
 .debug_macro   0x0000000000000000       0x22 string/lib_strlen.c.o
 .debug_macro   0x0000000000000000       0x1c string/lib_strlen.c.o
 .debug_macro   0x0000000000000000       0x22 string/lib_strlen.c.o
 .debug_macro   0x0000000000000000       0x4c string/lib_strlen.c.o
 .debug_macro   0x0000000000000000       0x8d string/lib_strlen.c.o
 .debug_macro   0x0000000000000000       0x2e string/lib_strlen.c.o
 .debug_macro   0x0000000000000000       0x9c string/lib_strlen.c.o
 .debug_macro   0x0000000000000000       0x4a string/lib_strlen.c.o
 .debug_macro   0x0000000000000000      0x16d string/lib_strlen.c.o
 .debug_macro   0x0000000000000000      0x330 string/lib_strlen.c.o
 .debug_macro   0x0000000000000000       0x10 string/lib_strlen.c.o
 .debug_macro   0x0000000000000000       0x52 string/lib_strlen.c.o
 .debug_macro   0x0000000000000000       0x1f string/lib_strlen.c.o
 .debug_macro   0x0000000000000000       0x43 string/lib_strlen.c.o
 .debug_macro   0x0000000000000000       0x20 string/lib_strlen.c.o
 .debug_macro   0x0000000000000000       0x5e string/lib_strlen.c.o
 .debug_macro   0x0000000000000000       0x1c string/lib_strlen.c.o
 .debug_macro   0x0000000000000000       0x52 string/lib_strlen.c.o
 .debug_macro   0x0000000000000000       0x40 string/lib_strlen.c.o
 .debug_macro   0x0000000000000000       0x10 string/lib_strlen.c.o
 .debug_macro   0x0000000000000000       0x40 string/lib_strlen.c.o
 .debug_macro   0x0000000000000000       0xd7 string/lib_strlen.c.o
 .debug_macro   0x0000000000000000      0x187 string/lib_strlen.c.o
 .debug_macro   0x0000000000000000       0x10 string/lib_strlen.c.o
 .debug_macro   0x0000000000000000       0x35 string/lib_strlen.c.o
 .group         0x0000000000000000        0x8 string/lib_strncat.c.o
 .group         0x0000000000000000        0x8 string/lib_strncat.c.o
 .group         0x0000000000000000        0x8 string/lib_strncat.c.o
 .group         0x0000000000000000        0x8 string/lib_strncat.c.o
 .group         0x0000000000000000        0x8 string/lib_strncat.c.o
 .group         0x0000000000000000        0x8 string/lib_strncat.c.o
 .group         0x0000000000000000        0x8 string/lib_strncat.c.o
 .group         0x0000000000000000        0x8 string/lib_strncat.c.o
 .group         0x0000000000000000        0x8 string/lib_strncat.c.o
 .group         0x0000000000000000        0x8 string/lib_strncat.c.o
 .group         0x0000000000000000        0x8 string/lib_strncat.c.o
 .group         0x0000000000000000        0x8 string/lib_strncat.c.o
 .group         0x0000000000000000        0x8 string/lib_strncat.c.o
 .group         0x0000000000000000        0x8 string/lib_strncat.c.o
 .group         0x0000000000000000        0x8 string/lib_strncat.c.o
 .group         0x0000000000000000        0x8 string/lib_strncat.c.o
 .group         0x0000000000000000        0x8 string/lib_strncat.c.o
 .group         0x0000000000000000        0x8 string/lib_strncat.c.o
 .group         0x0000000000000000        0x8 string/lib_strncat.c.o
 .group         0x0000000000000000        0x8 string/lib_strncat.c.o
 .group         0x0000000000000000        0x8 string/lib_strncat.c.o
 .group         0x0000000000000000        0x8 string/lib_strncat.c.o
 .group         0x0000000000000000        0x8 string/lib_strncat.c.o
 .group         0x0000000000000000        0x8 string/lib_strncat.c.o
 .group         0x0000000000000000        0x8 string/lib_strncat.c.o
 .group         0x0000000000000000        0x8 string/lib_strncat.c.o
 .debug_macro   0x0000000000000000      0x8a4 string/lib_strncat.c.o
 .debug_macro   0x0000000000000000       0x22 string/lib_strncat.c.o
 .debug_macro   0x0000000000000000       0x1c string/lib_strncat.c.o
 .debug_macro   0x0000000000000000       0x22 string/lib_strncat.c.o
 .debug_macro   0x0000000000000000       0x4c string/lib_strncat.c.o
 .debug_macro   0x0000000000000000       0x8d string/lib_strncat.c.o
 .debug_macro   0x0000000000000000       0x2e string/lib_strncat.c.o
 .debug_macro   0x0000000000000000       0x9c string/lib_strncat.c.o
 .debug_macro   0x0000000000000000       0x4a string/lib_strncat.c.o
 .debug_macro   0x0000000000000000      0x16d string/lib_strncat.c.o
 .debug_macro   0x0000000000000000      0x330 string/lib_strncat.c.o
 .debug_macro   0x0000000000000000       0x10 string/lib_strncat.c.o
 .debug_macro   0x0000000000000000       0x52 string/lib_strncat.c.o
 .debug_macro   0x0000000000000000       0x1f string/lib_strncat.c.o
 .debug_macro   0x0000000000000000       0x43 string/lib_strncat.c.o
 .debug_macro   0x0000000000000000       0x20 string/lib_strncat.c.o
 .debug_macro   0x0000000000000000       0x5e string/lib_strncat.c.o
 .debug_macro   0x0000000000000000       0x1c string/lib_strncat.c.o
 .debug_macro   0x0000000000000000       0x52 string/lib_strncat.c.o
 .debug_macro   0x0000000000000000       0x40 string/lib_strncat.c.o
 .debug_macro   0x0000000000000000       0x10 string/lib_strncat.c.o
 .debug_macro   0x0000000000000000       0x40 string/lib_strncat.c.o
 .debug_macro   0x0000000000000000       0xd7 string/lib_strncat.c.o
 .debug_macro   0x0000000000000000      0x187 string/lib_strncat.c.o
 .debug_macro   0x0000000000000000       0x10 string/lib_strncat.c.o
 .debug_macro   0x0000000000000000       0x35 string/lib_strncat.c.o
 .group         0x0000000000000000        0x8 string/lib_skipspace.c.o
 .group         0x0000000000000000        0x8 string/lib_skipspace.c.o
 .group         0x0000000000000000        0x8 string/lib_skipspace.c.o
 .group         0x0000000000000000        0x8 string/lib_skipspace.c.o
 .group         0x0000000000000000        0x8 string/lib_skipspace.c.o
 .group         0x0000000000000000        0x8 string/lib_skipspace.c.o
 .group         0x0000000000000000        0x8 string/lib_skipspace.c.o
 .group         0x0000000000000000        0x8 string/lib_skipspace.c.o
 .group         0x0000000000000000        0x8 string/lib_skipspace.c.o
 .group         0x0000000000000000        0x8 string/lib_skipspace.c.o
 .group         0x0000000000000000        0x8 string/lib_skipspace.c.o
 .group         0x0000000000000000        0x8 string/lib_skipspace.c.o
 .group         0x0000000000000000        0x8 string/lib_skipspace.c.o
 .group         0x0000000000000000        0x8 string/lib_skipspace.c.o
 .group         0x0000000000000000        0x8 string/lib_skipspace.c.o
 .group         0x0000000000000000        0x8 string/lib_skipspace.c.o
 .group         0x0000000000000000        0x8 string/lib_skipspace.c.o
 .group         0x0000000000000000        0x8 string/lib_skipspace.c.o
 .group         0x0000000000000000        0x8 string/lib_skipspace.c.o
 .group         0x0000000000000000        0x8 string/lib_skipspace.c.o
 .group         0x0000000000000000        0x8 string/lib_skipspace.c.o
 .group         0x0000000000000000        0x8 string/lib_skipspace.c.o
 .group         0x0000000000000000        0x8 string/lib_skipspace.c.o
 .group         0x0000000000000000        0x8 string/lib_skipspace.c.o
 .group         0x0000000000000000        0x8 string/lib_skipspace.c.o
 .group         0x0000000000000000        0x8 string/lib_skipspace.c.o
 .debug_macro   0x0000000000000000      0x8a4 string/lib_skipspace.c.o
 .debug_macro   0x0000000000000000       0x22 string/lib_skipspace.c.o
 .debug_macro   0x0000000000000000       0x1c string/lib_skipspace.c.o
 .debug_macro   0x0000000000000000       0x22 string/lib_skipspace.c.o
 .debug_macro   0x0000000000000000       0x4c string/lib_skipspace.c.o
 .debug_macro   0x0000000000000000       0x8d string/lib_skipspace.c.o
 .debug_macro   0x0000000000000000       0x2e string/lib_skipspace.c.o
 .debug_macro   0x0000000000000000       0x9c string/lib_skipspace.c.o
 .debug_macro   0x0000000000000000      0x16d string/lib_skipspace.c.o
 .debug_macro   0x0000000000000000       0x4a string/lib_skipspace.c.o
 .debug_macro   0x0000000000000000       0x52 string/lib_skipspace.c.o
 .debug_macro   0x0000000000000000       0x1f string/lib_skipspace.c.o
 .debug_macro   0x0000000000000000       0x43 string/lib_skipspace.c.o
 .debug_macro   0x0000000000000000       0x20 string/lib_skipspace.c.o
 .debug_macro   0x0000000000000000      0x187 string/lib_skipspace.c.o
 .debug_macro   0x0000000000000000      0x330 string/lib_skipspace.c.o
 .debug_macro   0x0000000000000000       0x10 string/lib_skipspace.c.o
 .debug_macro   0x0000000000000000       0x35 string/lib_skipspace.c.o
 .debug_macro   0x0000000000000000       0x10 string/lib_skipspace.c.o
 .debug_macro   0x0000000000000000       0x5e string/lib_skipspace.c.o
 .debug_macro   0x0000000000000000       0x1c string/lib_skipspace.c.o
 .debug_macro   0x0000000000000000       0x52 string/lib_skipspace.c.o
 .debug_macro   0x0000000000000000       0x40 string/lib_skipspace.c.o
 .debug_macro   0x0000000000000000       0x10 string/lib_skipspace.c.o
 .debug_macro   0x0000000000000000       0x40 string/lib_skipspace.c.o
 .debug_macro   0x0000000000000000       0xd7 string/lib_skipspace.c.o
 .group         0x0000000000000000        0x8 string/lib_isbasedigit.c.o
 .group         0x0000000000000000        0x8 string/lib_isbasedigit.c.o
 .group         0x0000000000000000        0x8 string/lib_isbasedigit.c.o
 .group         0x0000000000000000        0x8 string/lib_isbasedigit.c.o
 .group         0x0000000000000000        0x8 string/lib_isbasedigit.c.o
 .group         0x0000000000000000        0x8 string/lib_isbasedigit.c.o
 .group         0x0000000000000000        0x8 string/lib_isbasedigit.c.o
 .group         0x0000000000000000        0x8 string/lib_isbasedigit.c.o
 .group         0x0000000000000000        0x8 string/lib_isbasedigit.c.o
 .group         0x0000000000000000        0x8 string/lib_isbasedigit.c.o
 .group         0x0000000000000000        0x8 string/lib_isbasedigit.c.o
 .group         0x0000000000000000        0x8 string/lib_isbasedigit.c.o
 .group         0x0000000000000000        0x8 string/lib_isbasedigit.c.o
 .group         0x0000000000000000        0x8 string/lib_isbasedigit.c.o
 .group         0x0000000000000000        0x8 string/lib_isbasedigit.c.o
 .group         0x0000000000000000        0x8 string/lib_isbasedigit.c.o
 .group         0x0000000000000000        0x8 string/lib_isbasedigit.c.o
 .group         0x0000000000000000        0x8 string/lib_isbasedigit.c.o
 .group         0x0000000000000000        0x8 string/lib_isbasedigit.c.o
 .group         0x0000000000000000        0x8 string/lib_isbasedigit.c.o
 .group         0x0000000000000000        0x8 string/lib_isbasedigit.c.o
 .group         0x0000000000000000        0x8 string/lib_isbasedigit.c.o
 .group         0x0000000000000000        0x8 string/lib_isbasedigit.c.o
 .group         0x0000000000000000        0x8 string/lib_isbasedigit.c.o
 .group         0x0000000000000000        0x8 string/lib_isbasedigit.c.o
 .group         0x0000000000000000        0x8 string/lib_isbasedigit.c.o
 .group         0x0000000000000000        0x8 string/lib_isbasedigit.c.o
 .group         0x0000000000000000        0x8 string/lib_isbasedigit.c.o
 .group         0x0000000000000000        0x8 string/lib_isbasedigit.c.o
 .group         0x0000000000000000        0x8 string/lib_isbasedigit.c.o
 .group         0x0000000000000000        0x8 string/lib_isbasedigit.c.o
 .group         0x0000000000000000        0x8 string/lib_isbasedigit.c.o
 .group         0x0000000000000000        0x8 string/lib_isbasedigit.c.o
 .group         0x0000000000000000        0x8 string/lib_isbasedigit.c.o
 .group         0x0000000000000000        0x8 string/lib_isbasedigit.c.o
 .group         0x0000000000000000        0x8 string/lib_isbasedigit.c.o
 .group         0x0000000000000000        0x8 string/lib_isbasedigit.c.o
 .group         0x0000000000000000        0x8 string/lib_isbasedigit.c.o
 .group         0x0000000000000000        0x8 string/lib_isbasedigit.c.o
 .debug_macro   0x0000000000000000      0x8a4 string/lib_isbasedigit.c.o
 .debug_macro   0x0000000000000000       0x22 string/lib_isbasedigit.c.o
 .debug_macro   0x0000000000000000       0x1c string/lib_isbasedigit.c.o
 .debug_macro   0x0000000000000000       0x22 string/lib_isbasedigit.c.o
 .debug_macro   0x0000000000000000       0x22 string/lib_isbasedigit.c.o
 .debug_macro   0x0000000000000000       0x4c string/lib_isbasedigit.c.o
 .debug_macro   0x0000000000000000       0x8d string/lib_isbasedigit.c.o
 .debug_macro   0x0000000000000000       0x2e string/lib_isbasedigit.c.o
 .debug_macro   0x0000000000000000       0x9c string/lib_isbasedigit.c.o
 .debug_macro   0x0000000000000000      0x16d string/lib_isbasedigit.c.o
 .debug_macro   0x0000000000000000       0x4a string/lib_isbasedigit.c.o
 .debug_macro   0x0000000000000000       0x52 string/lib_isbasedigit.c.o
 .debug_macro   0x0000000000000000       0x1f string/lib_isbasedigit.c.o
 .debug_macro   0x0000000000000000       0x43 string/lib_isbasedigit.c.o
 .debug_macro   0x0000000000000000       0x20 string/lib_isbasedigit.c.o
 .debug_macro   0x0000000000000000      0x187 string/lib_isbasedigit.c.o
 .debug_macro   0x0000000000000000      0x330 string/lib_isbasedigit.c.o
 .debug_macro   0x0000000000000000       0x10 string/lib_isbasedigit.c.o
 .debug_macro   0x0000000000000000       0x35 string/lib_isbasedigit.c.o
 .debug_macro   0x0000000000000000       0x10 string/lib_isbasedigit.c.o
 .debug_macro   0x0000000000000000       0x5e string/lib_isbasedigit.c.o
 .debug_macro   0x0000000000000000       0x1c string/lib_isbasedigit.c.o
 .debug_macro   0x0000000000000000       0x52 string/lib_isbasedigit.c.o
 .debug_macro   0x0000000000000000       0x40 string/lib_isbasedigit.c.o
 .debug_macro   0x0000000000000000       0x10 string/lib_isbasedigit.c.o
 .debug_macro   0x0000000000000000       0x40 string/lib_isbasedigit.c.o
 .debug_macro   0x0000000000000000       0xd7 string/lib_isbasedigit.c.o
 .debug_macro   0x0000000000000000       0x1c string/lib_isbasedigit.c.o
 .debug_macro   0x0000000000000000       0x10 string/lib_isbasedigit.c.o
 .debug_macro   0x0000000000000000       0x10 string/lib_isbasedigit.c.o
 .debug_macro   0x0000000000000000       0x16 string/lib_isbasedigit.c.o
 .debug_macro   0x0000000000000000      0x18b string/lib_isbasedigit.c.o
 .debug_macro   0x0000000000000000       0x2b string/lib_isbasedigit.c.o
 .debug_macro   0x0000000000000000      0x118 string/lib_isbasedigit.c.o
 .debug_macro   0x0000000000000000       0x1c string/lib_isbasedigit.c.o
 .debug_macro   0x0000000000000000       0x16 string/lib_isbasedigit.c.o
 .debug_macro   0x0000000000000000       0x16 string/lib_isbasedigit.c.o
 .debug_macro   0x0000000000000000       0x29 string/lib_isbasedigit.c.o
 .debug_macro   0x0000000000000000       0x4f string/lib_isbasedigit.c.o
 .group         0x0000000000000000        0x8 stdio/lib_printf.c.o
 .group         0x0000000000000000        0x8 stdio/lib_printf.c.o
 .group         0x0000000000000000        0x8 stdio/lib_printf.c.o
 .group         0x0000000000000000        0x8 stdio/lib_printf.c.o
 .group         0x0000000000000000        0x8 stdio/lib_printf.c.o
 .group         0x0000000000000000        0x8 stdio/lib_printf.c.o
 .group         0x0000000000000000        0x8 stdio/lib_printf.c.o
 .group         0x0000000000000000        0x8 stdio/lib_printf.c.o
 .group         0x0000000000000000        0x8 stdio/lib_printf.c.o
 .group         0x0000000000000000        0x8 stdio/lib_printf.c.o
 .group         0x0000000000000000        0x8 stdio/lib_printf.c.o
 .group         0x0000000000000000        0x8 stdio/lib_printf.c.o
 .group         0x0000000000000000        0x8 stdio/lib_printf.c.o
 .group         0x0000000000000000        0x8 stdio/lib_printf.c.o
 .group         0x0000000000000000        0x8 stdio/lib_printf.c.o
 .group         0x0000000000000000        0x8 stdio/lib_printf.c.o
 .group         0x0000000000000000        0x8 stdio/lib_printf.c.o
 .group         0x0000000000000000        0x8 stdio/lib_printf.c.o
 .group         0x0000000000000000        0x8 stdio/lib_printf.c.o
 .group         0x0000000000000000        0x8 stdio/lib_printf.c.o
 .group         0x0000000000000000        0x8 stdio/lib_printf.c.o
 .group         0x0000000000000000        0x8 stdio/lib_printf.c.o
 .group         0x0000000000000000        0x8 stdio/lib_printf.c.o
 .group         0x0000000000000000        0x8 stdio/lib_printf.c.o
 .group         0x0000000000000000        0x8 stdio/lib_printf.c.o
 .group         0x0000000000000000        0x8 stdio/lib_printf.c.o
 .group         0x0000000000000000        0x8 stdio/lib_printf.c.o
 .group         0x0000000000000000        0x8 stdio/lib_printf.c.o
 .group         0x0000000000000000        0x8 stdio/lib_printf.c.o
 .group         0x0000000000000000        0x8 stdio/lib_printf.c.o
 .group         0x0000000000000000        0x8 stdio/lib_printf.c.o
 .group         0x0000000000000000        0x8 stdio/lib_printf.c.o
 .group         0x0000000000000000        0x8 stdio/lib_printf.c.o
 .group         0x0000000000000000        0x8 stdio/lib_printf.c.o
 .group         0x0000000000000000        0x8 stdio/lib_printf.c.o
 .group         0x0000000000000000        0x8 stdio/lib_printf.c.o
 .group         0x0000000000000000        0x8 stdio/lib_printf.c.o
 .debug_macro   0x0000000000000000      0x8a4 stdio/lib_printf.c.o
 .debug_macro   0x0000000000000000       0x22 stdio/lib_printf.c.o
 .debug_macro   0x0000000000000000       0x22 stdio/lib_printf.c.o
 .debug_macro   0x0000000000000000       0x4c stdio/lib_printf.c.o
 .debug_macro   0x0000000000000000       0x8d stdio/lib_printf.c.o
 .debug_macro   0x0000000000000000       0x2e stdio/lib_printf.c.o
 .debug_macro   0x0000000000000000       0x9c stdio/lib_printf.c.o
 .debug_macro   0x0000000000000000       0x4a stdio/lib_printf.c.o
 .debug_macro   0x0000000000000000      0x330 stdio/lib_printf.c.o
 .debug_macro   0x0000000000000000       0x10 stdio/lib_printf.c.o
 .debug_macro   0x0000000000000000       0x52 stdio/lib_printf.c.o
 .debug_macro   0x0000000000000000       0x1f stdio/lib_printf.c.o
 .debug_macro   0x0000000000000000       0x43 stdio/lib_printf.c.o
 .debug_macro   0x0000000000000000       0x20 stdio/lib_printf.c.o
 .debug_macro   0x0000000000000000      0x187 stdio/lib_printf.c.o
 .debug_macro   0x0000000000000000       0x10 stdio/lib_printf.c.o
 .debug_macro   0x0000000000000000       0x5e stdio/lib_printf.c.o
 .debug_macro   0x0000000000000000       0x1c stdio/lib_printf.c.o
 .debug_macro   0x0000000000000000       0x52 stdio/lib_printf.c.o
 .debug_macro   0x0000000000000000       0x40 stdio/lib_printf.c.o
 .debug_macro   0x0000000000000000       0x10 stdio/lib_printf.c.o
 .debug_macro   0x0000000000000000       0x40 stdio/lib_printf.c.o
 .debug_macro   0x0000000000000000       0xd7 stdio/lib_printf.c.o
 .debug_macro   0x0000000000000000       0x16 stdio/lib_printf.c.o
 .debug_macro   0x0000000000000000      0x18b stdio/lib_printf.c.o
 .debug_macro   0x0000000000000000       0x1c stdio/lib_printf.c.o
 .debug_macro   0x0000000000000000       0x22 stdio/lib_printf.c.o
 .debug_macro   0x0000000000000000       0xfd stdio/lib_printf.c.o
 .debug_macro   0x0000000000000000      0x1df stdio/lib_printf.c.o
 .debug_macro   0x0000000000000000       0x2b stdio/lib_printf.c.o
 .debug_macro   0x0000000000000000      0x118 stdio/lib_printf.c.o
 .debug_macro   0x0000000000000000       0x1c stdio/lib_printf.c.o
 .debug_macro   0x0000000000000000       0x16 stdio/lib_printf.c.o
 .debug_macro   0x0000000000000000       0x35 stdio/lib_printf.c.o
 .debug_macro   0x0000000000000000       0x16 stdio/lib_printf.c.o
 .debug_macro   0x0000000000000000       0x29 stdio/lib_printf.c.o
 .debug_macro   0x0000000000000000       0x4f stdio/lib_printf.c.o
 .group         0x0000000000000000        0x8 stdlib/lib_strtol.c.o
 .group         0x0000000000000000        0x8 stdlib/lib_strtol.c.o
 .group         0x0000000000000000        0x8 stdlib/lib_strtol.c.o
 .group         0x0000000000000000        0x8 stdlib/lib_strtol.c.o
 .group         0x0000000000000000        0x8 stdlib/lib_strtol.c.o
 .group         0x0000000000000000        0x8 stdlib/lib_strtol.c.o
 .group         0x0000000000000000        0x8 stdlib/lib_strtol.c.o
 .group         0x0000000000000000        0x8 stdlib/lib_strtol.c.o
 .group         0x0000000000000000        0x8 stdlib/lib_strtol.c.o
 .group         0x0000000000000000        0x8 stdlib/lib_strtol.c.o
 .group         0x0000000000000000        0x8 stdlib/lib_strtol.c.o
 .group         0x0000000000000000        0x8 stdlib/lib_strtol.c.o
 .group         0x0000000000000000        0x8 stdlib/lib_strtol.c.o
 .group         0x0000000000000000        0x8 stdlib/lib_strtol.c.o
 .group         0x0000000000000000        0x8 stdlib/lib_strtol.c.o
 .group         0x0000000000000000        0x8 stdlib/lib_strtol.c.o
 .group         0x0000000000000000        0x8 stdlib/lib_strtol.c.o
 .group         0x0000000000000000        0x8 stdlib/lib_strtol.c.o
 .group         0x0000000000000000        0x8 stdlib/lib_strtol.c.o
 .group         0x0000000000000000        0x8 stdlib/lib_strtol.c.o
 .group         0x0000000000000000        0x8 stdlib/lib_strtol.c.o
 .group         0x0000000000000000        0x8 stdlib/lib_strtol.c.o
 .group         0x0000000000000000        0x8 stdlib/lib_strtol.c.o
 .group         0x0000000000000000        0x8 stdlib/lib_strtol.c.o
 .group         0x0000000000000000        0x8 stdlib/lib_strtol.c.o
 .group         0x0000000000000000        0x8 stdlib/lib_strtol.c.o
 .group         0x0000000000000000        0x8 stdlib/lib_strtol.c.o
 .group         0x0000000000000000        0x8 stdlib/lib_strtol.c.o
 .group         0x0000000000000000        0x8 stdlib/lib_strtol.c.o
 .group         0x0000000000000000        0x8 stdlib/lib_strtol.c.o
 .group         0x0000000000000000        0x8 stdlib/lib_strtol.c.o
 .group         0x0000000000000000        0x8 stdlib/lib_strtol.c.o
 .group         0x0000000000000000        0x8 stdlib/lib_strtol.c.o
 .group         0x0000000000000000        0x8 stdlib/lib_strtol.c.o
 .group         0x0000000000000000        0x8 stdlib/lib_strtol.c.o
 .debug_macro   0x0000000000000000      0x8a4 stdlib/lib_strtol.c.o
 .debug_macro   0x0000000000000000       0x22 stdlib/lib_strtol.c.o
 .debug_macro   0x0000000000000000       0x1c stdlib/lib_strtol.c.o
 .debug_macro   0x0000000000000000       0x22 stdlib/lib_strtol.c.o
 .debug_macro   0x0000000000000000       0x22 stdlib/lib_strtol.c.o
 .debug_macro   0x0000000000000000       0x4c stdlib/lib_strtol.c.o
 .debug_macro   0x0000000000000000       0x8d stdlib/lib_strtol.c.o
 .debug_macro   0x0000000000000000       0x2e stdlib/lib_strtol.c.o
 .debug_macro   0x0000000000000000       0x9c stdlib/lib_strtol.c.o
 .debug_macro   0x0000000000000000       0x16 stdlib/lib_strtol.c.o
 .debug_macro   0x0000000000000000       0x4a stdlib/lib_strtol.c.o
 .debug_macro   0x0000000000000000       0x52 stdlib/lib_strtol.c.o
 .debug_macro   0x0000000000000000       0x1f stdlib/lib_strtol.c.o
 .debug_macro   0x0000000000000000       0x43 stdlib/lib_strtol.c.o
 .debug_macro   0x0000000000000000       0x20 stdlib/lib_strtol.c.o
 .debug_macro   0x0000000000000000      0x187 stdlib/lib_strtol.c.o
 .debug_macro   0x0000000000000000      0x330 stdlib/lib_strtol.c.o
 .debug_macro   0x0000000000000000       0x16 stdlib/lib_strtol.c.o
 .debug_macro   0x0000000000000000       0x29 stdlib/lib_strtol.c.o
 .debug_macro   0x0000000000000000       0x10 stdlib/lib_strtol.c.o
 .debug_macro   0x0000000000000000       0x5e stdlib/lib_strtol.c.o
 .debug_macro   0x0000000000000000       0x1c stdlib/lib_strtol.c.o
 .debug_macro   0x0000000000000000       0x52 stdlib/lib_strtol.c.o
 .debug_macro   0x0000000000000000       0x40 stdlib/lib_strtol.c.o
 .debug_macro   0x0000000000000000       0x10 stdlib/lib_strtol.c.o
 .debug_macro   0x0000000000000000       0x40 stdlib/lib_strtol.c.o
 .debug_macro   0x0000000000000000       0xd7 stdlib/lib_strtol.c.o
 .debug_macro   0x0000000000000000       0x1c stdlib/lib_strtol.c.o
 .debug_macro   0x0000000000000000       0x35 stdlib/lib_strtol.c.o
 .debug_macro   0x0000000000000000       0x10 stdlib/lib_strtol.c.o
 .debug_macro   0x0000000000000000       0x10 stdlib/lib_strtol.c.o
 .debug_macro   0x0000000000000000       0x16 stdlib/lib_strtol.c.o
 .debug_macro   0x0000000000000000      0x18b stdlib/lib_strtol.c.o
 .debug_macro   0x0000000000000000       0x2b stdlib/lib_strtol.c.o
 .debug_macro   0x0000000000000000      0x118 stdlib/lib_strtol.c.o
 .group         0x0000000000000000        0x8 stdlib/lib_strtoul.c.o
 .group         0x0000000000000000        0x8 stdlib/lib_strtoul.c.o
 .group         0x0000000000000000        0x8 stdlib/lib_strtoul.c.o
 .group         0x0000000000000000        0x8 stdlib/lib_strtoul.c.o
 .group         0x0000000000000000        0x8 stdlib/lib_strtoul.c.o
 .group         0x0000000000000000        0x8 stdlib/lib_strtoul.c.o
 .group         0x0000000000000000        0x8 stdlib/lib_strtoul.c.o
 .group         0x0000000000000000        0x8 stdlib/lib_strtoul.c.o
 .group         0x0000000000000000        0x8 stdlib/lib_strtoul.c.o
 .group         0x0000000000000000        0x8 stdlib/lib_strtoul.c.o
 .group         0x0000000000000000        0x8 stdlib/lib_strtoul.c.o
 .group         0x0000000000000000        0x8 stdlib/lib_strtoul.c.o
 .group         0x0000000000000000        0x8 stdlib/lib_strtoul.c.o
 .group         0x0000000000000000        0x8 stdlib/lib_strtoul.c.o
 .group         0x0000000000000000        0x8 stdlib/lib_strtoul.c.o
 .group         0x0000000000000000        0x8 stdlib/lib_strtoul.c.o
 .group         0x0000000000000000        0x8 stdlib/lib_strtoul.c.o
 .group         0x0000000000000000        0x8 stdlib/lib_strtoul.c.o
 .group         0x0000000000000000        0x8 stdlib/lib_strtoul.c.o
 .group         0x0000000000000000        0x8 stdlib/lib_strtoul.c.o
 .group         0x0000000000000000        0x8 stdlib/lib_strtoul.c.o
 .group         0x0000000000000000        0x8 stdlib/lib_strtoul.c.o
 .group         0x0000000000000000        0x8 stdlib/lib_strtoul.c.o
 .group         0x0000000000000000        0x8 stdlib/lib_strtoul.c.o
 .group         0x0000000000000000        0x8 stdlib/lib_strtoul.c.o
 .group         0x0000000000000000        0x8 stdlib/lib_strtoul.c.o
 .group         0x0000000000000000        0x8 stdlib/lib_strtoul.c.o
 .group         0x0000000000000000        0x8 stdlib/lib_strtoul.c.o
 .group         0x0000000000000000        0x8 stdlib/lib_strtoul.c.o
 .group         0x0000000000000000        0x8 stdlib/lib_strtoul.c.o
 .group         0x0000000000000000        0x8 stdlib/lib_strtoul.c.o
 .group         0x0000000000000000        0x8 stdlib/lib_strtoul.c.o
 .group         0x0000000000000000        0x8 stdlib/lib_strtoul.c.o
 .group         0x0000000000000000        0x8 stdlib/lib_strtoul.c.o
 .group         0x0000000000000000        0x8 stdlib/lib_strtoul.c.o
 .group         0x0000000000000000        0x8 stdlib/lib_strtoul.c.o
 .group         0x0000000000000000        0x8 stdlib/lib_strtoul.c.o
 .group         0x0000000000000000        0x8 stdlib/lib_strtoul.c.o
 .debug_macro   0x0000000000000000      0x8a4 stdlib/lib_strtoul.c.o
 .debug_macro   0x0000000000000000       0x22 stdlib/lib_strtoul.c.o
 .debug_macro   0x0000000000000000       0x1c stdlib/lib_strtoul.c.o
 .debug_macro   0x0000000000000000       0x22 stdlib/lib_strtoul.c.o
 .debug_macro   0x0000000000000000       0x4c stdlib/lib_strtoul.c.o
 .debug_macro   0x0000000000000000       0x8d stdlib/lib_strtoul.c.o
 .debug_macro   0x0000000000000000       0x2e stdlib/lib_strtoul.c.o
 .debug_macro   0x0000000000000000       0x9c stdlib/lib_strtoul.c.o
 .debug_macro   0x0000000000000000       0x16 stdlib/lib_strtoul.c.o
 .debug_macro   0x0000000000000000      0x10e stdlib/lib_strtoul.c.o
 .debug_macro   0x0000000000000000       0x86 stdlib/lib_strtoul.c.o
 .debug_macro   0x0000000000000000       0x4a stdlib/lib_strtoul.c.o
 .debug_macro   0x0000000000000000       0x52 stdlib/lib_strtoul.c.o
 .debug_macro   0x0000000000000000       0x1f stdlib/lib_strtoul.c.o
 .debug_macro   0x0000000000000000       0x43 stdlib/lib_strtoul.c.o
 .debug_macro   0x0000000000000000       0x20 stdlib/lib_strtoul.c.o
 .debug_macro   0x0000000000000000      0x187 stdlib/lib_strtoul.c.o
 .debug_macro   0x0000000000000000      0x330 stdlib/lib_strtoul.c.o
 .debug_macro   0x0000000000000000       0x16 stdlib/lib_strtoul.c.o
 .debug_macro   0x0000000000000000       0x29 stdlib/lib_strtoul.c.o
 .debug_macro   0x0000000000000000       0x10 stdlib/lib_strtoul.c.o
 .debug_macro   0x0000000000000000       0x5e stdlib/lib_strtoul.c.o
 .debug_macro   0x0000000000000000       0x1c stdlib/lib_strtoul.c.o
 .debug_macro   0x0000000000000000       0x52 stdlib/lib_strtoul.c.o
 .debug_macro   0x0000000000000000       0x40 stdlib/lib_strtoul.c.o
 .debug_macro   0x0000000000000000       0x10 stdlib/lib_strtoul.c.o
 .debug_macro   0x0000000000000000       0x40 stdlib/lib_strtoul.c.o
 .debug_macro   0x0000000000000000       0xd7 stdlib/lib_strtoul.c.o
 .debug_macro   0x0000000000000000       0x22 stdlib/lib_strtoul.c.o
 .debug_macro   0x0000000000000000       0x1c stdlib/lib_strtoul.c.o
 .debug_macro   0x0000000000000000       0x35 stdlib/lib_strtoul.c.o
 .debug_macro   0x0000000000000000       0x10 stdlib/lib_strtoul.c.o
 .debug_macro   0x0000000000000000       0x10 stdlib/lib_strtoul.c.o
 .debug_macro   0x0000000000000000       0x16 stdlib/lib_strtoul.c.o
 .debug_macro   0x0000000000000000      0x18b stdlib/lib_strtoul.c.o
 .debug_macro   0x0000000000000000       0x2b stdlib/lib_strtoul.c.o
 .debug_macro   0x0000000000000000      0x118 stdlib/lib_strtoul.c.o
 .debug_macro   0x0000000000000000       0x67 stdlib/lib_strtoul.c.o
 .group         0x0000000000000000        0x8 stdlib/lib_checkbase.c.o
 .group         0x0000000000000000        0x8 stdlib/lib_checkbase.c.o
 .group         0x0000000000000000        0x8 stdlib/lib_checkbase.c.o
 .group         0x0000000000000000        0x8 stdlib/lib_checkbase.c.o
 .group         0x0000000000000000        0x8 stdlib/lib_checkbase.c.o
 .group         0x0000000000000000        0x8 stdlib/lib_checkbase.c.o
 .group         0x0000000000000000        0x8 stdlib/lib_checkbase.c.o
 .group         0x0000000000000000        0x8 stdlib/lib_checkbase.c.o
 .group         0x0000000000000000        0x8 stdlib/lib_checkbase.c.o
 .group         0x0000000000000000        0x8 stdlib/lib_checkbase.c.o
 .group         0x0000000000000000        0x8 stdlib/lib_checkbase.c.o
 .group         0x0000000000000000        0x8 stdlib/lib_checkbase.c.o
 .group         0x0000000000000000        0x8 stdlib/lib_checkbase.c.o
 .group         0x0000000000000000        0x8 stdlib/lib_checkbase.c.o
 .group         0x0000000000000000        0x8 stdlib/lib_checkbase.c.o
 .group         0x0000000000000000        0x8 stdlib/lib_checkbase.c.o
 .group         0x0000000000000000        0x8 stdlib/lib_checkbase.c.o
 .group         0x0000000000000000        0x8 stdlib/lib_checkbase.c.o
 .group         0x0000000000000000        0x8 stdlib/lib_checkbase.c.o
 .group         0x0000000000000000        0x8 stdlib/lib_checkbase.c.o
 .group         0x0000000000000000        0x8 stdlib/lib_checkbase.c.o
 .group         0x0000000000000000        0x8 stdlib/lib_checkbase.c.o
 .group         0x0000000000000000        0x8 stdlib/lib_checkbase.c.o
 .group         0x0000000000000000        0x8 stdlib/lib_checkbase.c.o
 .group         0x0000000000000000        0x8 stdlib/lib_checkbase.c.o
 .group         0x0000000000000000        0x8 stdlib/lib_checkbase.c.o
 .group         0x0000000000000000        0x8 stdlib/lib_checkbase.c.o
 .group         0x0000000000000000        0x8 stdlib/lib_checkbase.c.o
 .group         0x0000000000000000        0x8 stdlib/lib_checkbase.c.o
 .group         0x0000000000000000        0x8 stdlib/lib_checkbase.c.o
 .group         0x0000000000000000        0x8 stdlib/lib_checkbase.c.o
 .group         0x0000000000000000        0x8 stdlib/lib_checkbase.c.o
 .group         0x0000000000000000        0x8 stdlib/lib_checkbase.c.o
 .group         0x0000000000000000        0x8 stdlib/lib_checkbase.c.o
 .group         0x0000000000000000        0x8 stdlib/lib_checkbase.c.o
 .group         0x0000000000000000        0x8 stdlib/lib_checkbase.c.o
 .group         0x0000000000000000        0x8 stdlib/lib_checkbase.c.o
 .group         0x0000000000000000        0x8 stdlib/lib_checkbase.c.o
 .group         0x0000000000000000        0x8 stdlib/lib_checkbase.c.o
 .group         0x0000000000000000        0x8 stdlib/lib_checkbase.c.o
 .debug_macro   0x0000000000000000      0x8a4 stdlib/lib_checkbase.c.o
 .debug_macro   0x0000000000000000       0x22 stdlib/lib_checkbase.c.o
 .debug_macro   0x0000000000000000       0x1c stdlib/lib_checkbase.c.o
 .debug_macro   0x0000000000000000       0x22 stdlib/lib_checkbase.c.o
 .debug_macro   0x0000000000000000       0x4c stdlib/lib_checkbase.c.o
 .debug_macro   0x0000000000000000       0x8d stdlib/lib_checkbase.c.o
 .debug_macro   0x0000000000000000       0x2e stdlib/lib_checkbase.c.o
 .debug_macro   0x0000000000000000       0x9c stdlib/lib_checkbase.c.o
 .debug_macro   0x0000000000000000      0x16d stdlib/lib_checkbase.c.o
 .debug_macro   0x0000000000000000       0x4a stdlib/lib_checkbase.c.o
 .debug_macro   0x0000000000000000       0x52 stdlib/lib_checkbase.c.o
 .debug_macro   0x0000000000000000       0x1f stdlib/lib_checkbase.c.o
 .debug_macro   0x0000000000000000       0x43 stdlib/lib_checkbase.c.o
 .debug_macro   0x0000000000000000       0x20 stdlib/lib_checkbase.c.o
 .debug_macro   0x0000000000000000      0x187 stdlib/lib_checkbase.c.o
 .debug_macro   0x0000000000000000      0x330 stdlib/lib_checkbase.c.o
 .debug_macro   0x0000000000000000       0x10 stdlib/lib_checkbase.c.o
 .debug_macro   0x0000000000000000       0x35 stdlib/lib_checkbase.c.o
 .debug_macro   0x0000000000000000      0x111 stdlib/lib_checkbase.c.o
 .debug_macro   0x0000000000000000       0x10 stdlib/lib_checkbase.c.o
 .debug_macro   0x0000000000000000       0x5e stdlib/lib_checkbase.c.o
 .debug_macro   0x0000000000000000       0x1c stdlib/lib_checkbase.c.o
 .debug_macro   0x0000000000000000       0x52 stdlib/lib_checkbase.c.o
 .debug_macro   0x0000000000000000       0x40 stdlib/lib_checkbase.c.o
 .debug_macro   0x0000000000000000       0x10 stdlib/lib_checkbase.c.o
 .debug_macro   0x0000000000000000       0x40 stdlib/lib_checkbase.c.o
 .debug_macro   0x0000000000000000       0xd7 stdlib/lib_checkbase.c.o
 .debug_macro   0x0000000000000000       0x22 stdlib/lib_checkbase.c.o
 .debug_macro   0x0000000000000000       0x1c stdlib/lib_checkbase.c.o
 .debug_macro   0x0000000000000000       0x10 stdlib/lib_checkbase.c.o
 .debug_macro   0x0000000000000000       0x10 stdlib/lib_checkbase.c.o
 .debug_macro   0x0000000000000000       0x16 stdlib/lib_checkbase.c.o
 .debug_macro   0x0000000000000000      0x18b stdlib/lib_checkbase.c.o
 .debug_macro   0x0000000000000000       0x2b stdlib/lib_checkbase.c.o
 .debug_macro   0x0000000000000000      0x118 stdlib/lib_checkbase.c.o
 .debug_macro   0x0000000000000000       0x1c stdlib/lib_checkbase.c.o
 .debug_macro   0x0000000000000000       0x16 stdlib/lib_checkbase.c.o
 .debug_macro   0x0000000000000000       0x16 stdlib/lib_checkbase.c.o
 .debug_macro   0x0000000000000000       0x29 stdlib/lib_checkbase.c.o
 .debug_macro   0x0000000000000000       0x4f stdlib/lib_checkbase.c.o

Memory Configuration

Name             Origin             Length             Attributes
*default*        0x0000000000000000 0xffffffffffffffff

Linker script and memory map

LOAD init.c.o
LOAD string/lib_strncmp.c.o
LOAD string/lib_strcmp.c.o
LOAD string/lib_memcpy.c.o
LOAD string/lib_memset.c.o
LOAD string/lib_strcpy.c.o
LOAD string/lib_strncpy.c.o
LOAD string/lib_strlen.c.o
LOAD string/lib_strncat.c.o
LOAD string/lib_skipspace.c.o
LOAD string/lib_isbasedigit.c.o
LOAD stdio/lib_printf.c.o
LOAD stdlib/lib_strtol.c.o
LOAD stdlib/lib_strtoul.c.o
LOAD stdlib/lib_checkbase.c.o

.interp
 *(.interp)

.note.gnu.build-id
 *(.note.gnu.build-id)

.hash
 *(.hash)

.gnu.hash
 *(.gnu.hash)

.dynsym
 *(.dynsym)

.dynstr
 *(.dynstr)

.gnu.version
 *(.gnu.version)

.gnu.version_d
 *(.gnu.version_d)

.gnu.version_r
 *(.gnu.version_r)

.rel.init
 *(.rel.init)

.rela.init
 *(.rela.init)

.rel.text
 *(.rel.text)

.rela.text
 *(.rela.text)

.rel.fini
 *(.rel.fini)

.rela.fini
 *(.rela.fini)

.rel.rodata
 *(.rel.rodata)

.rela.rodata
 *(.rela.rodata)

.rel.data.rel.ro
 *(.rel.data.rel.ro)

.rela.data.rel.ro
 *(.rela.data.rel.ro)

.rel.data
 *(.rel.data)

.rela.data
 *(.rela.data)

.rel.tdata
 *(.rel.tdata)

.rela.tdata
 *(.rela.tdata)

.rel.tbss
 *(.rel.tbss)

.rela.tbss
 *(.rela.tbss)

.rel.ctors
 *(.rel.ctors)

.rela.ctors
 *(.rela.ctors)

.rel.dtors
 *(.rel.dtors)

.rela.dtors
 *(.rela.dtors)

.rel.got
 *(.rel.got)

.rela.got
 *(.rela.got)

.rel.bss
 *(.rel.bss)

.rela.bss
 *(.rela.bss)

.rel.iplt
 *(.rel.iplt)

.rela.iplt
 *(.rela.iplt)

.rel.plt
 *(.rel.plt)

.rela.plt
 *(.rela.plt)

.init
 *(SORT(.init))

.plt
 *(.plt)

.iplt
 *(.iplt)

.text           0x0000000000000000        0x0
 *(.text .stub)
 .text          0x0000000000000000        0x0 init.c.o
 .text          0x0000000000000000        0x0 string/lib_strncmp.c.o
 .text          0x0000000000000000        0x0 string/lib_strcmp.c.o
 .text          0x0000000000000000        0x0 string/lib_memcpy.c.o
 .text          0x0000000000000000        0x0 string/lib_memset.c.o
 .text          0x0000000000000000        0x0 string/lib_strcpy.c.o
 .text          0x0000000000000000        0x0 string/lib_strncpy.c.o
 .text          0x0000000000000000        0x0 string/lib_strlen.c.o
 .text          0x0000000000000000        0x0 string/lib_strncat.c.o
 .text          0x0000000000000000        0x0 string/lib_skipspace.c.o
 .text          0x0000000000000000        0x0 string/lib_isbasedigit.c.o
 .text          0x0000000000000000        0x0 stdio/lib_printf.c.o
 .text          0x0000000000000000        0x0 stdlib/lib_strtol.c.o
 .text          0x0000000000000000        0x0 stdlib/lib_strtoul.c.o
 .text          0x0000000000000000        0x0 stdlib/lib_checkbase.c.o
 *(.gnu.warning)

.text._init     0x0000000000000000        0x4
 .text._init    0x0000000000000000        0x4 init.c.o
                0x0000000000000000                _init

.text.__libc_init_array
                0x0000000000000000       0x4c
 .text.__libc_init_array
                0x0000000000000000       0x4c init.c.o
                0x0000000000000000                __libc_init_array

.text.__libc_fini_array
                0x0000000000000000       0x28
 .text.__libc_fini_array
                0x0000000000000000       0x28 init.c.o
                0x0000000000000000                __libc_fini_array

.text.strncmp   0x0000000000000000       0x3c
 .text.strncmp  0x0000000000000000       0x3c string/lib_strncmp.c.o
                0x0000000000000000                strncmp

.text.strcmp    0x0000000000000000       0x1c
 .text.strcmp   0x0000000000000000       0x1c string/lib_strcmp.c.o
                0x0000000000000000                strcmp

.text.memcpy    0x0000000000000000       0x98
 .text.memcpy   0x0000000000000000       0x98 string/lib_memcpy.c.o
                0x0000000000000000                memcpy

.text.memset    0x0000000000000000       0x80
 .text.memset   0x0000000000000000       0x80 string/lib_memset.c.o
                0x0000000000000000                memset

.text.strcpy    0x0000000000000000       0x10
 .text.strcpy   0x0000000000000000       0x10 string/lib_strcpy.c.o
                0x0000000000000000                strcpy

.text.strncpy   0x0000000000000000       0x38
 .text.strncpy  0x0000000000000000       0x38 string/lib_strncpy.c.o
                0x0000000000000000                strncpy

.text.strlen    0x0000000000000000       0x18
 .text.strlen   0x0000000000000000       0x18 string/lib_strlen.c.o
                0x0000000000000000                strlen

.text.strncat   0x0000000000000000       0x30
 .text.strncat  0x0000000000000000       0x30 string/lib_strncat.c.o
                0x0000000000000000                strncat

.text.lib_skipspace
                0x0000000000000000       0x20
 .text.lib_skipspace
                0x0000000000000000       0x20 string/lib_skipspace.c.o
                0x0000000000000000                lib_skipspace

.text.lib_isbasedigit
                0x0000000000000000       0x50
 .text.lib_isbasedigit
                0x0000000000000000       0x50 string/lib_isbasedigit.c.o
                0x0000000000000000                lib_isbasedigit

.text.printf    0x0000000000000000       0x10
 .text.printf   0x0000000000000000       0x10 stdio/lib_printf.c.o
                0x0000000000000000                printf

.text.strtol    0x0000000000000000       0x44
 .text.strtol   0x0000000000000000       0x44 stdlib/lib_strtol.c.o
                0x0000000000000000                strtol

.text.strtoul   0x0000000000000000       0x50
 .text.strtoul  0x0000000000000000       0x50 stdlib/lib_strtoul.c.o
                0x0000000000000000                strtoul

.text.lib_checkbase
                0x0000000000000000       0x54
 .text.lib_checkbase
                0x0000000000000000       0x54 stdlib/lib_checkbase.c.o
                0x0000000000000000                lib_checkbase

.fini
 *(SORT(.fini))

.rodata
 *(.rodata)

.rodata1
 *(.rodata1)

.ARM.extab
 *(.ARM.extab)

.ARM.exidx
 *(.ARM.exidx)

.eh_frame_hdr
 *(.eh_frame_hdr)

.eh_frame
 *(.eh_frame)

.gcc_except_table
 *(.gcc_except_table .gcc_except_table.*)

.gnu_extab
 *(.gnu_extab*)

.exception_ranges
 *(.exception_ranges .exception_ranges*)

.eh_frame
 *(.eh_frame)

.gnu_extab
 *(.gnu_extab)

.gcc_except_table
 *(.gcc_except_table .gcc_except_table.*)

.exception_ranges
 *(.exception_ranges .exception_ranges*)

.tdata
 *(.tdata)

.tbss
 *(.tbss)

.preinit_array
 *(.preinit_array)

.jcr
 *(.jcr)

.dynamic
 *(.dynamic)

.got
 *(.got.plt)
 *(.igot.plt)
 *(.got)
 *(.igot)

.data           0x0000000000000000        0x0
 *(.data)
 .data          0x0000000000000000        0x0 init.c.o
 .data          0x0000000000000000        0x0 string/lib_strncmp.c.o
 .data          0x0000000000000000        0x0 string/lib_strcmp.c.o
 .data          0x0000000000000000        0x0 string/lib_memcpy.c.o
 .data          0x0000000000000000        0x0 string/lib_memset.c.o
 .data          0x0000000000000000        0x0 string/lib_strcpy.c.o
 .data          0x0000000000000000        0x0 string/lib_strncpy.c.o
 .data          0x0000000000000000        0x0 string/lib_strlen.c.o
 .data          0x0000000000000000        0x0 string/lib_strncat.c.o
 .data          0x0000000000000000        0x0 string/lib_skipspace.c.o
 .data          0x0000000000000000        0x0 string/lib_isbasedigit.c.o
 .data          0x0000000000000000        0x0 stdio/lib_printf.c.o
 .data          0x0000000000000000        0x0 stdlib/lib_strtol.c.o
 .data          0x0000000000000000        0x0 stdlib/lib_strtoul.c.o
 .data          0x0000000000000000        0x0 stdlib/lib_checkbase.c.o

.data1
 *(.data1)

.bss            0x0000000000000000        0x0
 *(.dynbss)
 *(.bss)
 .bss           0x0000000000000000        0x0 init.c.o
 .bss           0x0000000000000000        0x0 string/lib_strncmp.c.o
 .bss           0x0000000000000000        0x0 string/lib_strcmp.c.o
 .bss           0x0000000000000000        0x0 string/lib_memcpy.c.o
 .bss           0x0000000000000000        0x0 string/lib_memset.c.o
 .bss           0x0000000000000000        0x0 string/lib_strcpy.c.o
 .bss           0x0000000000000000        0x0 string/lib_strncpy.c.o
 .bss           0x0000000000000000        0x0 string/lib_strlen.c.o
 .bss           0x0000000000000000        0x0 string/lib_strncat.c.o
 .bss           0x0000000000000000        0x0 string/lib_skipspace.c.o
 .bss           0x0000000000000000        0x0 string/lib_isbasedigit.c.o
 .bss           0x0000000000000000        0x0 stdio/lib_printf.c.o
 .bss           0x0000000000000000        0x0 stdlib/lib_strtol.c.o
 .bss           0x0000000000000000        0x0 stdlib/lib_strtoul.c.o
 .bss           0x0000000000000000        0x0 stdlib/lib_checkbase.c.o
 *(COMMON)

.stab
 *(.stab)

.stabstr
 *(.stabstr)

.stab.excl
 *(.stab.excl)

.stab.exclstr
 *(.stab.exclstr)

.stab.index
 *(.stab.index)

.stab.indexstr
 *(.stab.indexstr)

.comment        0x0000000000000000      0x681
 *(.comment)
 .comment       0x0000000000000000       0x6f init.c.o
 .comment       0x000000000000006f       0x6f string/lib_strncmp.c.o
 .comment       0x00000000000000de       0x6f string/lib_strcmp.c.o
 .comment       0x000000000000014d       0x6f string/lib_memcpy.c.o
 .comment       0x00000000000001bc       0x6f string/lib_memset.c.o
 .comment       0x000000000000022b       0x6f string/lib_strcpy.c.o
 .comment       0x000000000000029a       0x6f string/lib_strncpy.c.o
 .comment       0x0000000000000309       0x6f string/lib_strlen.c.o
 .comment       0x0000000000000378       0x6f string/lib_strncat.c.o
 .comment       0x00000000000003e7       0x6f string/lib_skipspace.c.o
 .comment       0x0000000000000456       0x6f string/lib_isbasedigit.c.o
 .comment       0x00000000000004c5       0x6f stdio/lib_printf.c.o
 .comment       0x0000000000000534       0x6f stdlib/lib_strtol.c.o
 .comment       0x00000000000005a3       0x6f stdlib/lib_strtoul.c.o
 .comment       0x0000000000000612       0x6f stdlib/lib_checkbase.c.o

.group          0x0000000000000000        0x8
 .group         0x0000000000000000        0x8 init.c.o

.group          0x0000000000000000        0x8
 .group         0x0000000000000000        0x8 init.c.o

.group          0x0000000000000000        0x8
 .group         0x0000000000000000        0x8 init.c.o

.group          0x0000000000000000        0x8
 .group         0x0000000000000000        0x8 init.c.o

.group          0x0000000000000000        0x8
 .group         0x0000000000000000        0x8 init.c.o

.group          0x0000000000000000        0x8
 .group         0x0000000000000000        0x8 init.c.o

.group          0x0000000000000000        0x8
 .group         0x0000000000000000        0x8 init.c.o

.group          0x0000000000000000        0x8
 .group         0x0000000000000000        0x8 init.c.o

.group          0x0000000000000000        0x8
 .group         0x0000000000000000        0x8 init.c.o

.group          0x0000000000000000        0x8
 .group         0x0000000000000000        0x8 init.c.o

.group          0x0000000000000000        0x8
 .group         0x0000000000000000        0x8 init.c.o

.group          0x0000000000000000        0x8
 .group         0x0000000000000000        0x8 init.c.o

.group          0x0000000000000000        0x8
 .group         0x0000000000000000        0x8 init.c.o

.group          0x0000000000000000        0x8
 .group         0x0000000000000000        0x8 init.c.o

.group          0x0000000000000000        0x8
 .group         0x0000000000000000        0x8 init.c.o

.group          0x0000000000000000        0x8
 .group         0x0000000000000000        0x8 init.c.o

.group          0x0000000000000000        0x8
 .group         0x0000000000000000        0x8 init.c.o

.group          0x0000000000000000        0x8
 .group         0x0000000000000000        0x8 init.c.o

.group          0x0000000000000000        0x8
 .group         0x0000000000000000        0x8 init.c.o

.group          0x0000000000000000        0x8
 .group         0x0000000000000000        0x8 init.c.o

.group          0x0000000000000000        0x8
 .group         0x0000000000000000        0x8 init.c.o

.group          0x0000000000000000        0x8
 .group         0x0000000000000000        0x8 init.c.o

.group          0x0000000000000000        0x8
 .group         0x0000000000000000        0x8 string/lib_strncmp.c.o

.group          0x0000000000000000        0x8
 .group         0x0000000000000000        0x8 string/lib_strncmp.c.o

.group          0x0000000000000000        0x8
 .group         0x0000000000000000        0x8 string/lib_strncmp.c.o

.group          0x0000000000000000        0x8
 .group         0x0000000000000000        0x8 string/lib_strncmp.c.o

.group          0x0000000000000000        0x8
 .group         0x0000000000000000        0x8 string/lib_memset.c.o

.group          0x0000000000000000        0x8
 .group         0x0000000000000000        0x8 string/lib_memset.c.o

.group          0x0000000000000000        0x8
 .group         0x0000000000000000        0x8 string/lib_memset.c.o

.group          0x0000000000000000        0x8
 .group         0x0000000000000000        0x8 string/lib_skipspace.c.o

.group          0x0000000000000000        0x8
 .group         0x0000000000000000        0x8 string/lib_skipspace.c.o

.group          0x0000000000000000        0x8
 .group         0x0000000000000000        0x8 string/lib_skipspace.c.o

.group          0x0000000000000000        0x8
 .group         0x0000000000000000        0x8 string/lib_skipspace.c.o

.group          0x0000000000000000        0x8
 .group         0x0000000000000000        0x8 string/lib_skipspace.c.o

.group          0x0000000000000000        0x8
 .group         0x0000000000000000        0x8 string/lib_skipspace.c.o

.group          0x0000000000000000        0x8
 .group         0x0000000000000000        0x8 string/lib_skipspace.c.o

.group          0x0000000000000000        0x8
 .group         0x0000000000000000        0x8 string/lib_skipspace.c.o

.group          0x0000000000000000        0x8
 .group         0x0000000000000000        0x8 string/lib_skipspace.c.o

.group          0x0000000000000000        0x8
 .group         0x0000000000000000        0x8 string/lib_skipspace.c.o

.group          0x0000000000000000        0x8
 .group         0x0000000000000000        0x8 string/lib_skipspace.c.o

.group          0x0000000000000000        0x8
 .group         0x0000000000000000        0x8 string/lib_skipspace.c.o

.group          0x0000000000000000        0x8
 .group         0x0000000000000000        0x8 string/lib_skipspace.c.o

.group          0x0000000000000000        0x8
 .group         0x0000000000000000        0x8 string/lib_isbasedigit.c.o

.group          0x0000000000000000        0x8
 .group         0x0000000000000000        0x8 stdio/lib_printf.c.o

.group          0x0000000000000000        0x8
 .group         0x0000000000000000        0x8 stdio/lib_printf.c.o

.group          0x0000000000000000        0x8
 .group         0x0000000000000000        0x8 stdio/lib_printf.c.o

.group          0x0000000000000000        0x8
 .group         0x0000000000000000        0x8 stdio/lib_printf.c.o

.group          0x0000000000000000        0x8
 .group         0x0000000000000000        0x8 stdio/lib_printf.c.o

.group          0x0000000000000000        0x8
 .group         0x0000000000000000        0x8 stdlib/lib_strtol.c.o

.group          0x0000000000000000        0x8
 .group         0x0000000000000000        0x8 stdlib/lib_strtol.c.o

.group          0x0000000000000000        0x8
 .group         0x0000000000000000        0x8 stdlib/lib_strtol.c.o

.debug
 *(.debug)

.line
 *(.line)

.debug_srcinfo
 *(.debug_srcinfo)

.debug_sfnames
 *(.debug_sfnames)

.debug_aranges  0x0000000000000000      0x1f0
 *(.debug_aranges)
 .debug_aranges
                0x0000000000000000       0x30 init.c.o
 .debug_aranges
                0x0000000000000030       0x20 string/lib_strncmp.c.o
 .debug_aranges
                0x0000000000000050       0x20 string/lib_strcmp.c.o
 .debug_aranges
                0x0000000000000070       0x20 string/lib_memcpy.c.o
 .debug_aranges
                0x0000000000000090       0x20 string/lib_memset.c.o
 .debug_aranges
                0x00000000000000b0       0x20 string/lib_strcpy.c.o
 .debug_aranges
                0x00000000000000d0       0x20 string/lib_strncpy.c.o
 .debug_aranges
                0x00000000000000f0       0x20 string/lib_strlen.c.o
 .debug_aranges
                0x0000000000000110       0x20 string/lib_strncat.c.o
 .debug_aranges
                0x0000000000000130       0x20 string/lib_skipspace.c.o
 .debug_aranges
                0x0000000000000150       0x20 string/lib_isbasedigit.c.o
 .debug_aranges
                0x0000000000000170       0x20 stdio/lib_printf.c.o
 .debug_aranges
                0x0000000000000190       0x20 stdlib/lib_strtol.c.o
 .debug_aranges
                0x00000000000001b0       0x20 stdlib/lib_strtoul.c.o
 .debug_aranges
                0x00000000000001d0       0x20 stdlib/lib_checkbase.c.o

.debug_pubnames
 *(.debug_pubnames)

.debug_info     0x0000000000000000      0xf88
 *(.debug_info)
 .debug_info    0x0000000000000000      0x16c init.c.o
 .debug_info    0x000000000000016c       0xe3 string/lib_strncmp.c.o
 .debug_info    0x000000000000024f       0xc6 string/lib_strcmp.c.o
 .debug_info    0x0000000000000315       0xf9 string/lib_memcpy.c.o
 .debug_info    0x000000000000040e      0x177 string/lib_memset.c.o
 .debug_info    0x0000000000000585       0xcc string/lib_strcpy.c.o
 .debug_info    0x0000000000000651      0x115 string/lib_strncpy.c.o
 .debug_info    0x0000000000000766       0xc5 string/lib_strlen.c.o
 .debug_info    0x000000000000082b      0x109 string/lib_strncat.c.o
 .debug_info    0x0000000000000934       0xc1 string/lib_skipspace.c.o
 .debug_info    0x00000000000009f5       0xed string/lib_isbasedigit.c.o
 .debug_info    0x0000000000000ae2       0xf6 stdio/lib_printf.c.o
 .debug_info    0x0000000000000bd8      0x15b stdlib/lib_strtol.c.o
 .debug_info    0x0000000000000d33      0x15e stdlib/lib_strtoul.c.o
 .debug_info    0x0000000000000e91       0xf7 stdlib/lib_checkbase.c.o

.debug_abbrev   0x0000000000000000      0x94c
 *(.debug_abbrev)
 .debug_abbrev  0x0000000000000000       0xe1 init.c.o
 .debug_abbrev  0x00000000000000e1       0x82 string/lib_strncmp.c.o
 .debug_abbrev  0x0000000000000163       0x73 string/lib_strcmp.c.o
 .debug_abbrev  0x00000000000001d6       0xa7 string/lib_memcpy.c.o
 .debug_abbrev  0x000000000000027d       0x97 string/lib_memset.c.o
 .debug_abbrev  0x0000000000000314       0x82 string/lib_strcpy.c.o
 .debug_abbrev  0x0000000000000396       0xb7 string/lib_strncpy.c.o
 .debug_abbrev  0x000000000000044d       0x82 string/lib_strlen.c.o
 .debug_abbrev  0x00000000000004cf       0xbb string/lib_strncat.c.o
 .debug_abbrev  0x000000000000058a       0x75 string/lib_skipspace.c.o
 .debug_abbrev  0x00000000000005ff       0x8e string/lib_isbasedigit.c.o
 .debug_abbrev  0x000000000000068d       0xb9 stdio/lib_printf.c.o
 .debug_abbrev  0x0000000000000746       0xac stdlib/lib_strtol.c.o
 .debug_abbrev  0x00000000000007f2       0xbb stdlib/lib_strtoul.c.o
 .debug_abbrev  0x00000000000008ad       0x9f stdlib/lib_checkbase.c.o

.debug_line     0x0000000000000000     0x3cb2
 *(.debug_line .debug_line.* .debug_line_end)
 .debug_line    0x0000000000000000      0x357 init.c.o
 .debug_line    0x0000000000000357      0x3a5 string/lib_strncmp.c.o
 .debug_line    0x00000000000006fc      0x316 string/lib_strcmp.c.o
 .debug_line    0x0000000000000a12      0x39c string/lib_memcpy.c.o
 .debug_line    0x0000000000000dae      0x416 string/lib_memset.c.o
 .debug_line    0x00000000000011c4      0x313 string/lib_strcpy.c.o
 .debug_line    0x00000000000014d7      0x3a0 string/lib_strncpy.c.o
 .debug_line    0x0000000000001877      0x397 string/lib_strlen.c.o
 .debug_line    0x0000000000001c0e      0x3a9 string/lib_strncat.c.o
 .debug_line    0x0000000000001fb7      0x4c2 string/lib_skipspace.c.o
 .debug_line    0x0000000000002479      0x4eb string/lib_isbasedigit.c.o
 .debug_line    0x0000000000002964      0x51b stdio/lib_printf.c.o
 .debug_line    0x0000000000002e7f      0x4a6 stdlib/lib_strtol.c.o
 .debug_line    0x0000000000003325      0x4a6 stdlib/lib_strtoul.c.o
 .debug_line    0x00000000000037cb      0x4e7 stdlib/lib_checkbase.c.o

.debug_frame    0x0000000000000000      0x2e4
 *(.debug_frame)
 .debug_frame   0x0000000000000000       0x60 init.c.o
 .debug_frame   0x0000000000000060       0x34 string/lib_strncmp.c.o
 .debug_frame   0x0000000000000094       0x20 string/lib_strcmp.c.o
 .debug_frame   0x00000000000000b4       0x38 string/lib_memcpy.c.o
 .debug_frame   0x00000000000000ec       0x40 string/lib_memset.c.o
 .debug_frame   0x000000000000012c       0x20 string/lib_strcpy.c.o
 .debug_frame   0x000000000000014c       0x28 string/lib_strncpy.c.o
 .debug_frame   0x0000000000000174       0x20 string/lib_strlen.c.o
 .debug_frame   0x0000000000000194       0x30 string/lib_strncat.c.o
 .debug_frame   0x00000000000001c4       0x2c string/lib_skipspace.c.o
 .debug_frame   0x00000000000001f0       0x20 string/lib_isbasedigit.c.o
 .debug_frame   0x0000000000000210       0x38 stdio/lib_printf.c.o
 .debug_frame   0x0000000000000248       0x38 stdlib/lib_strtol.c.o
 .debug_frame   0x0000000000000280       0x38 stdlib/lib_strtoul.c.o
 .debug_frame   0x00000000000002b8       0x2c stdlib/lib_checkbase.c.o

.debug_str      0x0000000000000000    0x60207
 *(.debug_str)
 .debug_str     0x0000000000000000     0x54d7 init.c.o
 .debug_str     0x00000000000054d7     0x60f2 string/lib_strncmp.c.o
 .debug_str     0x000000000000b5c9     0x5505 string/lib_strcmp.c.o
 .debug_str     0x0000000000010ace     0x60f3 string/lib_memcpy.c.o
 .debug_str     0x0000000000016bc1     0x6bc7 string/lib_memset.c.o
 .debug_str     0x000000000001d788     0x5503 string/lib_strcpy.c.o
 .debug_str     0x0000000000022c8b     0x60f7 string/lib_strncpy.c.o
 .debug_str     0x0000000000028d82     0x60e9 string/lib_strlen.c.o
 .debug_str     0x000000000002ee6b     0x60f7 string/lib_strncat.c.o
 .debug_str     0x0000000000034f62     0x6eda string/lib_skipspace.c.o
 .debug_str     0x000000000003be3c     0x7694 string/lib_isbasedigit.c.o
 .debug_str     0x00000000000434d0     0x797b stdio/lib_printf.c.o
 .debug_str     0x000000000004ae4b     0x6e89 stdlib/lib_strtol.c.o
 .debug_str     0x0000000000051cd4     0x6e9a stdlib/lib_strtoul.c.o
 .debug_str     0x0000000000058b6e     0x7699 stdlib/lib_checkbase.c.o

.debug_loc      0x0000000000000000      0xc6f
 *(.debug_loc)
 .debug_loc     0x0000000000000000      0x10a init.c.o
 .debug_loc     0x000000000000010a      0x198 string/lib_strncmp.c.o
 .debug_loc     0x00000000000002a2       0x76 string/lib_strcmp.c.o
 .debug_loc     0x0000000000000318      0x1f5 string/lib_memcpy.c.o
 .debug_loc     0x000000000000050d       0xf2 string/lib_memset.c.o
 .debug_loc     0x00000000000005ff       0x3e string/lib_strcpy.c.o
 .debug_loc     0x000000000000063d       0xe7 string/lib_strncpy.c.o
 .debug_loc     0x0000000000000724       0x7e string/lib_strlen.c.o
 .debug_loc     0x00000000000007a2       0x83 string/lib_strncat.c.o
 .debug_loc     0x0000000000000825       0x36 string/lib_skipspace.c.o
 .debug_loc     0x000000000000085b      0x167 string/lib_isbasedigit.c.o
 .debug_loc     0x00000000000009c2       0xf2 stdlib/lib_strtol.c.o
 .debug_loc     0x0000000000000ab4      0x106 stdlib/lib_strtoul.c.o
 .debug_loc     0x0000000000000bba       0xb5 stdlib/lib_checkbase.c.o

.debug_macinfo
 *(.debug_macinfo)

.debug_weaknames
 *(.debug_weaknames)

.debug_funcnames
 *(.debug_funcnames)

.debug_typenames
 *(.debug_typenames)

.debug_varnames
 *(.debug_varnames)

.debug_pubtypes
 *(.debug_pubtypes)

.debug_ranges   0x0000000000000000      0x100
 *(.debug_ranges)
 .debug_ranges  0x0000000000000000       0x20 init.c.o
 .debug_ranges  0x0000000000000020       0x10 string/lib_strncmp.c.o
 .debug_ranges  0x0000000000000030       0x10 string/lib_strcmp.c.o
 .debug_ranges  0x0000000000000040       0x10 string/lib_memcpy.c.o
 .debug_ranges  0x0000000000000050       0x10 string/lib_memset.c.o
 .debug_ranges  0x0000000000000060       0x10 string/lib_strcpy.c.o
 .debug_ranges  0x0000000000000070       0x10 string/lib_strncpy.c.o
 .debug_ranges  0x0000000000000080       0x10 string/lib_strlen.c.o
 .debug_ranges  0x0000000000000090       0x10 string/lib_strncat.c.o
 .debug_ranges  0x00000000000000a0       0x10 string/lib_skipspace.c.o
 .debug_ranges  0x00000000000000b0       0x10 string/lib_isbasedigit.c.o
 .debug_ranges  0x00000000000000c0       0x10 stdio/lib_printf.c.o
 .debug_ranges  0x00000000000000d0       0x10 stdlib/lib_strtol.c.o
 .debug_ranges  0x00000000000000e0       0x10 stdlib/lib_strtoul.c.o
 .debug_ranges  0x00000000000000f0       0x10 stdlib/lib_checkbase.c.o

.debug_macro    0x0000000000000000     0x18ec
 *(.debug_macro)
 .debug_macro   0x0000000000000000      0x12f init.c.o
 .debug_macro   0x000000000000012f      0x176 string/lib_strncmp.c.o
 .debug_macro   0x00000000000002a5       0xfc string/lib_strcmp.c.o
 .debug_macro   0x00000000000003a1      0x176 string/lib_memcpy.c.o
 .debug_macro   0x0000000000000517      0x1a7 string/lib_memset.c.o
 .debug_macro   0x00000000000006be       0xfc string/lib_strcpy.c.o
 .debug_macro   0x00000000000007ba      0x176 string/lib_strncpy.c.o
 .debug_macro   0x0000000000000930      0x176 string/lib_strlen.c.o
 .debug_macro   0x0000000000000aa6      0x176 string/lib_strncat.c.o
 .debug_macro   0x0000000000000c1c      0x22e string/lib_skipspace.c.o
 .debug_macro   0x0000000000000e4a      0x231 string/lib_isbasedigit.c.o
 .debug_macro   0x000000000000107b      0x248 stdio/lib_printf.c.o
 .debug_macro   0x00000000000012c3      0x1fc stdlib/lib_strtol.c.o
 .debug_macro   0x00000000000014bf      0x1fc stdlib/lib_strtoul.c.o
 .debug_macro   0x00000000000016bb      0x231 stdlib/lib_checkbase.c.o

.stack
 *(.stack)

.ARM.attributes
                0x0000000000000000       0x35
 *(.ARM.attributes)
 .ARM.attributes
                0x0000000000000000       0x35 init.c.o
 .ARM.attributes
                0x0000000000000035       0x35 string/lib_strncmp.c.o
 .ARM.attributes
                0x000000000000006a       0x35 string/lib_strcmp.c.o
 .ARM.attributes
                0x000000000000009f       0x35 string/lib_memcpy.c.o
 .ARM.attributes
                0x00000000000000d4       0x35 string/lib_memset.c.o
 .ARM.attributes
                0x0000000000000109       0x35 string/lib_strcpy.c.o
 .ARM.attributes
                0x000000000000013e       0x35 string/lib_strncpy.c.o
 .ARM.attributes
                0x0000000000000173       0x35 string/lib_strlen.c.o
 .ARM.attributes
                0x00000000000001a8       0x35 string/lib_strncat.c.o
 .ARM.attributes
                0x00000000000001dd       0x35 string/lib_skipspace.c.o
 .ARM.attributes
                0x0000000000000212       0x35 string/lib_isbasedigit.c.o
 .ARM.attributes
                0x0000000000000247       0x35 stdio/lib_printf.c.o
 .ARM.attributes
                0x000000000000027c       0x35 stdlib/lib_strtol.c.o
 .ARM.attributes
                0x00000000000002b1       0x35 stdlib/lib_strtoul.c.o
 .ARM.attributes
                0x00000000000002e6       0x35 stdlib/lib_checkbase.c.o
 *(.gnu.attributes)

.note.gnu.arm.ident
 *(.note.gnu.arm.ident)
OUTPUT(/Users/zarathustra/Documents/Git/PX4/Flow-new/Build/px4flow-v1_default.build//Users/zarathustra/Documents/Git/PX4/Flow-new/src/modules/libc/module.pre.o elf32-littlearm)

.debug_macro    0x0000000000000000      0x8a4
 .debug_macro   0x0000000000000000      0x8a4 init.c.o

.debug_macro    0x0000000000000000       0x22
 .debug_macro   0x0000000000000000       0x22 init.c.o

.debug_macro    0x0000000000000000       0x22
 .debug_macro   0x0000000000000000       0x22 init.c.o

.debug_macro    0x0000000000000000       0x4c
 .debug_macro   0x0000000000000000       0x4c init.c.o

.debug_macro    0x0000000000000000       0x8d
 .debug_macro   0x0000000000000000       0x8d init.c.o

.debug_macro    0x0000000000000000       0x2e
 .debug_macro   0x0000000000000000       0x2e init.c.o

.debug_macro    0x0000000000000000       0x9c
 .debug_macro   0x0000000000000000       0x9c init.c.o

.debug_macro    0x0000000000000000       0x4a
 .debug_macro   0x0000000000000000       0x4a init.c.o

.debug_macro    0x0000000000000000      0x16d
 .debug_macro   0x0000000000000000      0x16d init.c.o

.debug_macro    0x0000000000000000      0x330
 .debug_macro   0x0000000000000000      0x330 init.c.o

.debug_macro    0x0000000000000000       0x10
 .debug_macro   0x0000000000000000       0x10 init.c.o

.debug_macro    0x0000000000000000       0x52
 .debug_macro   0x0000000000000000       0x52 init.c.o

.debug_macro    0x0000000000000000       0x1f
 .debug_macro   0x0000000000000000       0x1f init.c.o

.debug_macro    0x0000000000000000       0x43
 .debug_macro   0x0000000000000000       0x43 init.c.o

.debug_macro    0x0000000000000000       0x20
 .debug_macro   0x0000000000000000       0x20 init.c.o

.debug_macro    0x0000000000000000       0x5e
 .debug_macro   0x0000000000000000       0x5e init.c.o

.debug_macro    0x0000000000000000       0x1c
 .debug_macro   0x0000000000000000       0x1c init.c.o

.debug_macro    0x0000000000000000       0x52
 .debug_macro   0x0000000000000000       0x52 init.c.o

.debug_macro    0x0000000000000000       0x40
 .debug_macro   0x0000000000000000       0x40 init.c.o

.debug_macro    0x0000000000000000       0x10
 .debug_macro   0x0000000000000000       0x10 init.c.o

.debug_macro    0x0000000000000000       0x40
 .debug_macro   0x0000000000000000       0x40 init.c.o

.debug_macro    0x0000000000000000       0xd7
 .debug_macro   0x0000000000000000       0xd7 init.c.o

.debug_macro    0x0000000000000000       0x1c
 .debug_macro   0x0000000000000000       0x1c string/lib_strncmp.c.o

.debug_macro    0x0000000000000000      0x187
 .debug_macro   0x0000000000000000      0x187 string/lib_strncmp.c.o

.debug_macro    0x0000000000000000       0x10
 .debug_macro   0x0000000000000000       0x10 string/lib_strncmp.c.o

.debug_macro    0x0000000000000000       0x35
 .debug_macro   0x0000000000000000       0x35 string/lib_strncmp.c.o

.debug_macro    0x0000000000000000       0xfd
 .debug_macro   0x0000000000000000       0xfd string/lib_memset.c.o

.debug_macro    0x0000000000000000      0x1df
 .debug_macro   0x0000000000000000      0x1df string/lib_memset.c.o

.debug_macro    0x0000000000000000       0x16
 .debug_macro   0x0000000000000000       0x16 string/lib_memset.c.o

.debug_macro    0x0000000000000000       0x22
 .debug_macro   0x0000000000000000       0x22 string/lib_skipspace.c.o

.debug_macro    0x0000000000000000       0x1c
 .debug_macro   0x0000000000000000       0x1c string/lib_skipspace.c.o

.debug_macro    0x0000000000000000       0x10
 .debug_macro   0x0000000000000000       0x10 string/lib_skipspace.c.o

.debug_macro    0x0000000000000000       0x10
 .debug_macro   0x0000000000000000       0x10 string/lib_skipspace.c.o

.debug_macro    0x0000000000000000       0x16
 .debug_macro   0x0000000000000000       0x16 string/lib_skipspace.c.o

.debug_macro    0x0000000000000000      0x18b
 .debug_macro   0x0000000000000000      0x18b string/lib_skipspace.c.o

.debug_macro    0x0000000000000000       0x2b
 .debug_macro   0x0000000000000000       0x2b string/lib_skipspace.c.o

.debug_macro    0x0000000000000000      0x118
 .debug_macro   0x0000000000000000      0x118 string/lib_skipspace.c.o

.debug_macro    0x0000000000000000       0x1c
 .debug_macro   0x0000000000000000       0x1c string/lib_skipspace.c.o

.debug_macro    0x0000000000000000       0x16
 .debug_macro   0x0000000000000000       0x16 string/lib_skipspace.c.o

.debug_macro    0x0000000000000000       0x16
 .debug_macro   0x0000000000000000       0x16 string/lib_skipspace.c.o

.debug_macro    0x0000000000000000       0x29
 .debug_macro   0x0000000000000000       0x29 string/lib_skipspace.c.o

.debug_macro    0x0000000000000000       0x4f
 .debug_macro   0x0000000000000000       0x4f string/lib_skipspace.c.o

.debug_macro    0x0000000000000000      0x111
 .debug_macro   0x0000000000000000      0x111 string/lib_isbasedigit.c.o

.debug_macro    0x0000000000000000       0x16
 .debug_macro   0x0000000000000000       0x16 stdio/lib_printf.c.o

.debug_macro    0x0000000000000000       0x97
 .debug_macro   0x0000000000000000       0x97 stdio/lib_printf.c.o

.debug_macro    0x0000000000000000       0xf6
 .debug_macro   0x0000000000000000       0xf6 stdio/lib_printf.c.o

.debug_macro    0x0000000000000000       0x4c
 .debug_macro   0x0000000000000000       0x4c stdio/lib_printf.c.o

.debug_macro    0x0000000000000000       0x16
 .debug_macro   0x0000000000000000       0x16 stdio/lib_printf.c.o

.debug_macro    0x0000000000000000      0x10e
 .debug_macro   0x0000000000000000      0x10e stdlib/lib_strtol.c.o

.debug_macro    0x0000000000000000       0x86
 .debug_macro   0x0000000000000000       0x86 stdlib/lib_strtol.c.o

.debug_macro    0x0000000000000000       0x67
 .debug_macro   0x0000000000000000       0x67 stdlib/lib_strtol.c.o
