
Memory Configuration

Name             Origin             Length             Attributes
*default*        0x0000000000000000 0xffffffffffffffff

Linker script and memory map

LOAD px4_log.c.o

.interp
 *(.interp)

.note.gnu.build-id
 *(.note.gnu.build-id)

.hash
 *(.hash)

.gnu.hash
 *(.gnu.hash)

.dynsym
 *(.dynsym)

.dynstr
 *(.dynstr)

.gnu.version
 *(.gnu.version)

.gnu.version_d
 *(.gnu.version_d)

.gnu.version_r
 *(.gnu.version_r)

.rel.init
 *(.rel.init)

.rela.init
 *(.rela.init)

.rel.text
 *(.rel.text)

.rela.text
 *(.rela.text)

.rel.fini
 *(.rel.fini)

.rela.fini
 *(.rela.fini)

.rel.rodata
 *(.rel.rodata)

.rela.rodata
 *(.rela.rodata)

.rel.data.rel.ro
 *(.rel.data.rel.ro)

.rela.data.rel.ro
 *(.rela.data.rel.ro)

.rel.data
 *(.rel.data)

.rela.data
 *(.rela.data)

.rel.tdata
 *(.rel.tdata)

.rela.tdata
 *(.rela.tdata)

.rel.tbss
 *(.rel.tbss)

.rela.tbss
 *(.rela.tbss)

.rel.ctors
 *(.rel.ctors)

.rela.ctors
 *(.rela.ctors)

.rel.dtors
 *(.rel.dtors)

.rela.dtors
 *(.rela.dtors)

.rel.got
 *(.rel.got)

.rela.got
 *(.rela.got)

.rel.bss
 *(.rel.bss)

.rela.bss
 *(.rela.bss)

.rel.iplt
 *(.rel.iplt)

.rela.iplt
 *(.rela.iplt)

.rel.plt
 *(.rel.plt)

.rela.plt
 *(.rela.plt)

.init
 *(SORT(.init))

.plt
 *(.plt)

.iplt
 *(.iplt)

.text           0x0000000000000000        0x0
 *(.text .stub)
 .text          0x0000000000000000        0x0 px4_log.c.o
 *(.gnu.warning)

.fini
 *(SORT(.fini))

.rodata
 *(.rodata)

.rodata.str1.4  0x0000000000000000       0x26
 .rodata.str1.4
                0x0000000000000000       0x26 px4_log.c.o

.rodata1
 *(.rodata1)

.ARM.extab
 *(.ARM.extab)

.ARM.exidx
 *(.ARM.exidx)

.eh_frame_hdr
 *(.eh_frame_hdr)

.eh_frame
 *(.eh_frame)

.gcc_except_table
 *(.gcc_except_table .gcc_except_table.*)

.gnu_extab
 *(.gnu_extab*)

.exception_ranges
 *(.exception_ranges .exception_ranges*)

.eh_frame
 *(.eh_frame)

.gnu_extab
 *(.gnu_extab)

.gcc_except_table
 *(.gcc_except_table .gcc_except_table.*)

.exception_ranges
 *(.exception_ranges .exception_ranges*)

.tdata
 *(.tdata)

.tbss
 *(.tbss)

.preinit_array
 *(.preinit_array)

.jcr
 *(.jcr)

.dynamic
 *(.dynamic)

.got
 *(.got.plt)
 *(.igot.plt)
 *(.got)
 *(.igot)

.data           0x0000000000000000        0x0
 *(.data)
 .data          0x0000000000000000        0x0 px4_log.c.o

.data.__px4_log_level_current
                0x0000000000000000        0x4
 .data.__px4_log_level_current
                0x0000000000000000        0x4 px4_log.c.o
                0x0000000000000000                __px4_log_level_current

.data.__px4_log_level_str
                0x0000000000000000       0x14
 .data.__px4_log_level_str
                0x0000000000000000       0x14 px4_log.c.o
                0x0000000000000000                __px4_log_level_str

.data1
 *(.data1)

.bss            0x0000000000000000        0x0
 *(.dynbss)
 *(.bss)
 .bss           0x0000000000000000        0x0 px4_log.c.o
 *(COMMON)

.stab
 *(.stab)

.stabstr
 *(.stabstr)

.stab.excl
 *(.stab.excl)

.stab.exclstr
 *(.stab.exclstr)

.stab.index
 *(.stab.index)

.stab.indexstr
 *(.stab.indexstr)

.comment        0x0000000000000000       0x6f
 *(.comment)
 .comment       0x0000000000000000       0x6f px4_log.c.o

.group          0x0000000000000000        0x8
 .group         0x0000000000000000        0x8 px4_log.c.o

.group          0x0000000000000000        0x8
 .group         0x0000000000000000        0x8 px4_log.c.o

.group          0x0000000000000000        0x8
 .group         0x0000000000000000        0x8 px4_log.c.o

.group          0x0000000000000000        0x8
 .group         0x0000000000000000        0x8 px4_log.c.o

.group          0x0000000000000000        0x8
 .group         0x0000000000000000        0x8 px4_log.c.o

.group          0x0000000000000000        0x8
 .group         0x0000000000000000        0x8 px4_log.c.o

.group          0x0000000000000000        0x8
 .group         0x0000000000000000        0x8 px4_log.c.o

.group          0x0000000000000000        0x8
 .group         0x0000000000000000        0x8 px4_log.c.o

.group          0x0000000000000000        0x8
 .group         0x0000000000000000        0x8 px4_log.c.o

.group          0x0000000000000000        0x8
 .group         0x0000000000000000        0x8 px4_log.c.o

.group          0x0000000000000000        0x8
 .group         0x0000000000000000        0x8 px4_log.c.o

.group          0x0000000000000000        0x8
 .group         0x0000000000000000        0x8 px4_log.c.o

.group          0x0000000000000000        0x8
 .group         0x0000000000000000        0x8 px4_log.c.o

.group          0x0000000000000000        0x8
 .group         0x0000000000000000        0x8 px4_log.c.o

.group          0x0000000000000000        0x8
 .group         0x0000000000000000        0x8 px4_log.c.o

.group          0x0000000000000000        0x8
 .group         0x0000000000000000        0x8 px4_log.c.o

.debug
 *(.debug)

.line
 *(.line)

.debug_srcinfo
 *(.debug_srcinfo)

.debug_sfnames
 *(.debug_sfnames)

.debug_aranges  0x0000000000000000       0x18
 *(.debug_aranges)
 .debug_aranges
                0x0000000000000000       0x18 px4_log.c.o

.debug_pubnames
 *(.debug_pubnames)

.debug_info     0x0000000000000000       0xaf
 *(.debug_info)
 .debug_info    0x0000000000000000       0xaf px4_log.c.o

.debug_abbrev   0x0000000000000000       0x5a
 *(.debug_abbrev)
 .debug_abbrev  0x0000000000000000       0x5a px4_log.c.o

.debug_line     0x0000000000000000      0x2e9
 *(.debug_line .debug_line.* .debug_line_end)
 .debug_line    0x0000000000000000      0x2e9 px4_log.c.o

.debug_frame
 *(.debug_frame)

.debug_str      0x0000000000000000     0x6d72
 *(.debug_str)
 .debug_str     0x0000000000000000     0x6d72 px4_log.c.o

.debug_loc
 *(.debug_loc)

.debug_macinfo
 *(.debug_macinfo)

.debug_weaknames
 *(.debug_weaknames)

.debug_funcnames
 *(.debug_funcnames)

.debug_typenames
 *(.debug_typenames)

.debug_varnames
 *(.debug_varnames)

.debug_pubtypes
 *(.debug_pubtypes)

.debug_ranges
 *(.debug_ranges)

.debug_macro    0x0000000000000000       0xd6
 *(.debug_macro)
 .debug_macro   0x0000000000000000       0xd6 px4_log.c.o

.stack
 *(.stack)

.ARM.attributes
                0x0000000000000000       0x35
 *(.ARM.attributes)
 .ARM.attributes
                0x0000000000000000       0x35 px4_log.c.o
 *(.gnu.attributes)

.note.gnu.arm.ident
 *(.note.gnu.arm.ident)
OUTPUT(/Users/zarathustra/Documents/Git/PX4/Flow-new/Build/px4flow-v1_default.build//Users/zarathustra/Documents/Git/PX4/Flow-new/src/platforms/common/module.pre.o elf32-littlearm)

.debug_macro    0x0000000000000000      0x8a4
 .debug_macro   0x0000000000000000      0x8a4 px4_log.c.o

.debug_macro    0x0000000000000000       0x22
 .debug_macro   0x0000000000000000       0x22 px4_log.c.o

.debug_macro    0x0000000000000000       0x22
 .debug_macro   0x0000000000000000       0x22 px4_log.c.o

.debug_macro    0x0000000000000000       0x4c
 .debug_macro   0x0000000000000000       0x4c px4_log.c.o

.debug_macro    0x0000000000000000       0x8d
 .debug_macro   0x0000000000000000       0x8d px4_log.c.o

.debug_macro    0x0000000000000000       0x2e
 .debug_macro   0x0000000000000000       0x2e px4_log.c.o

.debug_macro    0x0000000000000000       0xfd
 .debug_macro   0x0000000000000000       0xfd px4_log.c.o

.debug_macro    0x0000000000000000       0x4a
 .debug_macro   0x0000000000000000       0x4a px4_log.c.o

.debug_macro    0x0000000000000000       0x5e
 .debug_macro   0x0000000000000000       0x5e px4_log.c.o

.debug_macro    0x0000000000000000      0x1df
 .debug_macro   0x0000000000000000      0x1df px4_log.c.o

.debug_macro    0x0000000000000000       0x82
 .debug_macro   0x0000000000000000       0x82 px4_log.c.o

.debug_macro    0x0000000000000000      0x45d
 .debug_macro   0x0000000000000000      0x45d px4_log.c.o

.debug_macro    0x0000000000000000       0xfd
 .debug_macro   0x0000000000000000       0xfd px4_log.c.o

.debug_macro    0x0000000000000000      0x330
 .debug_macro   0x0000000000000000      0x330 px4_log.c.o

.debug_macro    0x0000000000000000       0x30
 .debug_macro   0x0000000000000000       0x30 px4_log.c.o

.debug_macro    0x0000000000000000       0xe5
 .debug_macro   0x0000000000000000       0xe5 px4_log.c.o
