
Discarded input sections

 .group         0x0000000000000000        0x8 /Users/zarathustra/Documents/Git/PX4/Flow-new/Build/px4flow-v1_default.build//Users/zarathustra/Documents/Git/PX4/Flow-new/Build/px4flow-v1_default.build/empty.c.o
 .text          0x0000000000000000        0x0 /Users/zarathustra/Documents/Git/PX4/Flow-new/Build/px4flow-v1_default.build//Users/zarathustra/Documents/Git/PX4/Flow-new/Build/px4flow-v1_default.build/empty.c.o
 .data          0x0000000000000000        0x0 /Users/zarathustra/Documents/Git/PX4/Flow-new/Build/px4flow-v1_default.build//Users/zarathustra/Documents/Git/PX4/Flow-new/Build/px4flow-v1_default.build/empty.c.o
 .bss           0x0000000000000000        0x0 /Users/zarathustra/Documents/Git/PX4/Flow-new/Build/px4flow-v1_default.build//Users/zarathustra/Documents/Git/PX4/Flow-new/Build/px4flow-v1_default.build/empty.c.o
 .debug_info    0x0000000000000000       0x1d /Users/zarathustra/Documents/Git/PX4/Flow-new/Build/px4flow-v1_default.build//Users/zarathustra/Documents/Git/PX4/Flow-new/Build/px4flow-v1_default.build/empty.c.o
 .debug_abbrev  0x0000000000000000       0x11 /Users/zarathustra/Documents/Git/PX4/Flow-new/Build/px4flow-v1_default.build//Users/zarathustra/Documents/Git/PX4/Flow-new/Build/px4flow-v1_default.build/empty.c.o
 .debug_aranges
                0x0000000000000000       0x18 /Users/zarathustra/Documents/Git/PX4/Flow-new/Build/px4flow-v1_default.build//Users/zarathustra/Documents/Git/PX4/Flow-new/Build/px4flow-v1_default.build/empty.c.o
 .debug_macro   0x0000000000000000       0x11 /Users/zarathustra/Documents/Git/PX4/Flow-new/Build/px4flow-v1_default.build//Users/zarathustra/Documents/Git/PX4/Flow-new/Build/px4flow-v1_default.build/empty.c.o
 .debug_macro   0x0000000000000000      0x8a4 /Users/zarathustra/Documents/Git/PX4/Flow-new/Build/px4flow-v1_default.build//Users/zarathustra/Documents/Git/PX4/Flow-new/Build/px4flow-v1_default.build/empty.c.o
 .debug_line    0x0000000000000000       0x75 /Users/zarathustra/Documents/Git/PX4/Flow-new/Build/px4flow-v1_default.build//Users/zarathustra/Documents/Git/PX4/Flow-new/Build/px4flow-v1_default.build/empty.c.o
 .debug_str     0x0000000000000000     0x260d /Users/zarathustra/Documents/Git/PX4/Flow-new/Build/px4flow-v1_default.build//Users/zarathustra/Documents/Git/PX4/Flow-new/Build/px4flow-v1_default.build/empty.c.o
 .comment       0x0000000000000000       0x6f /Users/zarathustra/Documents/Git/PX4/Flow-new/Build/px4flow-v1_default.build//Users/zarathustra/Documents/Git/PX4/Flow-new/Build/px4flow-v1_default.build/empty.c.o
 .ARM.attributes
                0x0000000000000000       0x35 /Users/zarathustra/Documents/Git/PX4/Flow-new/Build/px4flow-v1_default.build//Users/zarathustra/Documents/Git/PX4/Flow-new/Build/px4flow-v1_default.build/empty.c.o
 .group         0x0000000000000000        0x8 /Users/zarathustra/Documents/Git/PX4/Flow-new/Build/px4flow-v1_default.build//Users/zarathustra/Documents/Git/PX4/Flow-new/src/drivers/boards/px4flow-v1/module.pre.o
 .group         0x0000000000000000        0x8 /Users/zarathustra/Documents/Git/PX4/Flow-new/Build/px4flow-v1_default.build//Users/zarathustra/Documents/Git/PX4/Flow-new/src/drivers/boards/px4flow-v1/module.pre.o
 .group         0x0000000000000000        0x8 /Users/zarathustra/Documents/Git/PX4/Flow-new/Build/px4flow-v1_default.build//Users/zarathustra/Documents/Git/PX4/Flow-new/src/drivers/boards/px4flow-v1/module.pre.o
 .group         0x0000000000000000        0x8 /Users/zarathustra/Documents/Git/PX4/Flow-new/Build/px4flow-v1_default.build//Users/zarathustra/Documents/Git/PX4/Flow-new/src/drivers/boards/px4flow-v1/module.pre.o
 .group         0x0000000000000000        0x8 /Users/zarathustra/Documents/Git/PX4/Flow-new/Build/px4flow-v1_default.build//Users/zarathustra/Documents/Git/PX4/Flow-new/src/drivers/boards/px4flow-v1/module.pre.o
 .group         0x0000000000000000        0x8 /Users/zarathustra/Documents/Git/PX4/Flow-new/Build/px4flow-v1_default.build//Users/zarathustra/Documents/Git/PX4/Flow-new/src/drivers/boards/px4flow-v1/module.pre.o
 .group         0x0000000000000000        0x8 /Users/zarathustra/Documents/Git/PX4/Flow-new/Build/px4flow-v1_default.build//Users/zarathustra/Documents/Git/PX4/Flow-new/src/drivers/boards/px4flow-v1/module.pre.o
 .group         0x0000000000000000        0x8 /Users/zarathustra/Documents/Git/PX4/Flow-new/Build/px4flow-v1_default.build//Users/zarathustra/Documents/Git/PX4/Flow-new/src/drivers/boards/px4flow-v1/module.pre.o
 .group         0x0000000000000000        0x8 /Users/zarathustra/Documents/Git/PX4/Flow-new/Build/px4flow-v1_default.build//Users/zarathustra/Documents/Git/PX4/Flow-new/src/drivers/boards/px4flow-v1/module.pre.o
 .group         0x0000000000000000        0x8 /Users/zarathustra/Documents/Git/PX4/Flow-new/Build/px4flow-v1_default.build//Users/zarathustra/Documents/Git/PX4/Flow-new/src/drivers/boards/px4flow-v1/module.pre.o
[...]
Memory Configuration

Name             Origin             Length             Attributes
FLASH            0x0000000008004000 0x00000000000fc000 xr
RAM              0x0000000020000000 0x0000000000020000 xrw
CCM              0x0000000010000000 0x0000000000010000 xrw
*default*        0x0000000000000000 0xffffffffffffffff

Linker script and memory map

                0x0000000020020000                _estack = 0x20020000
                0x0000000000000000                _Min_Heap_Size = 0x0
                0x0000000000000400                _Min_Stack_Size = 0x400

.isr_vector     0x0000000008004000      0x188
                0x0000000008004000                . = ALIGN (0x4)
 *(.isr_vector)
 .isr_vector    0x0000000008004000      0x188 /Users/zarathustra/Documents/Git/PX4/Flow-new/Build/px4flow-v1_default.build//Users/zarathustra/Documents/Git/PX4/Flow-new/src/modules/flow/module.pre.o
                0x0000000008004000                g_pfnVectors
                0x0000000008004188                . = ALIGN (0x4)

.text           0x0000000008004188     0xd1d8
                0x0000000008004188                . = ALIGN (0x4)
 *(.text)
 *(.text*)
 .text.Reset_Handler
                0x0000000008004188       0x48 /Users/zarathustra/Documents/Git/PX4/Flow-new/Build/px4flow-v1_default.build//Users/zarathustra/Documents/Git/PX4/Flow-new/src/modules/flow/module.pre.o
                0x0000000008004188                Reset_Handler
 .text.Default_Handler
                0x00000000080041d0        0x2 /Users/zarathustra/Documents/Git/PX4/Flow-new/Build/px4flow-v1_default.build//Users/zarathustra/Documents/Git/PX4/Flow-new/src/modules/flow/module.pre.o
                0x00000000080041d0                DMA1_Stream3_IRQHandler
                0x00000000080041d0                HASH_RNG_IRQHandler
                0x00000000080041d0                EXTI2_IRQHandler
                0x00000000080041d0                TIM8_CC_IRQHandler
                0x00000000080041d0                TIM1_CC_IRQHandler
                0x00000000080041d0                DMA2_Stream5_IRQHandler
                0x00000000080041d0                DMA1_Stream5_IRQHandler
                0x00000000080041d0                PVD_IRQHandler
                0x00000000080041d0                SDIO_IRQHandler
                0x00000000080041d0                TAMP_STAMP_IRQHandler
                0x00000000080041d0                CAN2_RX1_IRQHandler
                0x00000000080041d0                EXTI3_IRQHandler
                0x00000000080041d0                TIM8_TRG_COM_TIM14_IRQHandler
                0x00000000080041d0                TIM1_UP_TIM10_IRQHandler
                0x00000000080041d0                TIM8_UP_TIM13_IRQHandler
                0x00000000080041d0                I2C3_ER_IRQHandler
                0x00000000080041d0                EXTI0_IRQHandler
                0x00000000080041d0                I2C2_EV_IRQHandler
                0x00000000080041d0                DMA1_Stream2_IRQHandler
                0x00000000080041d0                CAN1_RX0_IRQHandler
                0x00000000080041d0                FPU_IRQHandler
                0x00000000080041d0                OTG_HS_WKUP_IRQHandler
                0x00000000080041d0                CAN2_SCE_IRQHandler
                0x00000000080041d0                DMA2_Stream2_IRQHandler
                0x00000000080041d0                SPI1_IRQHandler
                0x00000000080041d0                TIM6_DAC_IRQHandler
                0x00000000080041d0                TIM1_BRK_TIM9_IRQHandler
                0x00000000080041d0                CAN2_RX0_IRQHandler
                0x00000000080041d0                DMA2_Stream3_IRQHandler
                0x00000000080041d0                USART6_IRQHandler
                0x00000000080041d0                CRYP_IRQHandler
                0x00000000080041d0                CAN1_RX1_IRQHandler
                0x00000000080041d0                UART5_IRQHandler
                0x00000000080041d0                DMA2_Stream0_IRQHandler
                0x00000000080041d0                TIM4_IRQHandler
                0x00000000080041d0                DMA1_Stream6_IRQHandler
                0x00000000080041d0                DMA1_Stream1_IRQHandler
                0x00000000080041d0                TIM3_IRQHandler
                0x00000000080041d0                RCC_IRQHandler
                0x00000000080041d0                TIM8_BRK_TIM12_IRQHandler
                0x00000000080041d0                Default_Handler
                0x00000000080041d0                EXTI15_10_IRQHandler
                0x00000000080041d0                ADC_IRQHandler
                0x00000000080041d0                DMA1_Stream7_IRQHandler
                0x00000000080041d0                TIM7_IRQHandler
                0x00000000080041d0                CAN2_TX_IRQHandler
                0x00000000080041d0                TIM5_IRQHandler
                0x00000000080041d0                DMA2_Stream7_IRQHandler
                0x00000000080041d0                I2C3_EV_IRQHandler
                0x00000000080041d0                EXTI9_5_IRQHandler
                0x00000000080041d0                RTC_WKUP_IRQHandler
                0x00000000080041d0                ETH_WKUP_IRQHandler
                0x00000000080041d0                SPI2_IRQHandler
                0x00000000080041d0                OTG_HS_EP1_IN_IRQHandler
                0x00000000080041d0                DMA1_Stream0_IRQHandler
                0x00000000080041d0                CAN1_TX_IRQHandler
                0x00000000080041d0                EXTI4_IRQHandler
                0x00000000080041d0                FSMC_IRQHandler
                0x00000000080041d0                ETH_IRQHandler
                0x00000000080041d0                OTG_HS_EP1_OUT_IRQHandler
                0x00000000080041d0                WWDG_IRQHandler
                0x00000000080041d0                TIM2_IRQHandler
                0x00000000080041d0                OTG_FS_WKUP_IRQHandler
                0x00000000080041d0                TIM1_TRG_COM_TIM11_IRQHandler
                0x00000000080041d0                OTG_HS_IRQHandler
                0x00000000080041d0                EXTI1_IRQHandler
                0x00000000080041d0                I2C2_ER_IRQHandler
                0x00000000080041d0                CAN1_SCE_IRQHandler
                0x00000000080041d0                FLASH_IRQHandler
                0x00000000080041d0                DMA2_Stream4_IRQHandler
                0x00000000080041d0                USART1_IRQHandler
                0x00000000080041d0                SPI3_IRQHandler
                0x00000000080041d0                DMA1_Stream4_IRQHandler
                0x00000000080041d0                DMA2_Stream6_IRQHandler
                0x00000000080041d0                RTC_Alarm_IRQHandler
 *fill*         0x00000000080041d2        0x2 
 .text.SystemInit
                0x00000000080041d4      0x104 /Users/zarathustra/Documents/Git/PX4/Flow-new/Build/px4flow-v1_default.build//Users/zarathustra/Documents/Git/PX4/Flow-new/src/modules/flow/module.pre.o
                0x00000000080041d4                SystemInit
 .text.NMI_Handler
                0x00000000080042d8        0x4 /Users/zarathustra/Documents/Git/PX4/Flow-new/Build/px4flow-v1_default.build//Users/zarathustra/Documents/Git/PX4/Flow-new/src/modules/flow/module.pre.o
                0x00000000080042d8                NMI_Handler
 .text.HardFault_Handler
                0x00000000080042dc        0x4 /Users/zarathustra/Documents/Git/PX4/Flow-new/Build/px4flow-v1_default.build//Users/zarathustra/Documents/Git/PX4/Flow-new/src/modules/flow/module.pre.o
                0x00000000080042dc                HardFault_Handler
 .text.MemManage_Handler
                0x00000000080042e0        0x4 /Users/zarathustra/Documents/Git/PX4/Flow-new/Build/px4flow-v1_default.build//Users/zarathustra/Documents/Git/PX4/Flow-new/src/modules/flow/module.pre.o
                0x00000000080042e0                MemManage_Handler
 .text.BusFault_Handler
                0x00000000080042e4        0x4 /Users/zarathustra/Documents/Git/PX4/Flow-new/Build/px4flow-v1_default.build//Users/zarathustra/Documents/Git/PX4/Flow-new/src/modules/flow/module.pre.o
                0x00000000080042e4                BusFault_Handler
 .text.UsageFault_Handler
                0x00000000080042e8        0x4 /Users/zarathustra/Documents/Git/PX4/Flow-new/Build/px4flow-v1_default.build//Users/zarathustra/Documents/Git/PX4/Flow-new/src/modules/flow/module.pre.o
                0x00000000080042e8                UsageFault_Handler
 .text.SVC_Handler
                0x00000000080042ec        0x4 /Users/zarathustra/Documents/Git/PX4/Flow-new/Build/px4flow-v1_default.build//Users/zarathustra/Documents/Git/PX4/Flow-new/src/modules/flow/module.pre.o
                0x00000000080042ec                SVC_Handler
 .text.DebugMon_Handler
                0x00000000080042f0        0x4 /Users/zarathustra/Documents/Git/PX4/Flow-new/Build/px4flow-v1_default.build//Users/zarathustra/Documents/Git/PX4/Flow-new/src/modules/flow/module.pre.o
                0x00000000080042f0                DebugMon_Handler
 .text.PendSV_Handler
                0x00000000080042f4        0x4 /Users/zarathustra/Documents/Git/PX4/Flow-new/Build/px4flow-v1_default.build//Users/zarathustra/Documents/Git/PX4/Flow-new/src/modules/flow/module.pre.o
                0x00000000080042f4                PendSV_Handler
 .text.SysTick_Handler
                0x00000000080042f8        0x4 /Users/zarathustra/Documents/Git/PX4/Flow-new/Build/px4flow-v1_default.build//Users/zarathustra/Documents/Git/PX4/Flow-new/src/modules/flow/module.pre.o
                0x00000000080042f8                SysTick_Handler
 .text.OTG_FS_IRQHandler
                0x00000000080042fc        0xc /Users/zarathustra/Documents/Git/PX4/Flow-new/Build/px4flow-v1_default.build//Users/zarathustra/Documents/Git/PX4/Flow-new/src/modules/flow/module.pre.o
                0x00000000080042fc                OTG_FS_IRQHandler
 .text.timer_update_ms
                0x0000000008004308      0x124 /Users/zarathustra/Documents/Git/PX4/Flow-new/Build/px4flow-v1_default.build//Users/zarathustra/Documents/Git/PX4/Flow-new/src/modules/flow/module.pre.o
                0x0000000008004308                timer_update_ms
 .text.timer_update
                0x000000000800442c       0x28 /Users/zarathustra/Documents/Git/PX4/Flow-new/Build/px4flow-v1_default.build//Users/zarathustra/Documents/Git/PX4/Flow-new/src/modules/flow/module.pre.o
                0x000000000800442c                timer_update
 .text.get_boot_time_us
                0x0000000008004454       0x10 /Users/zarathustra/Documents/Git/PX4/Flow-new/Build/px4flow-v1_default.build//Users/zarathustra/Documents/Git/PX4/Flow-new/src/modules/flow/module.pre.o
                0x0000000008004454                get_boot_time_us
 .text.delay    0x0000000008004464       0x10 /Users/zarathustra/Documents/Git/PX4/Flow-new/Build/px4flow-v1_default.build//Users/zarathustra/Documents/Git/PX4/Flow-new/src/modules/flow/module.pre.o
                0x0000000008004464                delay
 .text.buffer_reset
                0x0000000008004474        0xc /Users/zarathustra/Documents/Git/PX4/Flow-new/Build/px4flow-v1_default.build//Users/zarathustra/Documents/Git/PX4/Flow-new/src/modules/flow/module.pre.o
                0x0000000008004474                buffer_reset
 .text.startup.main
                0x0000000008004480     0x1464 /Users/zarathustra/Documents/Git/PX4/Flow-new/Build/px4flow-v1_default.build//Users/zarathustra/Documents/Git/PX4/Flow-new/src/modules/flow/module.pre.o
                0x0000000008004480                main
 .text.flow_ftoa
                0x00000000080058e4      0x158 /Users/zarathustra/Documents/Git/PX4/Flow-new/Build/px4flow-v1_default.build//Users/zarathustra/Documents/Git/PX4/Flow-new/src/modules/flow/module.pre.o
                0x00000000080058e4                flow_ftoa
 .text.LEDInit  0x0000000008005a3c       0x4c /Users/zarathustra/Documents/Git/PX4/Flow-new/Build/px4flow-v1_default.build//Users/zarathustra/Documents/Git/PX4/Flow-new/src/modules/flow/module.pre.o
                0x0000000008005a3c                LEDInit
 .text.LEDOff   0x0000000008005a88       0x18 /Users/zarathustra/Documents/Git/PX4/Flow-new/Build/px4flow-v1_default.build//Users/zarathustra/Documents/Git/PX4/Flow-new/src/modules/flow/module.pre.o
                0x0000000008005a88                LEDOff
 .text.LEDToggle
                0x0000000008005aa0       0x18 /Users/zarathustra/Documents/Git/PX4/Flow-new/Build/px4flow-v1_default.build//Users/zarathustra/Documents/Git/PX4/Flow-new/src/modules/flow/module.pre.o
                0x0000000008005aa0                LEDToggle
 .text.global_data_reset_param_defaults
                0x0000000008005ab8      0x6d4 /Users/zarathustra/Documents/Git/PX4/Flow-new/Build/px4flow-v1_default.build//Users/zarathustra/Documents/Git/PX4/Flow-new/src/modules/flow/module.pre.o
                0x0000000008005ab8                global_data_reset_param_defaults
 .text.global_data_reset
                0x000000000800618c        0x4 /Users/zarathustra/Documents/Git/PX4/Flow-new/Build/px4flow-v1_default.build//Users/zarathustra/Documents/Git/PX4/Flow-new/src/modules/flow/module.pre.o
                0x000000000800618c                global_data_reset
 .text.set_sensor_position_settings
                0x0000000008006190       0x28 /Users/zarathustra/Documents/Git/PX4/Flow-new/Build/px4flow-v1_default.build//Users/zarathustra/Documents/Git/PX4/Flow-new/src/modules/flow/module.pre.o
                0x0000000008006190                set_sensor_position_settings
 .text.communication_init
                0x00000000080061b8       0x2c /Users/zarathustra/Documents/Git/PX4/Flow-new/Build/px4flow-v1_default.build//Users/zarathustra/Documents/Git/PX4/Flow-new/src/modules/flow/module.pre.o
                0x00000000080061b8                communication_init
 .text.communication_system_state_send
                0x00000000080061e4      0x418 /Users/zarathustra/Documents/Git/PX4/Flow-new/Build/px4flow-v1_default.build//Users/zarathustra/Documents/Git/PX4/Flow-new/src/modules/flow/module.pre.o
                0x00000000080061e4                communication_system_state_send
 .text.communication_parameter_send
                0x00000000080065fc      0x2d4 /Users/zarathustra/Documents/Git/PX4/Flow-new/Build/px4flow-v1_default.build//Users/zarathustra/Documents/Git/PX4/Flow-new/src/modules/flow/module.pre.o
                0x00000000080065fc                communication_parameter_send
 .text.communication_receive
                0x00000000080068d0     0x17fc /Users/zarathustra/Documents/Git/PX4/Flow-new/Build/px4flow-v1_default.build//Users/zarathustra/Documents/Git/PX4/Flow-new/src/modules/flow/module.pre.o
                0x00000000080068d0                communication_receive
 .text.communication_receive_forward
                0x00000000080080cc      0x288 /Users/zarathustra/Documents/Git/PX4/Flow-new/Build/px4flow-v1_default.build//Users/zarathustra/Documents/Git/PX4/Flow-new/src/modules/flow/module.pre.o
                0x00000000080080cc                communication_receive_forward
 .text.communication_receive_usb
                0x0000000008008354     0x1890 /Users/zarathustra/Documents/Git/PX4/Flow-new/Build/px4flow-v1_default.build//Users/zarathustra/Documents/Git/PX4/Flow-new/src/modules/flow/module.pre.o
                0x0000000008008354                communication_receive_usb
 .text.mavlink_send_uart_bytes
                0x0000000008009be4       0x38 /Users/zarathustra/Documents/Git/PX4/Flow-new/Build/px4flow-v1_default.build//Users/zarathustra/Documents/Git/PX4/Flow-new/src/modules/flow/module.pre.o
                0x0000000008009be4                mavlink_send_uart_bytes
 .text.mavlink_get_channel_status
                0x0000000008009c1c       0x10 /Users/zarathustra/Documents/Git/PX4/Flow-new/Build/px4flow-v1_default.build//Users/zarathustra/Documents/Git/PX4/Flow-new/src/modules/flow/module.pre.o
                0x0000000008009c1c                mavlink_get_channel_status
 .text.compute_flow
                0x0000000008009c2c      0xc40 /Users/zarathustra/Documents/Git/PX4/Flow-new/Build/px4flow-v1_default.build//Users/zarathustra/Documents/Git/PX4/Flow-new/src/modules/flow/module.pre.o
                0x0000000008009c2c                compute_flow
 .text.dcmi_restart_calibration_routine
                0x000000000800a86c       0x64 /Users/zarathustra/Documents/Git/PX4/Flow-new/Build/px4flow-v1_default.build//Users/zarathustra/Documents/Git/PX4/Flow-new/src/modules/flow/module.pre.o
                0x000000000800a86c                dcmi_restart_calibration_routine
 .text.DCMI_IRQHandler
                0x000000000800a8d0       0x18 /Users/zarathustra/Documents/Git/PX4/Flow-new/Build/px4flow-v1_default.build//Users/zarathustra/Documents/Git/PX4/Flow-new/src/modules/flow/module.pre.o
                0x000000000800a8d0                DCMI_IRQHandler
 .text.dma_swap_buffers
                0x000000000800a8e8       0xcc /Users/zarathustra/Documents/Git/PX4/Flow-new/Build/px4flow-v1_default.build//Users/zarathustra/Documents/Git/PX4/Flow-new/src/modules/flow/module.pre.o
                0x000000000800a8e8                dma_swap_buffers
 .text.DMA2_Stream1_IRQHandler
                0x000000000800a9b4       0xc8 /Users/zarathustra/Documents/Git/PX4/Flow-new/Build/px4flow-v1_default.build//Users/zarathustra/Documents/Git/PX4/Flow-new/src/modules/flow/module.pre.o
                0x000000000800a9b4                DMA2_Stream1_IRQHandler
 .text.get_time_between_images
                0x000000000800aa7c        0xc /Users/zarathustra/Documents/Git/PX4/Flow-new/Build/px4flow-v1_default.build//Users/zarathustra/Documents/Git/PX4/Flow-new/src/modules/flow/module.pre.o
                0x000000000800aa7c                get_time_between_images
 .text.get_frame_counter
                0x000000000800aa88        0xc /Users/zarathustra/Documents/Git/PX4/Flow-new/Build/px4flow-v1_default.build//Users/zarathustra/Documents/Git/PX4/Flow-new/src/modules/flow/module.pre.o
                0x000000000800aa88                get_frame_counter
 .text.dma_copy_image_buffers
                0x000000000800aa94       0xb0 /Users/zarathustra/Documents/Git/PX4/Flow-new/Build/px4flow-v1_default.build//Users/zarathustra/Documents/Git/PX4/Flow-new/src/modules/flow/module.pre.o
                0x000000000800aa94                dma_copy_image_buffers
 .text.send_calibration_image
                0x000000000800ab44      0x66c /Users/zarathustra/Documents/Git/PX4/Flow-new/Build/px4flow-v1_default.build//Users/zarathustra/Documents/Git/PX4/Flow-new/src/modules/flow/module.pre.o
                0x000000000800ab44                send_calibration_image
 .text.dcmi_clock_init
                0x000000000800b1b0       0xa4 /Users/zarathustra/Documents/Git/PX4/Flow-new/Build/px4flow-v1_default.build//Users/zarathustra/Documents/Git/PX4/Flow-new/src/modules/flow/module.pre.o
                0x000000000800b1b0                dcmi_clock_init
 .text.dcmi_hw_init
                0x000000000800b254      0x1e4 /Users/zarathustra/Documents/Git/PX4/Flow-new/Build/px4flow-v1_default.build//Users/zarathustra/Documents/Git/PX4/Flow-new/src/modules/flow/module.pre.o
                0x000000000800b254                dcmi_hw_init
 .text.dcmi_dma_init
                0x000000000800b438       0xc0 /Users/zarathustra/Documents/Git/PX4/Flow-new/Build/px4flow-v1_default.build//Users/zarathustra/Documents/Git/PX4/Flow-new/src/modules/flow/module.pre.o
                0x000000000800b438                dcmi_dma_init
 .text.enable_image_capture
                0x000000000800b4f8       0x84 /Users/zarathustra/Documents/Git/PX4/Flow-new/Build/px4flow-v1_default.build//Users/zarathustra/Documents/Git/PX4/Flow-new/src/modules/flow/module.pre.o
                0x000000000800b4f8                enable_image_capture
 .text.dma_reconfigure
                0x000000000800b57c       0xa0 /Users/zarathustra/Documents/Git/PX4/Flow-new/Build/px4flow-v1_default.build//Users/zarathustra/Documents/Git/PX4/Flow-new/src/modules/flow/module.pre.o
                0x000000000800b57c                dma_reconfigure
 .text.mt9v034_ReadReg.part.1
                0x000000000800b61c       0xb4 /Users/zarathustra/Documents/Git/PX4/Flow-new/Build/px4flow-v1_default.build//Users/zarathustra/Documents/Git/PX4/Flow-new/src/modules/flow/module.pre.o
 .text.mt9v034_WriteReg
                0x000000000800b6d0       0xa0 /Users/zarathustra/Documents/Git/PX4/Flow-new/Build/px4flow-v1_default.build//Users/zarathustra/Documents/Git/PX4/Flow-new/src/modules/flow/module.pre.o
                0x000000000800b6d0                mt9v034_WriteReg
 .text.mt9v034_set_context
                0x000000000800b770       0x2c /Users/zarathustra/Documents/Git/PX4/Flow-new/Build/px4flow-v1_default.build//Users/zarathustra/Documents/Git/PX4/Flow-new/src/modules/flow/module.pre.o
                0x000000000800b770                mt9v034_set_context
 .text.mt9v034_context_configuration
                0x000000000800b79c      0x500 /Users/zarathustra/Documents/Git/PX4/Flow-new/Build/px4flow-v1_default.build//Users/zarathustra/Documents/Git/PX4/Flow-new/src/modules/flow/module.pre.o
                0x000000000800b79c                mt9v034_context_configuration
 .text.gyro_read
                0x000000000800bc9c      0x290 /Users/zarathustra/Documents/Git/PX4/Flow-new/Build/px4flow-v1_default.build//Users/zarathustra/Documents/Git/PX4/Flow-new/src/modules/flow/module.pre.o
                0x000000000800bc9c                gyro_read
 .text.l3gd20_config
                0x000000000800bf2c      0x1ac /Users/zarathustra/Documents/Git/PX4/Flow-new/Build/px4flow-v1_default.build//Users/zarathustra/Documents/Git/PX4/Flow-new/src/modules/flow/module.pre.o
                0x000000000800bf2c                l3gd20_config
 .text.spi_config
                0x000000000800c0d8       0xf8 /Users/zarathustra/Documents/Git/PX4/Flow-new/Build/px4flow-v1_default.build//Users/zarathustra/Documents/Git/PX4/Flow-new/src/modules/flow/module.pre.o
                0x000000000800c0d8                spi_config
 .text.gyro_config
                0x000000000800c1d0      0x1b0 /Users/zarathustra/Documents/Git/PX4/Flow-new/Build/px4flow-v1_default.build//Users/zarathustra/Documents/Git/PX4/Flow-new/src/modules/flow/module.pre.o
                0x000000000800c1d0                gyro_config
 .text.getGyroRange
                0x000000000800c380        0xc /Users/zarathustra/Documents/Git/PX4/Flow-new/Build/px4flow-v1_default.build//Users/zarathustra/Documents/Git/PX4/Flow-new/src/modules/flow/module.pre.o
                0x000000000800c380                getGyroRange
 .text.getGyroScalingFactor
                0x000000000800c38c       0x20 /Users/zarathustra/Documents/Git/PX4/Flow-new/Build/px4flow-v1_default.build//Users/zarathustra/Documents/Git/PX4/Flow-new/src/modules/flow/module.pre.o
                0x000000000800c38c                getGyroScalingFactor
 .text.usart2_tx_ringbuffer_push
                0x000000000800c3ac       0xa8 /Users/zarathustra/Documents/Git/PX4/Flow-new/Build/px4flow-v1_default.build//Users/zarathustra/Documents/Git/PX4/Flow-new/src/modules/flow/module.pre.o
                0x000000000800c3ac                usart2_tx_ringbuffer_push
 .text.usart3_tx_ringbuffer_push
                0x000000000800c454       0xa8 /Users/zarathustra/Documents/Git/PX4/Flow-new/Build/px4flow-v1_default.build//Users/zarathustra/Documents/Git/PX4/Flow-new/src/modules/flow/module.pre.o
                0x000000000800c454                usart3_tx_ringbuffer_push
 .text.usart2_char_available
                0x000000000800c4fc       0x18 /Users/zarathustra/Documents/Git/PX4/Flow-new/Build/px4flow-v1_default.build//Users/zarathustra/Documents/Git/PX4/Flow-new/src/modules/flow/module.pre.o
                0x000000000800c4fc                usart2_char_available
 .text.usart3_char_available
                0x000000000800c514       0x18 /Users/zarathustra/Documents/Git/PX4/Flow-new/Build/px4flow-v1_default.build//Users/zarathustra/Documents/Git/PX4/Flow-new/src/modules/flow/module.pre.o
                0x000000000800c514                usart3_char_available
 .text.usart2_rx_ringbuffer_pop
                0x000000000800c52c       0x50 /Users/zarathustra/Documents/Git/PX4/Flow-new/Build/px4flow-v1_default.build//Users/zarathustra/Documents/Git/PX4/Flow-new/src/modules/flow/module.pre.o
                0x000000000800c52c                usart2_rx_ringbuffer_pop
 .text.usart3_rx_ringbuffer_pop
                0x000000000800c57c       0x50 /Users/zarathustra/Documents/Git/PX4/Flow-new/Build/px4flow-v1_default.build//Users/zarathustra/Documents/Git/PX4/Flow-new/src/modules/flow/module.pre.o
                0x000000000800c57c                usart3_rx_ringbuffer_pop
 .text.USART2_IRQHandler
                0x000000000800c5cc       0xcc /Users/zarathustra/Documents/Git/PX4/Flow-new/Build/px4flow-v1_default.build//Users/zarathustra/Documents/Git/PX4/Flow-new/src/modules/flow/module.pre.o
                0x000000000800c5cc                USART2_IRQHandler
 .text.USART3_IRQHandler
                0x000000000800c698       0xcc /Users/zarathustra/Documents/Git/PX4/Flow-new/Build/px4flow-v1_default.build//Users/zarathustra/Documents/Git/PX4/Flow-new/src/modules/flow/module.pre.o
                0x000000000800c698                USART3_IRQHandler
 .text.usart_init
                0x000000000800c764      0x15c /Users/zarathustra/Documents/Git/PX4/Flow-new/Build/px4flow-v1_default.build//Users/zarathustra/Documents/Git/PX4/Flow-new/src/modules/flow/module.pre.o
                0x000000000800c764                usart_init
 .text.sonar_trigger
                0x000000000800c8c0       0x10 /Users/zarathustra/Documents/Git/PX4/Flow-new/Build/px4flow-v1_default.build//Users/zarathustra/Documents/Git/PX4/Flow-new/src/modules/flow/module.pre.o
                0x000000000800c8c0                sonar_trigger
 .text.UART4_IRQHandler
                0x000000000800c8d0      0x158 /Users/zarathustra/Documents/Git/PX4/Flow-new/Build/px4flow-v1_default.build//Users/zarathustra/Documents/Git/PX4/Flow-new/src/modules/flow/module.pre.o
                0x000000000800c8d0                UART4_IRQHandler
 .text.sonar_read
                0x000000000800ca28       0xf0 /Users/zarathustra/Documents/Git/PX4/Flow-new/Build/px4flow-v1_default.build//Users/zarathustra/Documents/Git/PX4/Flow-new/src/modules/flow/module.pre.o
                0x000000000800ca28                sonar_read
 .text.sonar_config
                0x000000000800cb18       0xe0 /Users/zarathustra/Documents/Git/PX4/Flow-new/Build/px4flow-v1_default.build//Users/zarathustra/Documents/Git/PX4/Flow-new/src/modules/flow/module.pre.o
                0x000000000800cb18                sonar_config
 .text.get_sonar_measure_time
                0x000000000800cbf8        0xc /Users/zarathustra/Documents/Git/PX4/Flow-new/Build/px4flow-v1_default.build//Users/zarathustra/Documents/Git/PX4/Flow-new/src/modules/flow/module.pre.o
                0x000000000800cbf8                get_sonar_measure_time
 .text.debug_string_message_buffer
                0x000000000800cc04       0x5c /Users/zarathustra/Documents/Git/PX4/Flow-new/Build/px4flow-v1_default.build//Users/zarathustra/Documents/Git/PX4/Flow-new/src/modules/flow/module.pre.o
                0x000000000800cc04                debug_string_message_buffer
 .text.debug_int_message_buffer
                0x000000000800cc60       0x64 /Users/zarathustra/Documents/Git/PX4/Flow-new/Build/px4flow-v1_default.build//Users/zarathustra/Documents/Git/PX4/Flow-new/src/modules/flow/module.pre.o
                0x000000000800cc60                debug_int_message_buffer
 .text.debug_message_send_one
                0x000000000800ccc4      0x3dc /Users/zarathustra/Documents/Git/PX4/Flow-new/Build/px4flow-v1_default.build//Users/zarathustra/Documents/Git/PX4/Flow-new/src/modules/flow/module.pre.o
                0x000000000800ccc4                debug_message_send_one
 .text.USB_OTG_BSP_Init
                0x000000000800d0a0       0x9c /Users/zarathustra/Documents/Git/PX4/Flow-new/Build/px4flow-v1_default.build//Users/zarathustra/Documents/Git/PX4/Flow-new/src/modules/flow/module.pre.o
                0x000000000800d0a0                USB_OTG_BSP_Init
 .text.USB_OTG_BSP_EnableInterrupt
                0x000000000800d13c       0x30 /Users/zarathustra/Documents/Git/PX4/Flow-new/Build/px4flow-v1_default.build//Users/zarathustra/Documents/Git/PX4/Flow-new/src/modules/flow/module.pre.o
                0x000000000800d13c                USB_OTG_BSP_EnableInterrupt
 .text.USB_OTG_BSP_uDelay
                0x000000000800d16c       0x24 /Users/zarathustra/Documents/Git/PX4/Flow-new/Build/px4flow-v1_default.build//Users/zarathustra/Documents/Git/PX4/Flow-new/src/modules/flow/module.pre.o
                0x000000000800d16c                USB_OTG_BSP_uDelay
 .text.USB_OTG_BSP_mDelay
                0x000000000800d190       0x28 /Users/zarathustra/Documents/Git/PX4/Flow-new/Build/px4flow-v1_default.build//Users/zarathustra/Documents/Git/PX4/Flow-new/src/modules/flow/module.pre.o
                0x000000000800d190                USB_OTG_BSP_mDelay
 .text.VCP_DeInit
                0x000000000800d1b8        0x4 /Users/zarathustra/Documents/Git/PX4/Flow-new/Build/px4flow-v1_default.build//Users/zarathustra/Documents/Git/PX4/Flow-new/src/modules/flow/module.pre.o
 .text.VCP_DataTx
                0x000000000800d1bc       0x38 /Users/zarathustra/Documents/Git/PX4/Flow-new/Build/px4flow-v1_default.build//Users/zarathustra/Documents/Git/PX4/Flow-new/src/modules/flow/module.pre.o
 .text.VCP_DataRx
                0x000000000800d1f4       0x4c /Users/zarathustra/Documents/Git/PX4/Flow-new/Build/px4flow-v1_default.build//Users/zarathustra/Documents/Git/PX4/Flow-new/src/modules/flow/module.pre.o
 .text.VCP_Ctrl
                0x000000000800d240       0x2c /Users/zarathustra/Documents/Git/PX4/Flow-new/Build/px4flow-v1_default.build//Users/zarathustra/Documents/Git/PX4/Flow-new/src/modules/flow/module.pre.o
 .text.VCP_Init
                0x000000000800d26c        0x4 /Users/zarathustra/Documents/Git/PX4/Flow-new/Build/px4flow-v1_default.build//Users/zarathustra/Documents/Git/PX4/Flow-new/src/modules/flow/module.pre.o
 .text.VCP_put_char
                0x000000000800d270       0x24 /Users/zarathustra/Documents/Git/PX4/Flow-new/Build/px4flow-v1_default.build//Users/zarathustra/Documents/Git/PX4/Flow-new/src/modules/flow/module.pre.o
                0x000000000800d270                VCP_put_char
 .text.VCP_get_char
                0x000000000800d294       0x34 /Users/zarathustra/Documents/Git/PX4/Flow-new/Build/px4flow-v1_default.build//Users/zarathustra/Documents/Git/PX4/Flow-new/src/modules/flow/module.pre.o
                0x000000000800d294                VCP_get_char
 .text.USBD_USR_DeviceDescriptor
                0x000000000800d2c8        0xc /Users/zarathustra/Documents/Git/PX4/Flow-new/Build/px4flow-v1_default.build//Users/zarathustra/Documents/Git/PX4/Flow-new/src/modules/flow/module.pre.o
                0x000000000800d2c8                USBD_USR_DeviceDescriptor
 .text.USBD_USR_LangIDStrDescriptor
                0x000000000800d2d4        0xc /Users/zarathustra/Documents/Git/PX4/Flow-new/Build/px4flow-v1_default.build//Users/zarathustra/Documents/Git/PX4/Flow-new/src/modules/flow/module.pre.o
                0x000000000800d2d4                USBD_USR_LangIDStrDescriptor
 .text.USBD_USR_ManufacturerStrDescriptor
                0x000000000800d2e0       0x1c /Users/zarathustra/Documents/Git/PX4/Flow-new/Build/px4flow-v1_default.build//Users/zarathustra/Documents/Git/PX4/Flow-new/src/modules/flow/module.pre.o
                0x000000000800d2e0                USBD_USR_ManufacturerStrDescriptor
 .text.USBD_USR_ProductStrDescriptor
                0x000000000800d2fc       0x1c /Users/zarathustra/Documents/Git/PX4/Flow-new/Build/px4flow-v1_default.build//Users/zarathustra/Documents/Git/PX4/Flow-new/src/modules/flow/module.pre.o
                0x000000000800d2fc                USBD_USR_ProductStrDescriptor
 .text.USBD_USR_SerialStrDescriptor
                0x000000000800d318       0x1c /Users/zarathustra/Documents/Git/PX4/Flow-new/Build/px4flow-v1_default.build//Users/zarathustra/Documents/Git/PX4/Flow-new/src/modules/flow/module.pre.o
                0x000000000800d318                USBD_USR_SerialStrDescriptor
 .text.USBD_USR_ConfigStrDescriptor
                0x000000000800d334       0x1c /Users/zarathustra/Documents/Git/PX4/Flow-new/Build/px4flow-v1_default.build//Users/zarathustra/Documents/Git/PX4/Flow-new/src/modules/flow/module.pre.o
                0x000000000800d334                USBD_USR_ConfigStrDescriptor
 .text.USBD_USR_InterfaceStrDescriptor
                0x000000000800d350       0x1c /Users/zarathustra/Documents/Git/PX4/Flow-new/Build/px4flow-v1_default.build//Users/zarathustra/Documents/Git/PX4/Flow-new/src/modules/flow/module.pre.o
                0x000000000800d350                USBD_USR_InterfaceStrDescriptor
 .text.USBD_USR_DeviceReset
                0x000000000800d36c        0x4 /Users/zarathustra/Documents/Git/PX4/Flow-new/Build/px4flow-v1_default.build//Users/zarathustra/Documents/Git/PX4/Flow-new/src/modules/flow/module.pre.o
                0x000000000800d36c                USBD_USR_DeviceReset
 .text.USBD_USR_DeviceDisconnected
                0x000000000800d370        0x4 /Users/zarathustra/Documents/Git/PX4/Flow-new/Build/px4flow-v1_default.build//Users/zarathustra/Documents/Git/PX4/Flow-new/src/modules/flow/module.pre.o
                0x000000000800d370                USBD_USR_DeviceDisconnected
 .text.USBD_USR_DeviceConnected
                0x000000000800d374        0x4 /Users/zarathustra/Documents/Git/PX4/Flow-new/Build/px4flow-v1_default.build//Users/zarathustra/Documents/Git/PX4/Flow-new/src/modules/flow/module.pre.o
                0x000000000800d374                USBD_USR_DeviceConnected
 .text.USBD_USR_Init
                0x000000000800d378        0x4 /Users/zarathustra/Documents/Git/PX4/Flow-new/Build/px4flow-v1_default.build//Users/zarathustra/Documents/Git/PX4/Flow-new/src/modules/flow/module.pre.o
                0x000000000800d378                USBD_USR_Init
 .text.USBD_USR_DeviceConfigured
                0x000000000800d37c        0x4 /Users/zarathustra/Documents/Git/PX4/Flow-new/Build/px4flow-v1_default.build//Users/zarathustra/Documents/Git/PX4/Flow-new/src/modules/flow/module.pre.o
                0x000000000800d37c                USBD_USR_DeviceConfigured
 .text.USBD_USR_DeviceSuspended
                0x000000000800d380        0x4 /Users/zarathustra/Documents/Git/PX4/Flow-new/Build/px4flow-v1_default.build//Users/zarathustra/Documents/Git/PX4/Flow-new/src/modules/flow/module.pre.o
                0x000000000800d380                USBD_USR_DeviceSuspended
 .text.USBD_USR_DeviceResumed
                0x000000000800d384        0x4 /Users/zarathustra/Documents/Git/PX4/Flow-new/Build/px4flow-v1_default.build//Users/zarathustra/Documents/Git/PX4/Flow-new/src/modules/flow/module.pre.o
                0x000000000800d384                USBD_USR_DeviceResumed
 .text.i2c_init
                0x000000000800d388      0x180 /Users/zarathustra/Documents/Git/PX4/Flow-new/Build/px4flow-v1_default.build//Users/zarathustra/Documents/Git/PX4/Flow-new/src/modules/flow/module.pre.o
                0x000000000800d388                i2c_init
 .text.I2C1_EV_IRQHandler
                0x000000000800d508      0x140 /Users/zarathustra/Documents/Git/PX4/Flow-new/Build/px4flow-v1_default.build//Users/zarathustra/Documents/Git/PX4/Flow-new/src/modules/flow/module.pre.o
                0x000000000800d508                I2C1_EV_IRQHandler
 .text.I2C1_ER_IRQHandler
                0x000000000800d648       0x20 /Users/zarathustra/Documents/Git/PX4/Flow-new/Build/px4flow-v1_default.build//Users/zarathustra/Documents/Git/PX4/Flow-new/src/modules/flow/module.pre.o
                0x000000000800d648                I2C1_ER_IRQHandler
 .text.update_TX_buffer
                0x000000000800d668      0x3f4 /Users/zarathustra/Documents/Git/PX4/Flow-new/Build/px4flow-v1_default.build//Users/zarathustra/Documents/Git/PX4/Flow-new/src/modules/flow/module.pre.o
                0x000000000800d668                update_TX_buffer
 .text.up_systemreset
                0x000000000800da5c       0x1c /Users/zarathustra/Documents/Git/PX4/Flow-new/Build/px4flow-v1_default.build//Users/zarathustra/Documents/Git/PX4/Flow-new/src/modules/flow/module.pre.o
                0x000000000800da5c                up_systemreset
 .text.systemreset
                0x000000000800da78       0x24 /Users/zarathustra/Documents/Git/PX4/Flow-new/Build/px4flow-v1_default.build//Users/zarathustra/Documents/Git/PX4/Flow-new/src/modules/flow/module.pre.o
                0x000000000800da78                systemreset
 .text.NVIC_PriorityGroupConfig
                0x000000000800da9c       0x14 /Users/zarathustra/Documents/Git/PX4/Flow-new/Build/px4flow-v1_default.build//Users/zarathustra/Documents/Git/PX4/Flow-new/src/modules/flow/module.pre.o
                0x000000000800da9c                NVIC_PriorityGroupConfig
 .text.NVIC_Init
                0x000000000800dab0       0x70 /Users/zarathustra/Documents/Git/PX4/Flow-new/Build/px4flow-v1_default.build//Users/zarathustra/Documents/Git/PX4/Flow-new/src/modules/flow/module.pre.o
                0x000000000800dab0                NVIC_Init
 .text.RCC_GetClocksFreq
                0x000000000800db20       0x98 /Users/zarathustra/Documents/Git/PX4/Flow-new/Build/px4flow-v1_default.build//Users/zarathustra/Documents/Git/PX4/Flow-new/src/modules/flow/module.pre.o
                0x000000000800db20                RCC_GetClocksFreq
 .text.RCC_AHB1PeriphClockCmd
                0x000000000800dbb8       0x1c /Users/zarathustra/Documents/Git/PX4/Flow-new/Build/px4flow-v1_default.build//Users/zarathustra/Documents/Git/PX4/Flow-new/src/modules/flow/module.pre.o
                0x000000000800dbb8                RCC_AHB1PeriphClockCmd
 .text.RCC_AHB2PeriphClockCmd
                0x000000000800dbd4       0x1c /Users/zarathustra/Documents/Git/PX4/Flow-new/Build/px4flow-v1_default.build//Users/zarathustra/Documents/Git/PX4/Flow-new/src/modules/flow/module.pre.o
                0x000000000800dbd4                RCC_AHB2PeriphClockCmd
 .text.RCC_APB1PeriphClockCmd
                0x000000000800dbf0       0x1c /Users/zarathustra/Documents/Git/PX4/Flow-new/Build/px4flow-v1_default.build//Users/zarathustra/Documents/Git/PX4/Flow-new/src/modules/flow/module.pre.o
                0x000000000800dbf0                RCC_APB1PeriphClockCmd
 .text.RCC_APB2PeriphClockCmd
                0x000000000800dc0c       0x1c /Users/zarathustra/Documents/Git/PX4/Flow-new/Build/px4flow-v1_default.build//Users/zarathustra/Documents/Git/PX4/Flow-new/src/modules/flow/module.pre.o
                0x000000000800dc0c                RCC_APB2PeriphClockCmd
 .text.RCC_APB1PeriphResetCmd
                0x000000000800dc28       0x1c /Users/zarathustra/Documents/Git/PX4/Flow-new/Build/px4flow-v1_default.build//Users/zarathustra/Documents/Git/PX4/Flow-new/src/modules/flow/module.pre.o
                0x000000000800dc28                RCC_APB1PeriphResetCmd
 .text.DMA_DeInit
                0x000000000800dc44      0x130 /Users/zarathustra/Documents/Git/PX4/Flow-new/Build/px4flow-v1_default.build//Users/zarathustra/Documents/Git/PX4/Flow-new/src/modules/flow/module.pre.o
                0x000000000800dc44                DMA_DeInit
 .text.DMA_Init
                0x000000000800dd74       0x58 /Users/zarathustra/Documents/Git/PX4/Flow-new/Build/px4flow-v1_default.build//Users/zarathustra/Documents/Git/PX4/Flow-new/src/modules/flow/module.pre.o
                0x000000000800dd74                DMA_Init
 .text.DMA_Cmd  0x000000000800ddcc       0x14 /Users/zarathustra/Documents/Git/PX4/Flow-new/Build/px4flow-v1_default.build//Users/zarathustra/Documents/Git/PX4/Flow-new/src/modules/flow/module.pre.o
                0x000000000800ddcc                DMA_Cmd
 .text.DMA_DoubleBufferModeConfig
                0x000000000800dde0       0x18 /Users/zarathustra/Documents/Git/PX4/Flow-new/Build/px4flow-v1_default.build//Users/zarathustra/Documents/Git/PX4/Flow-new/src/modules/flow/module.pre.o
                0x000000000800dde0                DMA_DoubleBufferModeConfig
 .text.DMA_DoubleBufferModeCmd
                0x000000000800ddf8       0x14 /Users/zarathustra/Documents/Git/PX4/Flow-new/Build/px4flow-v1_default.build//Users/zarathustra/Documents/Git/PX4/Flow-new/src/modules/flow/module.pre.o
                0x000000000800ddf8                DMA_DoubleBufferModeCmd
 .text.DMA_MemoryTargetConfig
                0x000000000800de0c        0xc /Users/zarathustra/Documents/Git/PX4/Flow-new/Build/px4flow-v1_default.build//Users/zarathustra/Documents/Git/PX4/Flow-new/src/modules/flow/module.pre.o
                0x000000000800de0c                DMA_MemoryTargetConfig
 .text.DMA_GetCurrentMemoryTarget
                0x000000000800de18        0x8 /Users/zarathustra/Documents/Git/PX4/Flow-new/Build/px4flow-v1_default.build//Users/zarathustra/Documents/Git/PX4/Flow-new/src/modules/flow/module.pre.o
                0x000000000800de18                DMA_GetCurrentMemoryTarget
 .text.DMA_ITConfig
                0x000000000800de20       0x40 /Users/zarathustra/Documents/Git/PX4/Flow-new/Build/px4flow-v1_default.build//Users/zarathustra/Documents/Git/PX4/Flow-new/src/modules/flow/module.pre.o
                0x000000000800de20                DMA_ITConfig
 .text.DMA_GetITStatus
                0x000000000800de60       0x50 /Users/zarathustra/Documents/Git/PX4/Flow-new/Build/px4flow-v1_default.build//Users/zarathustra/Documents/Git/PX4/Flow-new/src/modules/flow/module.pre.o
                0x000000000800de60                DMA_GetITStatus
 .text.DMA_ClearITPendingBit
                0x000000000800deb0       0x34 /Users/zarathustra/Documents/Git/PX4/Flow-new/Build/px4flow-v1_default.build//Users/zarathustra/Documents/Git/PX4/Flow-new/src/modules/flow/module.pre.o
                0x000000000800deb0                DMA_ClearITPendingBit
 .text.DCMI_Init
                0x000000000800dee4       0x44 /Users/zarathustra/Documents/Git/PX4/Flow-new/Build/px4flow-v1_default.build//Users/zarathustra/Documents/Git/PX4/Flow-new/src/modules/flow/module.pre.o
                0x000000000800dee4                DCMI_Init
 .text.DCMI_Cmd
                0x000000000800df28       0x1c /Users/zarathustra/Documents/Git/PX4/Flow-new/Build/px4flow-v1_default.build//Users/zarathustra/Documents/Git/PX4/Flow-new/src/modules/flow/module.pre.o
                0x000000000800df28                DCMI_Cmd
 .text.DCMI_CaptureCmd
                0x000000000800df44       0x1c /Users/zarathustra/Documents/Git/PX4/Flow-new/Build/px4flow-v1_default.build//Users/zarathustra/Documents/Git/PX4/Flow-new/src/modules/flow/module.pre.o
                0x000000000800df44                DCMI_CaptureCmd
 .text.DCMI_GetITStatus
                0x000000000800df60       0x14 /Users/zarathustra/Documents/Git/PX4/Flow-new/Build/px4flow-v1_default.build//Users/zarathustra/Documents/Git/PX4/Flow-new/src/modules/flow/module.pre.o
                0x000000000800df60                DCMI_GetITStatus
 .text.DCMI_ClearITPendingBit
                0x000000000800df74        0xc /Users/zarathustra/Documents/Git/PX4/Flow-new/Build/px4flow-v1_default.build//Users/zarathustra/Documents/Git/PX4/Flow-new/src/modules/flow/module.pre.o
                0x000000000800df74                DCMI_ClearITPendingBit
 .text.I2C_DeInit
                0x000000000800df80       0x6c /Users/zarathustra/Documents/Git/PX4/Flow-new/Build/px4flow-v1_default.build//Users/zarathustra/Documents/Git/PX4/Flow-new/src/modules/flow/module.pre.o
                0x000000000800df80                I2C_DeInit
 .text.I2C_Init
                0x000000000800dfec       0xe4 /Users/zarathustra/Documents/Git/PX4/Flow-new/Build/px4flow-v1_default.build//Users/zarathustra/Documents/Git/PX4/Flow-new/src/modules/flow/module.pre.o
                0x000000000800dfec                I2C_Init
 .text.I2C_Cmd  0x000000000800e0d0       0x1c /Users/zarathustra/Documents/Git/PX4/Flow-new/Build/px4flow-v1_default.build//Users/zarathustra/Documents/Git/PX4/Flow-new/src/modules/flow/module.pre.o
                0x000000000800e0d0                I2C_Cmd
 .text.I2C_GenerateSTART
                0x000000000800e0ec       0x1c /Users/zarathustra/Documents/Git/PX4/Flow-new/Build/px4flow-v1_default.build//Users/zarathustra/Documents/Git/PX4/Flow-new/src/modules/flow/module.pre.o
                0x000000000800e0ec                I2C_GenerateSTART
 .text.I2C_GenerateSTOP
                0x000000000800e108       0x1c /Users/zarathustra/Documents/Git/PX4/Flow-new/Build/px4flow-v1_default.build//Users/zarathustra/Documents/Git/PX4/Flow-new/src/modules/flow/module.pre.o
                0x000000000800e108                I2C_GenerateSTOP
 .text.I2C_Send7bitAddress
                0x000000000800e124       0x18 /Users/zarathustra/Documents/Git/PX4/Flow-new/Build/px4flow-v1_default.build//Users/zarathustra/Documents/Git/PX4/Flow-new/src/modules/flow/module.pre.o
                0x000000000800e124                I2C_Send7bitAddress
 .text.I2C_AcknowledgeConfig
                0x000000000800e13c       0x1c /Users/zarathustra/Documents/Git/PX4/Flow-new/Build/px4flow-v1_default.build//Users/zarathustra/Documents/Git/PX4/Flow-new/src/modules/flow/module.pre.o
                0x000000000800e13c                I2C_AcknowledgeConfig
 .text.I2C_SoftwareResetCmd
                0x000000000800e158       0x1c /Users/zarathustra/Documents/Git/PX4/Flow-new/Build/px4flow-v1_default.build//Users/zarathustra/Documents/Git/PX4/Flow-new/src/modules/flow/module.pre.o
                0x000000000800e158                I2C_SoftwareResetCmd
 .text.I2C_StretchClockCmd
                0x000000000800e174       0x1c /Users/zarathustra/Documents/Git/PX4/Flow-new/Build/px4flow-v1_default.build//Users/zarathustra/Documents/Git/PX4/Flow-new/src/modules/flow/module.pre.o
                0x000000000800e174                I2C_StretchClockCmd
 .text.I2C_SendData
                0x000000000800e190        0x4 /Users/zarathustra/Documents/Git/PX4/Flow-new/Build/px4flow-v1_default.build//Users/zarathustra/Documents/Git/PX4/Flow-new/src/modules/flow/module.pre.o
                0x000000000800e190                I2C_SendData
 .text.I2C_ReceiveData
                0x000000000800e194        0x8 /Users/zarathustra/Documents/Git/PX4/Flow-new/Build/px4flow-v1_default.build//Users/zarathustra/Documents/Git/PX4/Flow-new/src/modules/flow/module.pre.o
                0x000000000800e194                I2C_ReceiveData
 .text.I2C_ReadRegister
                0x000000000800e19c       0x18 /Users/zarathustra/Documents/Git/PX4/Flow-new/Build/px4flow-v1_default.build//Users/zarathustra/Documents/Git/PX4/Flow-new/src/modules/flow/module.pre.o
                0x000000000800e19c                I2C_ReadRegister
 .text.I2C_ITConfig
                0x000000000800e1b4       0x14 /Users/zarathustra/Documents/Git/PX4/Flow-new/Build/px4flow-v1_default.build//Users/zarathustra/Documents/Git/PX4/Flow-new/src/modules/flow/module.pre.o
                0x000000000800e1b4                I2C_ITConfig
 .text.I2C_CheckEvent
                0x000000000800e1c8       0x1c /Users/zarathustra/Documents/Git/PX4/Flow-new/Build/px4flow-v1_default.build//Users/zarathustra/Documents/Git/PX4/Flow-new/src/modules/flow/module.pre.o
                0x000000000800e1c8                I2C_CheckEvent
 .text.I2C_GetLastEvent
                0x000000000800e1e4       0x10 /Users/zarathustra/Documents/Git/PX4/Flow-new/Build/px4flow-v1_default.build//Users/zarathustra/Documents/Git/PX4/Flow-new/src/modules/flow/module.pre.o
                0x000000000800e1e4                I2C_GetLastEvent
 .text.TIM_TimeBaseInit
                0x000000000800e1f4       0x9c /Users/zarathustra/Documents/Git/PX4/Flow-new/Build/px4flow-v1_default.build//Users/zarathustra/Documents/Git/PX4/Flow-new/src/modules/flow/module.pre.o
                0x000000000800e1f4                TIM_TimeBaseInit
 .text.TIM_ARRPreloadConfig
                0x000000000800e290       0x1c /Users/zarathustra/Documents/Git/PX4/Flow-new/Build/px4flow-v1_default.build//Users/zarathustra/Documents/Git/PX4/Flow-new/src/modules/flow/module.pre.o
                0x000000000800e290                TIM_ARRPreloadConfig
 .text.TIM_Cmd  0x000000000800e2ac       0x1c /Users/zarathustra/Documents/Git/PX4/Flow-new/Build/px4flow-v1_default.build//Users/zarathustra/Documents/Git/PX4/Flow-new/src/modules/flow/module.pre.o
                0x000000000800e2ac                TIM_Cmd
 .text.TIM_OC3Init
                0x000000000800e2c8       0x8c /Users/zarathustra/Documents/Git/PX4/Flow-new/Build/px4flow-v1_default.build//Users/zarathustra/Documents/Git/PX4/Flow-new/src/modules/flow/module.pre.o
                0x000000000800e2c8                TIM_OC3Init
 .text.TIM_OC3PreloadConfig
                0x000000000800e354       0x10 /Users/zarathustra/Documents/Git/PX4/Flow-new/Build/px4flow-v1_default.build//Users/zarathustra/Documents/Git/PX4/Flow-new/src/modules/flow/module.pre.o
                0x000000000800e354                TIM_OC3PreloadConfig
 .text.SPI_Init
                0x000000000800e364       0x40 /Users/zarathustra/Documents/Git/PX4/Flow-new/Build/px4flow-v1_default.build//Users/zarathustra/Documents/Git/PX4/Flow-new/src/modules/flow/module.pre.o
                0x000000000800e364                SPI_Init
 .text.SPI_Cmd  0x000000000800e3a4       0x1c /Users/zarathustra/Documents/Git/PX4/Flow-new/Build/px4flow-v1_default.build//Users/zarathustra/Documents/Git/PX4/Flow-new/src/modules/flow/module.pre.o
                0x000000000800e3a4                SPI_Cmd
 .text.SPI_I2S_ReceiveData
                0x000000000800e3c0        0x8 /Users/zarathustra/Documents/Git/PX4/Flow-new/Build/px4flow-v1_default.build//Users/zarathustra/Documents/Git/PX4/Flow-new/src/modules/flow/module.pre.o
                0x000000000800e3c0                SPI_I2S_ReceiveData
 .text.SPI_I2S_SendData
                0x000000000800e3c8        0x4 /Users/zarathustra/Documents/Git/PX4/Flow-new/Build/px4flow-v1_default.build//Users/zarathustra/Documents/Git/PX4/Flow-new/src/modules/flow/module.pre.o
                0x000000000800e3c8                SPI_I2S_SendData
 .text.SPI_I2S_GetFlagStatus
                0x000000000800e3cc        0xc /Users/zarathustra/Documents/Git/PX4/Flow-new/Build/px4flow-v1_default.build//Users/zarathustra/Documents/Git/PX4/Flow-new/src/modules/flow/module.pre.o
                0x000000000800e3cc                SPI_I2S_GetFlagStatus
 .text.USART_Init
                0x000000000800e3d8       0xc4 /Users/zarathustra/Documents/Git/PX4/Flow-new/Build/px4flow-v1_default.build//Users/zarathustra/Documents/Git/PX4/Flow-new/src/modules/flow/module.pre.o
                0x000000000800e3d8                USART_Init
 .text.USART_Cmd
                0x000000000800e49c       0x1c /Users/zarathustra/Documents/Git/PX4/Flow-new/Build/px4flow-v1_default.build//Users/zarathustra/Documents/Git/PX4/Flow-new/src/modules/flow/module.pre.o
                0x000000000800e49c                USART_Cmd
 .text.USART_SendData
                0x000000000800e4b8        0x8 /Users/zarathustra/Documents/Git/PX4/Flow-new/Build/px4flow-v1_default.build//Users/zarathustra/Documents/Git/PX4/Flow-new/src/modules/flow/module.pre.o
                0x000000000800e4b8                USART_SendData
 .text.USART_ReceiveData
                0x000000000800e4c0        0x8 /Users/zarathustra/Documents/Git/PX4/Flow-new/Build/px4flow-v1_default.build//Users/zarathustra/Documents/Git/PX4/Flow-new/src/modules/flow/module.pre.o
                0x000000000800e4c0                USART_ReceiveData
 .text.USART_ITConfig
                0x000000000800e4c8       0x3c /Users/zarathustra/Documents/Git/PX4/Flow-new/Build/px4flow-v1_default.build//Users/zarathustra/Documents/Git/PX4/Flow-new/src/modules/flow/module.pre.o
                0x000000000800e4c8                USART_ITConfig
 .text.USART_GetITStatus
                0x000000000800e504       0x4c /Users/zarathustra/Documents/Git/PX4/Flow-new/Build/px4flow-v1_default.build//Users/zarathustra/Documents/Git/PX4/Flow-new/src/modules/flow/module.pre.o
                0x000000000800e504                USART_GetITStatus
 .text.GPIO_Init
                0x000000000800e550       0xa8 /Users/zarathustra/Documents/Git/PX4/Flow-new/Build/px4flow-v1_default.build//Users/zarathustra/Documents/Git/PX4/Flow-new/src/modules/flow/module.pre.o
                0x000000000800e550                GPIO_Init
 .text.GPIO_ReadInputData
                0x000000000800e5f8        0x8 /Users/zarathustra/Documents/Git/PX4/Flow-new/Build/px4flow-v1_default.build//Users/zarathustra/Documents/Git/PX4/Flow-new/src/modules/flow/module.pre.o
                0x000000000800e5f8                GPIO_ReadInputData
 .text.GPIO_SetBits
                0x000000000800e600        0x4 /Users/zarathustra/Documents/Git/PX4/Flow-new/Build/px4flow-v1_default.build//Users/zarathustra/Documents/Git/PX4/Flow-new/src/modules/flow/module.pre.o
                0x000000000800e600                GPIO_SetBits
 .text.GPIO_ResetBits
                0x000000000800e604        0x4 /Users/zarathustra/Documents/Git/PX4/Flow-new/Build/px4flow-v1_default.build//Users/zarathustra/Documents/Git/PX4/Flow-new/src/modules/flow/module.pre.o
                0x000000000800e604                GPIO_ResetBits
 .text.GPIO_ToggleBits
                0x000000000800e608        0x8 /Users/zarathustra/Documents/Git/PX4/Flow-new/Build/px4flow-v1_default.build//Users/zarathustra/Documents/Git/PX4/Flow-new/src/modules/flow/module.pre.o
                0x000000000800e608                GPIO_ToggleBits
 .text.GPIO_PinAFConfig
                0x000000000800e610       0x2c /Users/zarathustra/Documents/Git/PX4/Flow-new/Build/px4flow-v1_default.build//Users/zarathustra/Documents/Git/PX4/Flow-new/src/modules/flow/module.pre.o
                0x000000000800e610                GPIO_PinAFConfig
 .text.USB_OTG_WritePacket
                0x000000000800e63c       0x28 /Users/zarathustra/Documents/Git/PX4/Flow-new/Build/px4flow-v1_default.build//Users/zarathustra/Documents/Git/PX4/Flow-new/src/modules/flow/module.pre.o
                0x000000000800e63c                USB_OTG_WritePacket
 .text.USB_OTG_ReadPacket
                0x000000000800e664       0x28 /Users/zarathustra/Documents/Git/PX4/Flow-new/Build/px4flow-v1_default.build//Users/zarathustra/Documents/Git/PX4/Flow-new/src/modules/flow/module.pre.o
                0x000000000800e664                USB_OTG_ReadPacket
 .text.USB_OTG_SelectCore
                0x000000000800e68c      0x344 /Users/zarathustra/Documents/Git/PX4/Flow-new/Build/px4flow-v1_default.build//Users/zarathustra/Documents/Git/PX4/Flow-new/src/modules/flow/module.pre.o
                0x000000000800e68c                USB_OTG_SelectCore
 .text.USB_OTG_CoreInit
                0x000000000800e9d0      0x13c /Users/zarathustra/Documents/Git/PX4/Flow-new/Build/px4flow-v1_default.build//Users/zarathustra/Documents/Git/PX4/Flow-new/src/modules/flow/module.pre.o
                0x000000000800e9d0                USB_OTG_CoreInit
 .text.USB_OTG_EnableGlobalInt
                0x000000000800eb0c       0x10 /Users/zarathustra/Documents/Git/PX4/Flow-new/Build/px4flow-v1_default.build//Users/zarathustra/Documents/Git/PX4/Flow-new/src/modules/flow/module.pre.o
                0x000000000800eb0c                USB_OTG_EnableGlobalInt
 .text.USB_OTG_DisableGlobalInt
                0x000000000800eb1c       0x10 /Users/zarathustra/Documents/Git/PX4/Flow-new/Build/px4flow-v1_default.build//Users/zarathustra/Documents/Git/PX4/Flow-new/src/modules/flow/module.pre.o
                0x000000000800eb1c                USB_OTG_DisableGlobalInt
 .text.USB_OTG_FlushTxFifo
                0x000000000800eb2c       0x48 /Users/zarathustra/Documents/Git/PX4/Flow-new/Build/px4flow-v1_default.build//Users/zarathustra/Documents/Git/PX4/Flow-new/src/modules/flow/module.pre.o
                0x000000000800eb2c                USB_OTG_FlushTxFifo
 .text.USB_OTG_SetCurrentMode
                0x000000000800eb74       0x2c /Users/zarathustra/Documents/Git/PX4/Flow-new/Build/px4flow-v1_default.build//Users/zarathustra/Documents/Git/PX4/Flow-new/src/modules/flow/module.pre.o
                0x000000000800eb74                USB_OTG_SetCurrentMode
 .text.USB_OTG_IsDeviceMode
                0x000000000800eba0       0x10 /Users/zarathustra/Documents/Git/PX4/Flow-new/Build/px4flow-v1_default.build//Users/zarathustra/Documents/Git/PX4/Flow-new/src/modules/flow/module.pre.o
                0x000000000800eba0                USB_OTG_IsDeviceMode
 .text.USB_OTG_ReadCoreItr
                0x000000000800ebb0        0xc /Users/zarathustra/Documents/Git/PX4/Flow-new/Build/px4flow-v1_default.build//Users/zarathustra/Documents/Git/PX4/Flow-new/src/modules/flow/module.pre.o
                0x000000000800ebb0                USB_OTG_ReadCoreItr
 .text.USB_OTG_CoreInitDev
                0x000000000800ebbc      0x534 /Users/zarathustra/Documents/Git/PX4/Flow-new/Build/px4flow-v1_default.build//Users/zarathustra/Documents/Git/PX4/Flow-new/src/modules/flow/module.pre.o
                0x000000000800ebbc                USB_OTG_CoreInitDev
 .text.USB_OTG_GetDeviceSpeed
                0x000000000800f0f0       0x20 /Users/zarathustra/Documents/Git/PX4/Flow-new/Build/px4flow-v1_default.build//Users/zarathustra/Documents/Git/PX4/Flow-new/src/modules/flow/module.pre.o
                0x000000000800f0f0                USB_OTG_GetDeviceSpeed
 .text.USB_OTG_EP0Activate
                0x000000000800f110       0x2c /Users/zarathustra/Documents/Git/PX4/Flow-new/Build/px4flow-v1_default.build//Users/zarathustra/Documents/Git/PX4/Flow-new/src/modules/flow/module.pre.o
                0x000000000800f110                USB_OTG_EP0Activate
 .text.USB_OTG_EPActivate
                0x000000000800f13c       0x5c /Users/zarathustra/Documents/Git/PX4/Flow-new/Build/px4flow-v1_default.build//Users/zarathustra/Documents/Git/PX4/Flow-new/src/modules/flow/module.pre.o
                0x000000000800f13c                USB_OTG_EPActivate
 .text.USB_OTG_EPDeactivate
                0x000000000800f198       0x44 /Users/zarathustra/Documents/Git/PX4/Flow-new/Build/px4flow-v1_default.build//Users/zarathustra/Documents/Git/PX4/Flow-new/src/modules/flow/module.pre.o
                0x000000000800f198                USB_OTG_EPDeactivate
 .text.USB_OTG_EPStartXfer
                0x000000000800f1dc      0x13c /Users/zarathustra/Documents/Git/PX4/Flow-new/Build/px4flow-v1_default.build//Users/zarathustra/Documents/Git/PX4/Flow-new/src/modules/flow/module.pre.o
                0x000000000800f1dc                USB_OTG_EPStartXfer
 .text.USB_OTG_EP0StartXfer
                0x000000000800f318      0x104 /Users/zarathustra/Documents/Git/PX4/Flow-new/Build/px4flow-v1_default.build//Users/zarathustra/Documents/Git/PX4/Flow-new/src/modules/flow/module.pre.o
                0x000000000800f318                USB_OTG_EP0StartXfer
 .text.USB_OTG_EPSetStall
                0x000000000800f41c       0x30 /Users/zarathustra/Documents/Git/PX4/Flow-new/Build/px4flow-v1_default.build//Users/zarathustra/Documents/Git/PX4/Flow-new/src/modules/flow/module.pre.o
                0x000000000800f41c                USB_OTG_EPSetStall
 .text.USB_OTG_EPClearStall
                0x000000000800f44c       0x2c /Users/zarathustra/Documents/Git/PX4/Flow-new/Build/px4flow-v1_default.build//Users/zarathustra/Documents/Git/PX4/Flow-new/src/modules/flow/module.pre.o
                0x000000000800f44c                USB_OTG_EPClearStall
 .text.USB_OTG_ReadDevAllOutEp_itr
                0x000000000800f478        0xc /Users/zarathustra/Documents/Git/PX4/Flow-new/Build/px4flow-v1_default.build//Users/zarathustra/Documents/Git/PX4/Flow-new/src/modules/flow/module.pre.o
                0x000000000800f478                USB_OTG_ReadDevAllOutEp_itr
 .text.USB_OTG_ReadDevOutEP_itr
                0x000000000800f484       0x10 /Users/zarathustra/Documents/Git/PX4/Flow-new/Build/px4flow-v1_default.build//Users/zarathustra/Documents/Git/PX4/Flow-new/src/modules/flow/module.pre.o
                0x000000000800f484                USB_OTG_ReadDevOutEP_itr
 .text.USB_OTG_ReadDevAllInEPItr
                0x000000000800f494        0xc /Users/zarathustra/Documents/Git/PX4/Flow-new/Build/px4flow-v1_default.build//Users/zarathustra/Documents/Git/PX4/Flow-new/src/modules/flow/module.pre.o
                0x000000000800f494                USB_OTG_ReadDevAllInEPItr
 .text.USB_OTG_EP0_OutStart
                0x000000000800f4a0       0x48 /Users/zarathustra/Documents/Git/PX4/Flow-new/Build/px4flow-v1_default.build//Users/zarathustra/Documents/Git/PX4/Flow-new/src/modules/flow/module.pre.o
                0x000000000800f4a0                USB_OTG_EP0_OutStart
 .text.USBD_OTG_ISR_Handler
                0x000000000800f4e8      0x5f4 /Users/zarathustra/Documents/Git/PX4/Flow-new/Build/px4flow-v1_default.build//Users/zarathustra/Documents/Git/PX4/Flow-new/src/modules/flow/module.pre.o
                0x000000000800f4e8                USBD_OTG_ISR_Handler
 .text.DCD_Init
                0x000000000800fadc      0x474 /Users/zarathustra/Documents/Git/PX4/Flow-new/Build/px4flow-v1_default.build//Users/zarathustra/Documents/Git/PX4/Flow-new/src/modules/flow/module.pre.o
                0x000000000800fadc                DCD_Init
 .text.DCD_EP_Open
                0x000000000800ff50       0x5c /Users/zarathustra/Documents/Git/PX4/Flow-new/Build/px4flow-v1_default.build//Users/zarathustra/Documents/Git/PX4/Flow-new/src/modules/flow/module.pre.o
                0x000000000800ff50                DCD_EP_Open
 .text.DCD_EP_Close
                0x000000000800ffac       0x38 /Users/zarathustra/Documents/Git/PX4/Flow-new/Build/px4flow-v1_default.build//Users/zarathustra/Documents/Git/PX4/Flow-new/src/modules/flow/module.pre.o
                0x000000000800ffac                DCD_EP_Close
 .text.DCD_EP_PrepareRx
                0x000000000800ffe4       0x48 /Users/zarathustra/Documents/Git/PX4/Flow-new/Build/px4flow-v1_default.build//Users/zarathustra/Documents/Git/PX4/Flow-new/src/modules/flow/module.pre.o
                0x000000000800ffe4                DCD_EP_PrepareRx
 .text.DCD_EP_Tx
                0x000000000801002c       0x44 /Users/zarathustra/Documents/Git/PX4/Flow-new/Build/px4flow-v1_default.build//Users/zarathustra/Documents/Git/PX4/Flow-new/src/modules/flow/module.pre.o
                0x000000000801002c                DCD_EP_Tx
 .text.DCD_EP_Stall
                0x0000000008010070       0x3c /Users/zarathustra/Documents/Git/PX4/Flow-new/Build/px4flow-v1_default.build//Users/zarathustra/Documents/Git/PX4/Flow-new/src/modules/flow/module.pre.o
                0x0000000008010070                DCD_EP_Stall
 .text.DCD_EP_ClrStall
                0x00000000080100ac       0x3c /Users/zarathustra/Documents/Git/PX4/Flow-new/Build/px4flow-v1_default.build//Users/zarathustra/Documents/Git/PX4/Flow-new/src/modules/flow/module.pre.o
                0x00000000080100ac                DCD_EP_ClrStall
 .text.DCD_EP_SetAddress
                0x00000000080100e8       0x10 /Users/zarathustra/Documents/Git/PX4/Flow-new/Build/px4flow-v1_default.build//Users/zarathustra/Documents/Git/PX4/Flow-new/src/modules/flow/module.pre.o
                0x00000000080100e8                DCD_EP_SetAddress
 .text.USBD_Resume
                0x00000000080100f8       0x18 /Users/zarathustra/Documents/Git/PX4/Flow-new/Build/px4flow-v1_default.build//Users/zarathustra/Documents/Git/PX4/Flow-new/src/modules/flow/module.pre.o
 .text.USBD_Suspend
                0x0000000008010110       0x1c /Users/zarathustra/Documents/Git/PX4/Flow-new/Build/px4flow-v1_default.build//Users/zarathustra/Documents/Git/PX4/Flow-new/src/modules/flow/module.pre.o
 .text.USBD_SOF
                0x000000000801012c       0x10 /Users/zarathustra/Documents/Git/PX4/Flow-new/Build/px4flow-v1_default.build//Users/zarathustra/Documents/Git/PX4/Flow-new/src/modules/flow/module.pre.o
 .text.USBD_IsoINIncomplete
                0x000000000801013c       0x10 /Users/zarathustra/Documents/Git/PX4/Flow-new/Build/px4flow-v1_default.build//Users/zarathustra/Documents/Git/PX4/Flow-new/src/modules/flow/module.pre.o
 .text.USBD_IsoOUTIncomplete
                0x000000000801014c       0x10 /Users/zarathustra/Documents/Git/PX4/Flow-new/Build/px4flow-v1_default.build//Users/zarathustra/Documents/Git/PX4/Flow-new/src/modules/flow/module.pre.o
 .text.USBD_DevConnected
                0x000000000801015c       0x18 /Users/zarathustra/Documents/Git/PX4/Flow-new/Build/px4flow-v1_default.build//Users/zarathustra/Documents/Git/PX4/Flow-new/src/modules/flow/module.pre.o
 .text.USBD_DevDisconnected
                0x0000000008010174       0x20 /Users/zarathustra/Documents/Git/PX4/Flow-new/Build/px4flow-v1_default.build//Users/zarathustra/Documents/Git/PX4/Flow-new/src/modules/flow/module.pre.o
 .text.USBD_Reset
                0x0000000008010194       0x30 /Users/zarathustra/Documents/Git/PX4/Flow-new/Build/px4flow-v1_default.build//Users/zarathustra/Documents/Git/PX4/Flow-new/src/modules/flow/module.pre.o
 .text.USBD_SetupStage
                0x00000000080101c4       0x58 /Users/zarathustra/Documents/Git/PX4/Flow-new/Build/px4flow-v1_default.build//Users/zarathustra/Documents/Git/PX4/Flow-new/src/modules/flow/module.pre.o
 .text.USBD_DataInStage
                0x000000000801021c       0xb8 /Users/zarathustra/Documents/Git/PX4/Flow-new/Build/px4flow-v1_default.build//Users/zarathustra/Documents/Git/PX4/Flow-new/src/modules/flow/module.pre.o
 .text.USBD_DataOutStage
                0x00000000080102d4       0x78 /Users/zarathustra/Documents/Git/PX4/Flow-new/Build/px4flow-v1_default.build//Users/zarathustra/Documents/Git/PX4/Flow-new/src/modules/flow/module.pre.o
 .text.USBD_Init
                0x000000000801034c       0x38 /Users/zarathustra/Documents/Git/PX4/Flow-new/Build/px4flow-v1_default.build//Users/zarathustra/Documents/Git/PX4/Flow-new/src/modules/flow/module.pre.o
                0x000000000801034c                USBD_Init
 .text.USBD_SetCfg
                0x0000000008010384       0x18 /Users/zarathustra/Documents/Git/PX4/Flow-new/Build/px4flow-v1_default.build//Users/zarathustra/Documents/Git/PX4/Flow-new/src/modules/flow/module.pre.o
                0x0000000008010384                USBD_SetCfg
 .text.USBD_ClrCfg
                0x000000000801039c       0x10 /Users/zarathustra/Documents/Git/PX4/Flow-new/Build/px4flow-v1_default.build//Users/zarathustra/Documents/Git/PX4/Flow-new/src/modules/flow/module.pre.o
                0x000000000801039c                USBD_ClrCfg
 .text.USBD_StdDevReq
                0x00000000080103ac      0x2e8 /Users/zarathustra/Documents/Git/PX4/Flow-new/Build/px4flow-v1_default.build//Users/zarathustra/Documents/Git/PX4/Flow-new/src/modules/flow/module.pre.o
                0x00000000080103ac                USBD_StdDevReq
 .text.USBD_StdItfReq
                0x0000000008010694       0x44 /Users/zarathustra/Documents/Git/PX4/Flow-new/Build/px4flow-v1_default.build//Users/zarathustra/Documents/Git/PX4/Flow-new/src/modules/flow/module.pre.o
                0x0000000008010694                USBD_StdItfReq
 .text.USBD_StdEPReq
                0x00000000080106d8       0xd4 /Users/zarathustra/Documents/Git/PX4/Flow-new/Build/px4flow-v1_default.build//Users/zarathustra/Documents/Git/PX4/Flow-new/src/modules/flow/module.pre.o
                0x00000000080106d8                USBD_StdEPReq
 .text.USBD_ParseSetupRequest
                0x00000000080107ac       0x44 /Users/zarathustra/Documents/Git/PX4/Flow-new/Build/px4flow-v1_default.build//Users/zarathustra/Documents/Git/PX4/Flow-new/src/modules/flow/module.pre.o
                0x00000000080107ac                USBD_ParseSetupRequest
 .text.USBD_CtlError
                0x00000000080107f0       0x1c /Users/zarathustra/Documents/Git/PX4/Flow-new/Build/px4flow-v1_default.build//Users/zarathustra/Documents/Git/PX4/Flow-new/src/modules/flow/module.pre.o
                0x00000000080107f0                USBD_CtlError
 .text.USBD_GetString
                0x000000000801080c       0x4c /Users/zarathustra/Documents/Git/PX4/Flow-new/Build/px4flow-v1_default.build//Users/zarathustra/Documents/Git/PX4/Flow-new/src/modules/flow/module.pre.o
                0x000000000801080c                USBD_GetString
 .text.USBD_CtlSendData
                0x0000000008010858       0x20 /Users/zarathustra/Documents/Git/PX4/Flow-new/Build/px4flow-v1_default.build//Users/zarathustra/Documents/Git/PX4/Flow-new/src/modules/flow/module.pre.o
                0x0000000008010858                USBD_CtlSendData
 .text.USBD_CtlContinueSendData
                0x0000000008010878       0x10 /Users/zarathustra/Documents/Git/PX4/Flow-new/Build/px4flow-v1_default.build//Users/zarathustra/Documents/Git/PX4/Flow-new/src/modules/flow/module.pre.o
                0x0000000008010878                USBD_CtlContinueSendData
 .text.USBD_CtlPrepareRx
                0x0000000008010888       0x20 /Users/zarathustra/Documents/Git/PX4/Flow-new/Build/px4flow-v1_default.build//Users/zarathustra/Documents/Git/PX4/Flow-new/src/modules/flow/module.pre.o
                0x0000000008010888                USBD_CtlPrepareRx
 .text.USBD_CtlContinueRx
                0x00000000080108a8       0x10 /Users/zarathustra/Documents/Git/PX4/Flow-new/Build/px4flow-v1_default.build//Users/zarathustra/Documents/Git/PX4/Flow-new/src/modules/flow/module.pre.o
                0x00000000080108a8                USBD_CtlContinueRx
 .text.USBD_CtlSendStatus
                0x00000000080108b8       0x20 /Users/zarathustra/Documents/Git/PX4/Flow-new/Build/px4flow-v1_default.build//Users/zarathustra/Documents/Git/PX4/Flow-new/src/modules/flow/module.pre.o
                0x00000000080108b8                USBD_CtlSendStatus
 .text.USBD_CtlReceiveStatus
                0x00000000080108d8       0x20 /Users/zarathustra/Documents/Git/PX4/Flow-new/Build/px4flow-v1_default.build//Users/zarathustra/Documents/Git/PX4/Flow-new/src/modules/flow/module.pre.o
                0x00000000080108d8                USBD_CtlReceiveStatus
 .text.usbd_cdc_EP0_RxReady
                0x00000000080108f8       0x30 /Users/zarathustra/Documents/Git/PX4/Flow-new/Build/px4flow-v1_default.build//Users/zarathustra/Documents/Git/PX4/Flow-new/src/modules/flow/module.pre.o
 .text.USBD_cdc_GetCfgDesc
                0x0000000008010928        0xc /Users/zarathustra/Documents/Git/PX4/Flow-new/Build/px4flow-v1_default.build//Users/zarathustra/Documents/Git/PX4/Flow-new/src/modules/flow/module.pre.o
 .text.usbd_cdc_SOF
                0x0000000008010934       0x94 /Users/zarathustra/Documents/Git/PX4/Flow-new/Build/px4flow-v1_default.build//Users/zarathustra/Documents/Git/PX4/Flow-new/src/modules/flow/module.pre.o
 .text.usbd_cdc_DataOut
                0x00000000080109c8       0x34 /Users/zarathustra/Documents/Git/PX4/Flow-new/Build/px4flow-v1_default.build//Users/zarathustra/Documents/Git/PX4/Flow-new/src/modules/flow/module.pre.o
 .text.usbd_cdc_Setup
                0x00000000080109fc       0xcc /Users/zarathustra/Documents/Git/PX4/Flow-new/Build/px4flow-v1_default.build//Users/zarathustra/Documents/Git/PX4/Flow-new/src/modules/flow/module.pre.o
 .text.usbd_cdc_DeInit
                0x0000000008010ac8       0x28 /Users/zarathustra/Documents/Git/PX4/Flow-new/Build/px4flow-v1_default.build//Users/zarathustra/Documents/Git/PX4/Flow-new/src/modules/flow/module.pre.o
 .text.usbd_cdc_Init
                0x0000000008010af0       0x54 /Users/zarathustra/Documents/Git/PX4/Flow-new/Build/px4flow-v1_default.build//Users/zarathustra/Documents/Git/PX4/Flow-new/src/modules/flow/module.pre.o
 .text.usbd_cdc_DataIn
                0x0000000008010b44       0x58 /Users/zarathustra/Documents/Git/PX4/Flow-new/Build/px4flow-v1_default.build//Users/zarathustra/Documents/Git/PX4/Flow-new/src/modules/flow/module.pre.o
 .text._init    0x0000000008010b9c        0x4 /Users/zarathustra/Documents/Git/PX4/Flow-new/Build/px4flow-v1_default.build//Users/zarathustra/Documents/Git/PX4/Flow-new/src/modules/libc/module.pre.o
                0x0000000008010b9c                _init
 .text.__libc_init_array
                0x0000000008010ba0       0x4c /Users/zarathustra/Documents/Git/PX4/Flow-new/Build/px4flow-v1_default.build//Users/zarathustra/Documents/Git/PX4/Flow-new/src/modules/libc/module.pre.o
                0x0000000008010ba0                __libc_init_array
 .text.memcpy   0x0000000008010bec       0x98 /Users/zarathustra/Documents/Git/PX4/Flow-new/Build/px4flow-v1_default.build//Users/zarathustra/Documents/Git/PX4/Flow-new/src/modules/libc/module.pre.o
                0x0000000008010bec                memcpy
 .text.memset   0x0000000008010c84       0x80 /Users/zarathustra/Documents/Git/PX4/Flow-new/Build/px4flow-v1_default.build//Users/zarathustra/Documents/Git/PX4/Flow-new/src/modules/libc/module.pre.o
                0x0000000008010c84                memset
 .text.strcpy   0x0000000008010d04       0x10 /Users/zarathustra/Documents/Git/PX4/Flow-new/Build/px4flow-v1_default.build//Users/zarathustra/Documents/Git/PX4/Flow-new/src/modules/libc/module.pre.o
                0x0000000008010d04                strcpy
 .text.strncpy  0x0000000008010d14       0x38 /Users/zarathustra/Documents/Git/PX4/Flow-new/Build/px4flow-v1_default.build//Users/zarathustra/Documents/Git/PX4/Flow-new/src/modules/libc/module.pre.o
                0x0000000008010d14                strncpy
 .text.strlen   0x0000000008010d4c       0x18 /Users/zarathustra/Documents/Git/PX4/Flow-new/Build/px4flow-v1_default.build//Users/zarathustra/Documents/Git/PX4/Flow-new/src/modules/libc/module.pre.o
                0x0000000008010d4c                strlen
 .text.strncat  0x0000000008010d64       0x30 /Users/zarathustra/Documents/Git/PX4/Flow-new/Build/px4flow-v1_default.build//Users/zarathustra/Documents/Git/PX4/Flow-new/src/modules/libc/module.pre.o
                0x0000000008010d64                strncat
 .text.lib_skipspace
                0x0000000008010d94       0x20 /Users/zarathustra/Documents/Git/PX4/Flow-new/Build/px4flow-v1_default.build//Users/zarathustra/Documents/Git/PX4/Flow-new/src/modules/libc/module.pre.o
                0x0000000008010d94                lib_skipspace
 .text.lib_isbasedigit
                0x0000000008010db4       0x50 /Users/zarathustra/Documents/Git/PX4/Flow-new/Build/px4flow-v1_default.build//Users/zarathustra/Documents/Git/PX4/Flow-new/src/modules/libc/module.pre.o
                0x0000000008010db4                lib_isbasedigit
 .text.strtol   0x0000000008010e04       0x44 /Users/zarathustra/Documents/Git/PX4/Flow-new/Build/px4flow-v1_default.build//Users/zarathustra/Documents/Git/PX4/Flow-new/src/modules/libc/module.pre.o
                0x0000000008010e04                strtol
 .text.strtoul  0x0000000008010e48       0x50 /Users/zarathustra/Documents/Git/PX4/Flow-new/Build/px4flow-v1_default.build//Users/zarathustra/Documents/Git/PX4/Flow-new/src/modules/libc/module.pre.o
                0x0000000008010e48                strtoul
 .text.lib_checkbase
                0x0000000008010e98       0x54 /Users/zarathustra/Documents/Git/PX4/Flow-new/Build/px4flow-v1_default.build//Users/zarathustra/Documents/Git/PX4/Flow-new/src/modules/libc/module.pre.o
                0x0000000008010e98                lib_checkbase
 *(.rodata)
 *(.rodata*)
 .rodata.str1.4
                0x0000000008010eec      0x354 /Users/zarathustra/Documents/Git/PX4/Flow-new/Build/px4flow-v1_default.build//Users/zarathustra/Documents/Git/PX4/Flow-new/src/modules/flow/module.pre.o
                                        0x352 (size before relaxing)
 .rodata.LED_GPIO_CLKS
                0x0000000008011240        0xc /Users/zarathustra/Documents/Git/PX4/Flow-new/Build/px4flow-v1_default.build//Users/zarathustra/Documents/Git/PX4/Flow-new/src/modules/flow/module.pre.o
                0x0000000008011240                LED_GPIO_CLKS
 .rodata.LED_GPIO_PINS
                0x000000000801124c        0x6 /Users/zarathustra/Documents/Git/PX4/Flow-new/Build/px4flow-v1_default.build//Users/zarathustra/Documents/Git/PX4/Flow-new/src/modules/flow/module.pre.o
                0x000000000801124c                LED_GPIO_PINS
 *fill*         0x0000000008011252        0x2 
 .rodata.mavlink_message_crcs.5809
                0x0000000008011254      0x100 /Users/zarathustra/Documents/Git/PX4/Flow-new/Build/px4flow-v1_default.build//Users/zarathustra/Documents/Git/PX4/Flow-new/src/modules/flow/module.pre.o
 .rodata.scaling_factors
                0x0000000008011354        0xc /Users/zarathustra/Documents/Git/PX4/Flow-new/Build/px4flow-v1_default.build//Users/zarathustra/Documents/Git/PX4/Flow-new/src/modules/flow/module.pre.o
 *(.glue_7)
 .glue_7        0x0000000008011360        0x0 linker stubs
 *(.glue_7t)
 .glue_7t       0x0000000008011360        0x0 linker stubs
 *(.eh_frame)
 *(.init)
 *(.fini)
                0x0000000008011360                . = ALIGN (0x4)
                0x0000000008011360                _etext = .
                0x0000000008011360                _exit = .

.vfp11_veneer   0x0000000008011360        0x0
 .vfp11_veneer  0x0000000008011360        0x0 linker stubs

.v4_bx          0x0000000008011360        0x0
 .v4_bx         0x0000000008011360        0x0 linker stubs

.iplt           0x0000000008011360        0x0
 .iplt          0x0000000008011360        0x0 /Users/zarathustra/Documents/Git/PX4/Flow-new/Build/px4flow-v1_default.build//Users/zarathustra/Documents/Git/PX4/Flow-new/Build/px4flow-v1_default.build/empty.c.o

.rel.dyn        0x0000000008011360        0x0
 .rel.iplt      0x0000000008011360        0x0 /Users/zarathustra/Documents/Git/PX4/Flow-new/Build/px4flow-v1_default.build//Users/zarathustra/Documents/Git/PX4/Flow-new/Build/px4flow-v1_default.build/empty.c.o

.ARM.extab
 *(.ARM.extab* .gnu.linkonce.armextab.*)

.ARM            0x0000000008011360        0x0
                0x0000000008011360                __exidx_start = .
 *(.ARM.exidx*)
                0x0000000008011360                __exidx_end = .

.preinit_array  0x0000000008011360        0x0
                0x0000000008011360                PROVIDE (__preinit_array_start, .)
 *(.preinit_array*)
                0x0000000008011360                PROVIDE (__preinit_array_end, .)

.init_array     0x0000000008011360        0x0
                0x0000000008011360                PROVIDE (__init_array_start, .)
 *(SORT(.init_array.*))
 *(.init_array*)
                0x0000000008011360                PROVIDE (__init_array_end, .)

.fini_array     0x0000000008011360        0x0
                0x0000000008011360                PROVIDE (__fini_array_start, .)
 *(.fini_array*)
 *(SORT(.fini_array.*))
                0x0000000008011360                PROVIDE (__fini_array_end, .)
                0x0000000008011360                _sidata = .

.data           0x0000000020000000     0x2150 load address 0x0000000008011360
                0x0000000020000000                . = ALIGN (0x4)
                0x0000000020000000                _sdata = .
 *(.data)
 *(.data*)
 .data.SystemCoreClock
                0x0000000020000000        0x4 /Users/zarathustra/Documents/Git/PX4/Flow-new/Build/px4flow-v1_default.build//Users/zarathustra/Documents/Git/PX4/Flow-new/src/modules/flow/module.pre.o
                0x0000000020000000                SystemCoreClock
 .data.send_system_state_now
                0x0000000020000004        0x1 /Users/zarathustra/Documents/Git/PX4/Flow-new/Build/px4flow-v1_default.build//Users/zarathustra/Documents/Git/PX4/Flow-new/src/modules/flow/module.pre.o
                0x0000000020000004                send_system_state_now
 .data.send_params_now
                0x0000000020000005        0x1 /Users/zarathustra/Documents/Git/PX4/Flow-new/Build/px4flow-v1_default.build//Users/zarathustra/Documents/Git/PX4/Flow-new/src/modules/flow/module.pre.o
                0x0000000020000005                send_params_now
 *fill*         0x0000000020000006        0x2 
 .data.timer_ms
                0x0000000020000008        0x4 /Users/zarathustra/Documents/Git/PX4/Flow-new/Build/px4flow-v1_default.build//Users/zarathustra/Documents/Git/PX4/Flow-new/src/modules/flow/module.pre.o
 .data.receive_now
                0x000000002000000c        0x1 /Users/zarathustra/Documents/Git/PX4/Flow-new/Build/px4flow-v1_default.build//Users/zarathustra/Documents/Git/PX4/Flow-new/src/modules/flow/module.pre.o
                0x000000002000000c                receive_now
 .data.send_image_now
                0x000000002000000d        0x1 /Users/zarathustra/Documents/Git/PX4/Flow-new/Build/px4flow-v1_default.build//Users/zarathustra/Documents/Git/PX4/Flow-new/src/modules/flow/module.pre.o
                0x000000002000000d                send_image_now
 .data.send_lpos_now
                0x000000002000000e        0x1 /Users/zarathustra/Documents/Git/PX4/Flow-new/Build/px4flow-v1_default.build//Users/zarathustra/Documents/Git/PX4/Flow-new/src/modules/flow/module.pre.o
                0x000000002000000e                send_lpos_now
 *fill*         0x000000002000000f        0x1 
 .data.LED_GPIO_PORTS
                0x0000000020000010        0xc /Users/zarathustra/Documents/Git/PX4/Flow-new/Build/px4flow-v1_default.build//Users/zarathustra/Documents/Git/PX4/Flow-new/src/modules/flow/module.pre.o
                0x0000000020000010                LED_GPIO_PORTS
 .data.m_parameter_i
                0x000000002000001c        0x4 /Users/zarathustra/Documents/Git/PX4/Flow-new/Build/px4flow-v1_default.build//Users/zarathustra/Documents/Git/PX4/Flow-new/src/modules/flow/module.pre.o
 .data.dcmi_image_buffer_memory0
                0x0000000020000020        0x1 /Users/zarathustra/Documents/Git/PX4/Flow-new/Build/px4flow-v1_default.build//Users/zarathustra/Documents/Git/PX4/Flow-new/src/modules/flow/module.pre.o
                0x0000000020000020                dcmi_image_buffer_memory0
 .data.dcmi_image_buffer_memory1
                0x0000000020000021        0x1 /Users/zarathustra/Documents/Git/PX4/Flow-new/Build/px4flow-v1_default.build//Users/zarathustra/Documents/Git/PX4/Flow-new/src/modules/flow/module.pre.o
                0x0000000020000021                dcmi_image_buffer_memory1
 .data.dcmi_image_buffer_unused
                0x0000000020000022        0x1 /Users/zarathustra/Documents/Git/PX4/Flow-new/Build/px4flow-v1_default.build//Users/zarathustra/Documents/Git/PX4/Flow-new/src/modules/flow/module.pre.o
                0x0000000020000022                dcmi_image_buffer_unused
 *fill*         0x0000000020000023        0x1 
 .data.usart2_tx_counter_write
                0x0000000020000024        0x4 /Users/zarathustra/Documents/Git/PX4/Flow-new/Build/px4flow-v1_default.build//Users/zarathustra/Documents/Git/PX4/Flow-new/src/modules/flow/module.pre.o
                0x0000000020000024                usart2_tx_counter_write
 .data.usart3_tx_counter_write
                0x0000000020000028        0x4 /Users/zarathustra/Documents/Git/PX4/Flow-new/Build/px4flow-v1_default.build//Users/zarathustra/Documents/Git/PX4/Flow-new/src/modules/flow/module.pre.o
                0x0000000020000028                usart3_tx_counter_write
 .data.usart2_tx_buffer
                0x000000002000002c     0x1000 /Users/zarathustra/Documents/Git/PX4/Flow-new/Build/px4flow-v1_default.build//Users/zarathustra/Documents/Git/PX4/Flow-new/src/modules/flow/module.pre.o
                0x000000002000002c                usart2_tx_buffer
 .data.usart3_tx_buffer
                0x000000002000102c     0x1000 /Users/zarathustra/Documents/Git/PX4/Flow-new/Build/px4flow-v1_default.build//Users/zarathustra/Documents/Git/PX4/Flow-new/src/modules/flow/module.pre.o
                0x000000002000102c                usart3_tx_buffer
 .data.VCP_fops
                0x000000002000202c       0x14 /Users/zarathustra/Documents/Git/PX4/Flow-new/Build/px4flow-v1_default.build//Users/zarathustra/Documents/Git/PX4/Flow-new/src/modules/flow/module.pre.o
                0x000000002000202c                VCP_fops
 .data.linecoding
                0x0000000020002040        0x8 /Users/zarathustra/Documents/Git/PX4/Flow-new/Build/px4flow-v1_default.build//Users/zarathustra/Documents/Git/PX4/Flow-new/src/modules/flow/module.pre.o
                0x0000000020002040                linecoding
 .data.USR_desc
                0x0000000020002048       0x1c /Users/zarathustra/Documents/Git/PX4/Flow-new/Build/px4flow-v1_default.build//Users/zarathustra/Documents/Git/PX4/Flow-new/src/modules/flow/module.pre.o
                0x0000000020002048                USR_desc
 .data.USBD_LangIDDesc
                0x0000000020002064        0x4 /Users/zarathustra/Documents/Git/PX4/Flow-new/Build/px4flow-v1_default.build//Users/zarathustra/Documents/Git/PX4/Flow-new/src/modules/flow/module.pre.o
                0x0000000020002064                USBD_LangIDDesc
 .data.USBD_DeviceDesc
                0x0000000020002068       0x12 /Users/zarathustra/Documents/Git/PX4/Flow-new/Build/px4flow-v1_default.build//Users/zarathustra/Documents/Git/PX4/Flow-new/src/modules/flow/module.pre.o
                0x0000000020002068                USBD_DeviceDesc
 *fill*         0x000000002000207a        0x2 
 .data.USR_cb   0x000000002000207c       0x1c /Users/zarathustra/Documents/Git/PX4/Flow-new/Build/px4flow-v1_default.build//Users/zarathustra/Documents/Git/PX4/Flow-new/src/modules/flow/module.pre.o
                0x000000002000207c                USR_cb
 .data.notpublishedIndexFrame2
                0x0000000020002098        0x1 /Users/zarathustra/Documents/Git/PX4/Flow-new/Build/px4flow-v1_default.build//Users/zarathustra/Documents/Git/PX4/Flow-new/src/modules/flow/module.pre.o
                0x0000000020002098                notpublishedIndexFrame2
 .data.notpublishedIndexFrame1
                0x0000000020002099        0x1 /Users/zarathustra/Documents/Git/PX4/Flow-new/Build/px4flow-v1_default.build//Users/zarathustra/Documents/Git/PX4/Flow-new/src/modules/flow/module.pre.o
                0x0000000020002099                notpublishedIndexFrame1
 .data.readout_done_frame1
                0x000000002000209a        0x1 /Users/zarathustra/Documents/Git/PX4/Flow-new/Build/px4flow-v1_default.build//Users/zarathustra/Documents/Git/PX4/Flow-new/src/modules/flow/module.pre.o
                0x000000002000209a                readout_done_frame1
 .data.readout_done_frame2
                0x000000002000209b        0x1 /Users/zarathustra/Documents/Git/PX4/Flow-new/Build/px4flow-v1_default.build//Users/zarathustra/Documents/Git/PX4/Flow-new/src/modules/flow/module.pre.o
                0x000000002000209b                readout_done_frame2
 .data.APBAHBPrescTable
                0x000000002000209c       0x10 /Users/zarathustra/Documents/Git/PX4/Flow-new/Build/px4flow-v1_default.build//Users/zarathustra/Documents/Git/PX4/Flow-new/src/modules/flow/module.pre.o
 .data.USBD_DCD_INT_fops
                0x00000000200020ac        0x4 /Users/zarathustra/Documents/Git/PX4/Flow-new/Build/px4flow-v1_default.build//Users/zarathustra/Documents/Git/PX4/Flow-new/src/modules/flow/module.pre.o
                0x00000000200020ac                USBD_DCD_INT_fops
 .data.USBD_DCD_INT_cb
                0x00000000200020b0       0x2c /Users/zarathustra/Documents/Git/PX4/Flow-new/Build/px4flow-v1_default.build//Users/zarathustra/Documents/Git/PX4/Flow-new/src/modules/flow/module.pre.o
                0x00000000200020b0                USBD_DCD_INT_cb
 .data.cdcCmd   0x00000000200020dc        0x4 /Users/zarathustra/Documents/Git/PX4/Flow-new/Build/px4flow-v1_default.build//Users/zarathustra/Documents/Git/PX4/Flow-new/src/modules/flow/module.pre.o
 .data.USBD_CDC_cb
                0x00000000200020e0       0x2c /Users/zarathustra/Documents/Git/PX4/Flow-new/Build/px4flow-v1_default.build//Users/zarathustra/Documents/Git/PX4/Flow-new/src/modules/flow/module.pre.o
                0x00000000200020e0                USBD_CDC_cb
 .data.usbd_cdc_CfgDesc
                0x000000002000210c       0x43 /Users/zarathustra/Documents/Git/PX4/Flow-new/Build/px4flow-v1_default.build//Users/zarathustra/Documents/Git/PX4/Flow-new/src/modules/flow/module.pre.o
                0x000000002000210c                usbd_cdc_CfgDesc
                0x0000000020002150                . = ALIGN (0x4)
 *fill*         0x000000002000214f        0x1 
                0x0000000020002150                _edata = .

.igot.plt       0x0000000020002150        0x0 load address 0x00000000080134b0
 .igot.plt      0x0000000020002150        0x0 /Users/zarathustra/Documents/Git/PX4/Flow-new/Build/px4flow-v1_default.build//Users/zarathustra/Documents/Git/PX4/Flow-new/Build/px4flow-v1_default.build/empty.c.o
                0x0000000020002150                . = ALIGN (0x4)

.bss            0x0000000020002150    0x1bb04 load address 0x00000000080134b0
                0x0000000020002150                _sbss = .
                0x0000000020002150                __bss_start__ = _sbss
 *(.bss)
 *(.bss*)
 .bss.boot_time10_us
                0x0000000020002150        0x4 /Users/zarathustra/Documents/Git/PX4/Flow-new/Build/px4flow-v1_default.build//Users/zarathustra/Documents/Git/PX4/Flow-new/src/modules/flow/module.pre.o
                0x0000000020002150                boot_time10_us
 .bss.accumulated_gyro_y.22305
                0x0000000020002154        0x4 /Users/zarathustra/Documents/Git/PX4/Flow-new/Build/px4flow-v1_default.build//Users/zarathustra/Documents/Git/PX4/Flow-new/src/modules/flow/module.pre.o
 .bss.accumulated_framecount.22307
                0x0000000020002158        0x2 /Users/zarathustra/Documents/Git/PX4/Flow-new/Build/px4flow-v1_default.build//Users/zarathustra/Documents/Git/PX4/Flow-new/src/modules/flow/module.pre.o
 *fill*         0x000000002000215a        0x2 
 .bss.lpos      0x000000002000215c       0x18 /Users/zarathustra/Documents/Git/PX4/Flow-new/Build/px4flow-v1_default.build//Users/zarathustra/Documents/Git/PX4/Flow-new/src/modules/flow/module.pre.o
 .bss.boot_time_ms
                0x0000000020002174        0x4 /Users/zarathustra/Documents/Git/PX4/Flow-new/Build/px4flow-v1_default.build//Users/zarathustra/Documents/Git/PX4/Flow-new/src/modules/flow/module.pre.o
                0x0000000020002174                boot_time_ms
 .bss.buffer_reset_needed
                0x0000000020002178        0x1 /Users/zarathustra/Documents/Git/PX4/Flow-new/Build/px4flow-v1_default.build//Users/zarathustra/Documents/Git/PX4/Flow-new/src/modules/flow/module.pre.o
                0x0000000020002178                buffer_reset_needed
 *fill*         0x0000000020002179        0x1 
 .bss.accumulated_quality.22308
                0x000000002000217a        0x2 /Users/zarathustra/Documents/Git/PX4/Flow-new/Build/px4flow-v1_default.build//Users/zarathustra/Documents/Git/PX4/Flow-new/src/modules/flow/module.pre.o
 .bss.accumulated_flow_x.22302
                0x000000002000217c        0x4 /Users/zarathustra/Documents/Git/PX4/Flow-new/Build/px4flow-v1_default.build//Users/zarathustra/Documents/Git/PX4/Flow-new/src/modules/flow/module.pre.o
 .bss.integration_timespan.22309
                0x0000000020002180        0x4 /Users/zarathustra/Documents/Git/PX4/Flow-new/Build/px4flow-v1_default.build//Users/zarathustra/Documents/Git/PX4/Flow-new/src/modules/flow/module.pre.o
 .bss.accumulated_gyro_z.22306
                0x0000000020002184        0x4 /Users/zarathustra/Documents/Git/PX4/Flow-new/Build/px4flow-v1_default.build//Users/zarathustra/Documents/Git/PX4/Flow-new/src/modules/flow/module.pre.o
 .bss.timer     0x0000000020002188       0x24 /Users/zarathustra/Documents/Git/PX4/Flow-new/Build/px4flow-v1_default.build//Users/zarathustra/Documents/Git/PX4/Flow-new/src/modules/flow/module.pre.o
 .bss.USB_OTG_dev
                0x00000000200021ac      0x5f4 /Users/zarathustra/Documents/Git/PX4/Flow-new/Build/px4flow-v1_default.build//Users/zarathustra/Documents/Git/PX4/Flow-new/src/modules/flow/module.pre.o
                0x00000000200021ac                USB_OTG_dev
 .bss.lasttime.22310
                0x00000000200027a0        0x4 /Users/zarathustra/Documents/Git/PX4/Flow-new/Build/px4flow-v1_default.build//Users/zarathustra/Documents/Git/PX4/Flow-new/src/modules/flow/module.pre.o
 .bss.accumulated_gyro_x.22304
                0x00000000200027a4        0x4 /Users/zarathustra/Documents/Git/PX4/Flow-new/Build/px4flow-v1_default.build//Users/zarathustra/Documents/Git/PX4/Flow-new/src/modules/flow/module.pre.o
 .bss.accumulated_flow_y.22303
                0x00000000200027a8        0x4 /Users/zarathustra/Documents/Git/PX4/Flow-new/Build/px4flow-v1_default.build//Users/zarathustra/Documents/Git/PX4/Flow-new/src/modules/flow/module.pre.o
 .bss.outbuf.5108
                0x00000000200027ac        0xf /Users/zarathustra/Documents/Git/PX4/Flow-new/Build/px4flow-v1_default.build//Users/zarathustra/Documents/Git/PX4/Flow-new/src/modules/flow/module.pre.o
 *fill*         0x00000000200027bb        0x1 
 .bss.global_data
                0x00000000200027bc      0x3ac /Users/zarathustra/Documents/Git/PX4/Flow-new/Build/px4flow-v1_default.build//Users/zarathustra/Documents/Git/PX4/Flow-new/src/modules/flow/module.pre.o
                0x00000000200027bc                global_data
 .bss.m_mavlink_buffer.17459
                0x0000000020002b68      0x440 /Users/zarathustra/Documents/Git/PX4/Flow-new/Build/px4flow-v1_default.build//Users/zarathustra/Documents/Git/PX4/Flow-new/src/modules/flow/module.pre.o
 .bss.mavlink_system
                0x0000000020002fa8        0x9 /Users/zarathustra/Documents/Git/PX4/Flow-new/Build/px4flow-v1_default.build//Users/zarathustra/Documents/Git/PX4/Flow-new/src/modules/flow/module.pre.o
                0x0000000020002fa8                mavlink_system
 *fill*         0x0000000020002fb1        0x3 
 .bss.m_mavlink_status.17455
                0x0000000020002fb4       0x30 /Users/zarathustra/Documents/Git/PX4/Flow-new/Build/px4flow-v1_default.build//Users/zarathustra/Documents/Git/PX4/Flow-new/src/modules/flow/module.pre.o
 .bss.image_counter
                0x0000000020002fe4        0x1 /Users/zarathustra/Documents/Git/PX4/Flow-new/Build/px4flow-v1_default.build//Users/zarathustra/Documents/Git/PX4/Flow-new/src/modules/flow/module.pre.o
                0x0000000020002fe4                image_counter
 *fill*         0x0000000020002fe5        0x3 
 .bss.frame_counter